--------- beginning of main
08-21 10:49:18.388  1284  2367 E LocSvc_ApiV02: I/<--- void globalEventCb(locClientHandleType, uint32_t, const locClientEventIndUnionType, void *) line 114 QMI_LOC_EVENT_POSITION_REPORT_IND_V02
08-21 10:49:18.389  1284  3308 E LocSvc_libulp: I/int ulp_brain_process_gnss_position_report(enum loc_sess_status, LocPosTechMask, UlpLocation *, const GpsLocationExtended *, const void *), transition provider returned = 0
08-21 10:49:18.389  1284  3308 E LocSvc_libulp: I/int ulp_brain_process_gnss_position_report(enum loc_sess_status, LocPosTechMask, UlpLocation *, const GpsLocationExtended *, const void *), report GNSS position/status to hybrid fix requests = 0
08-21 10:49:18.390  1284  3308 E LocSvc_libulp: I/int ulp_brain_process_monitor_request(), gnss provider state = 5, quipc provider state = 0
08-21 10:49:18.897  1284  1864 E HwCHRWebMonitor: WebMonitor [mNetWorkIsSuck=0 mUIDIsSuck=]  WebSpeed [WEBSENDSEGS=16  WEBRESENDSEGS=0  WEBRECVSEGS=0  WEBERRSEGS=0  WEBOUTRSTS=0  WEBESTABLISRST=0  WEBRTTDURATION=24  WEBRTTSEGS=15  WEBSRTT=0  WEBSNDDUPACKS=0  SENDSEGS=0  RESENDSEGS=0  RECVSEGS=0  ERRSEGS=0  OUTRSTS=0  ESTABLISRST=0  RTTDURATION=0  RTTSEGS=0  SNDDUPACKS=0  suckTimes=0 recovage_times=0]
08-21 10:49:18.897  1284  1864 E HwCHRWifiRSSIGroupSummery: updateTcpSummery mRSSI:-58  HwCHRWifiRSSIGroup [rssi_index=4, rtt_tcp_packets=21982, rtt_tcp_duration=35430, rtt_lan_duration=19871, rtt_lan_failures=0, rtt_lan_succ=802, rtt_lan_max=600, rtt_lan_min=3,same_area_frequency=0,adjacent_area_frequency=0]
08-21 10:49:18.901  1284  1864 E HwCHRWebMonitor: HwCHRWifiPacketCnt [mTXGood=0, mTXbad=0, mRXGood=32] rssi=-58
08-21 10:49:18.901  1284  1864 E HwCHRWebMonitor: Good NetWork Traffic , so mOnAppSuckTime, mUnModifyCount reset 0
08-21 10:49:19.384  1284  2367 E LocSvc_ApiV02: I/<--- void globalEventCb(locClientHandleType, uint32_t, const locClientEventIndUnionType, void *) line 114 QMI_LOC_EVENT_GNSS_SV_INFO_IND_V02
08-21 10:49:19.384  1284  3308 E LocSvc_libulp: I/int ulp_brain_process_gnss_sv_report(const GnssSvStatus *), gnss sv report cnt = 236944, gnss pos report cnt = 1393,strong sv cnt = 0
08-21 10:49:19.384  1284  2343 E LocSvc_eng: E/Calling gnss_sv_status_cb
08-21 10:49:19.391  1284  2367 E LocSvc_ApiV02: I/<--- void globalEventCb(locClientHandleType, uint32_t, const locClientEventIndUnionType, void *) line 114 QMI_LOC_EVENT_POSITION_REPORT_IND_V02
08-21 10:49:19.391  1284  3308 E LocSvc_libulp: I/int ulp_brain_process_gnss_position_report(enum loc_sess_status, LocPosTechMask, UlpLocation *, const GpsLocationExtended *, const void *), transition provider returned = 0
08-21 10:49:19.391  1284  3308 E LocSvc_libulp: I/int ulp_brain_process_gnss_position_report(enum loc_sess_status, LocPosTechMask, UlpLocation *, const GpsLocationExtended *, const void *), report GNSS position/status to hybrid fix requests = 0
08-21 10:49:20.384  1284  2367 E LocSvc_ApiV02: I/<--- void globalEventCb(locClientHandleType, uint32_t, const locClientEventIndUnionType, void *) line 114 QMI_LOC_EVENT_GNSS_SV_INFO_IND_V02
08-21 10:49:20.384  1284  3308 E LocSvc_libulp: I/int ulp_brain_process_gnss_sv_report(const GnssSvStatus *), gnss sv report cnt = 236945, gnss pos report cnt = 1393,strong sv cnt = 0
08-21 10:49:20.384  1284  2343 E LocSvc_eng: E/Calling gnss_sv_status_cb
08-21 10:49:20.388  1284  2367 E LocSvc_ApiV02: I/<--- void globalEventCb(locClientHandleType, uint32_t, const locClientEventIndUnionType, void *) line 114 QMI_LOC_EVENT_POSITION_REPORT_IND_V02
08-21 10:49:20.389  1284  3308 E LocSvc_libulp: I/int ulp_brain_process_gnss_position_report(enum loc_sess_status, LocPosTechMask, UlpLocation *, const GpsLocationExtended *, const void *), transition provider returned = 0
08-21 10:49:20.389  1284  3308 E LocSvc_libulp: I/int ulp_brain_process_gnss_position_report(enum loc_sess_status, LocPosTechMask, UlpLocation *, const GpsLocationExtended *, const void *), report GNSS position/status to hybrid fix requests = 0
08-21 10:49:20.998   594   594 I cnss-daemon: RTM_NEWROUTE Indication
08-21 10:49:20.998   594   594 E cnss-daemon: gateway mac address: %02x:%02x:%02x:%02x:%02x:%02x
08-21 10:49:20.998   594   594 E cnss-daemon: : 00:00:00:00:00:00
08-21 10:49:20.998   594   594 E cnss-daemon: Invalid mac address: 0x55716e4110M
08-21 10:49:21.383  1284  2367 E LocSvc_ApiV02: I/<--- void globalEventCb(locClientHandleType, uint32_t, const locClientEventIndUnionType, void *) line 114 QMI_LOC_EVENT_GNSS_SV_INFO_IND_V02
08-21 10:49:21.383  1284  3308 E LocSvc_libulp: I/int ulp_brain_process_gnss_sv_report(const GnssSvStatus *), gnss sv report cnt = 236946, gnss pos report cnt = 1393,strong sv cnt = 0
08-21 10:49:21.383  1284  2343 E LocSvc_eng: E/Calling gnss_sv_status_cb
08-21 10:49:21.387  1284  2367 E LocSvc_ApiV02: I/<--- void globalEventCb(locClientHandleType, uint32_t, const locClientEventIndUnionType, void *) line 114 QMI_LOC_EVENT_POSITION_REPORT_IND_V02
08-21 10:49:21.388  1284  3308 E LocSvc_libulp: I/int ulp_brain_process_gnss_position_report(enum loc_sess_status, LocPosTechMask, UlpLocation *, const GpsLocationExtended *, const void *), transition provider returned = 0
08-21 10:49:21.388  1284  3308 E LocSvc_libulp: I/int ulp_brain_process_gnss_position_report(enum loc_sess_status, LocPosTechMask, UlpLocation *, const GpsLocationExtended *, const void *), report GNSS position/status to hybrid fix requests = 0
08-21 10:49:21.390  1284  3308 E LocSvc_libulp: I/int ulp_brain_process_monitor_request(), gnss provider state = 5, quipc provider state = 0
08-21 10:49:21.461  1284  1799 W AlarmManager: mIsScreenOn is: false, WAKEUP alarm trigger action = com.google.android.location.ALARM_WAKEUP_LOCATOR package name is: com.google.android.gms
08-21 10:49:21.475  1284  1830 E WifiScanningService: Got invalid work source request: WorkSource{} from ClientInfo[uid=10015]
08-21 10:49:21.492  2310 32155 W PhoneInterfaceManager: shouldBlockLocation running ...
08-21 10:49:21.493  2310 32155 I PhoneInterfaceManager: shouldBlockLocation  ret:false
08-21 10:49:22.045  1284  2311 I SendBroadcastPermission: action:android.intent.action.SIG_STR, mPermissionType:0
08-21 10:49:22.047  1894  1949 I HwMobileSignalController: subId:0 phoneType:1 networktype:2 targetClass:1 masterLevel:5 slaveLevel:-1
08-21 10:49:22.054  1284  2215 I LocationManagerService: incoming location: Location[network 56******,47****** acc=15 et=+4d2h40m43s932ms alt=101.19999694824219]
08-21 10:49:22.054  2783 23835 I NCCHR_NcLogCollectServiceImpl: getUserType = 6
08-21 10:49:22.058  1284  2215 I LocationManagerService: incoming location: Location[network 56******,47****** acc=15 et=+4d2h40m43s932ms alt=101.19999694824219]
08-21 10:49:22.059  2783  2795 I NCCHR_NcLogCollectServiceImpl: getUserType = 6
08-21 10:49:22.062  1284  2215 E LocSvc_flp: I/===> int flp_inject_location(FlpLocation *) line 281 
08-21 10:49:22.062  1284  2215 E         : I/===> int FlpLocationClient::flp_inject_location(FlpExtLocation *) line 285 
08-21 10:49:22.063  1284  2343 E LocSvc_api_v02: I/---> locClientSendReq line 2069 QMI_LOC_INJECT_POSITION_REQ_V02
08-21 10:49:22.064  1284  2344 E QMI_FW  : QCCI qmi_cci_xport_recv: txn not found. svc_id: 16
08-21 10:49:22.064  1284  2343 E LocSvc_IzatApiV02: E/virtual int izat_core::IzatApiV02::injectLocation(FlpExtLocation):2154]: error! inject position failed
08-21 10:49:22.065  1284  2343 E LocSvc_api_v02: I/---> locClientSendReq line 2069 QMI_LOC_INJECT_POSITION_REQ_V02
08-21 10:49:22.065  1284  2215 E LocSvc_eng: I/===> int loc_eng_inject_location(loc_eng_data_s_type &, double, double, float) line 2162 
08-21 10:49:22.065  1284  3308 E LocSvc_libulp: I/int ulp_brain_process_gnp_position_report(UlpLocation *), first_fix_pending 0, request active = 0,gnss running 1, gnss state 5 quipc running 0 quipc state 0
08-21 10:49:22.065  1284  3308 E LocSvc_libulp: I/int ulp_brain_process_gnp_position_report(UlpLocation *), report GNP position to hybrid fix requests = 1
08-21 10:49:22.065  1284  3308 E LocSvc_libulp: I/int ulp_brain_transition_all_providers(), before transition, 
08-21 10:49:22.065  1284  3308 E LocSvc_libulp:  GNSS provider state = 5,  GNSS selected to run = 1,  GNSS onoff_cnt = -5, GNSS high speed flag = 0 
08-21 10:49:22.065  1284  3308 E LocSvc_libulp:  QUIPC provider state = 0, QUIPC selected to run = 1, QUIPC onoff_cnt = 5, 
08-21 10:49:22.065  1284  3308 E LocSvc_libulp:  GNP provider state = 1,   GNP selected to run = 1,   GNP onoff_cnt = 1, 
08-21 10:49:22.065  1284  3308 E LocSvc_libulp: I/int ulp_brain_transition_all_providers(), after transition, 
08-21 10:49:22.065  1284  3308 E LocSvc_libulp:  GNSS provider state = 5,  GNSS selected to run = 1,  GNSS onoff_cnt = -5, GNSS high speed flag = 0 
08-21 10:49:22.065  1284  3308 E LocSvc_libulp:  QUIPC provider state = 0, QUIPC selected to run = 1, QUIPC onoff_cnt = 5, 
08-21 10:49:22.065  1284  3308 E LocSvc_libulp:  GNP provider state = 1,   GNP selected to run = 1,   GNP onoff_cnt = 1 
08-21 10:49:22.065  1284  3308 E LocSvc_libulp: I/===> int ulp_brain_turn_onoff_dr_provider() line 848 
08-21 10:49:22.065  1284  3308 E LocSvc_libulp: I/===> int ulp_dr_stop_engine() line 235 
08-21 10:49:22.065  1284  2367 E QMI_FW  : QCCI qmi_cci_xport_recv: txn not found. svc_id: 16
08-21 10:49:22.067  2287  2513 I InputManager: new hook event
08-21 10:49:22.067  1284  2343 E LocSvc_LBSApiV02: E/virtual int lbs_core::LBSApiV02::injectCoarsePosition(const CoarsePositionInfo &):352]: Error : st = 3, ind.status = 0
08-21 10:49:22.068  1284  2343 E LocSvc_api_v02: I/---> locClientSendReq line 2069 QMI_LOC_INJECT_WIFI_POSITION_REQ_V02
08-21 10:49:22.068  1284  2367 E LocSvc_ApiV02: I/<--- void globalRespCb(locClientHandleType, uint32_t, const locClientRespIndUnionType, uint32_t, void *) line 140 QMI_LOC_INJECT_WIFI_POSITION_REQ_V02
08-21 10:49:22.068  1284  2343 E LocSvc_api_v02: I/---> locClientSendReq line 2069 QMI_LOC_INJECT_POSITION_REQ_V02
08-21 10:49:22.070  1284  2367 E QMI_FW  : QCCI qmi_cci_xport_recv: txn not found. svc_id: 16
08-21 10:49:22.070  1284  2343 E LocSvc_ApiV02: E/virtual enum loc_api_adapter_err LocApiV02::injectPosition(double, double, float):778]: error! status = eLOC_CLIENT_FAILURE_INVALID_PARAMETER, inject_pos_ind.status = eQMI_LOC_SUCCESS_V02
08-21 10:49:22.071  1284  2215 I LocationManagerService: incoming location: Location[fused 56******,47****** acc=15 et=+4d2h40m44s127ms alt=0.0 vel=0.0 bear=0.0]
08-21 10:49:22.073  1284  2215 I LocationManagerService: incoming location: Location[fused 56******,47****** acc=15 et=+4d2h40m44s127ms alt=0.0 vel=0.0 bear=0.0]
08-21 10:49:22.073  2783 11138 I NCCHR_NcLogCollectServiceImpl: getUserType = 6
08-21 10:49:22.076  2783  2794 I NCCHR_NcLogCollectServiceImpl: getUserType = 6
08-21 10:49:22.287  1284  1297 I art     : Background partial concurrent mark sweep GC freed 74845(4MB) AllocSpace objects, 14(1424KB) LOS objects, 19% free, 32MB/40MB, paused 3.748ms total 256.579ms
08-21 10:49:22.383  1284  2367 E LocSvc_ApiV02: I/<--- void globalEventCb(locClientHandleType, uint32_t, const locClientEventIndUnionType, void *) line 114 QMI_LOC_EVENT_GNSS_SV_INFO_IND_V02
08-21 10:49:22.383  1284  3308 E LocSvc_libulp: I/int ulp_brain_process_gnss_sv_report(const GnssSvStatus *), gnss sv report cnt = 236947, gnss pos report cnt = 1393,strong sv cnt = 0
08-21 10:49:22.383  1284  2343 E LocSvc_eng: E/Calling gnss_sv_status_cb
08-21 10:49:22.389  1284  2367 E LocSvc_ApiV02: I/<--- void globalEventCb(locClientHandleType, uint32_t, const locClientEventIndUnionType, void *) line 114 QMI_LOC_EVENT_POSITION_REPORT_IND_V02
08-21 10:49:22.389  1284  3308 E LocSvc_libulp: I/int ulp_brain_process_gnss_position_report(enum loc_sess_status, LocPosTechMask, UlpLocation *, const GpsLocationExtended *, const void *), transition provider returned = 0
08-21 10:49:22.389  1284  3308 E LocSvc_libulp: I/int ulp_brain_process_gnss_position_report(enum loc_sess_status, LocPosTechMask, UlpLocation *, const GpsLocationExtended *, const void *), report GNSS position/status to hybrid fix requests = 0
08-21 10:49:22.597   636   636 E         : [E/capacity_limit_control] not demo version, not set power control prop!
08-21 10:49:23.383  1284  2367 E LocSvc_ApiV02: I/<--- void globalEventCb(locClientHandleType, uint32_t, const locClientEventIndUnionType, void *) line 114 QMI_LOC_EVENT_GNSS_SV_INFO_IND_V02
08-21 10:49:23.384  1284  2367 E LocSvc_ApiV02: I/<--- void globalEventCb(locClientHandleType, uint32_t, const locClientEventIndUnionType, void *) line 114 QMI_LOC_EVENT_POSITION_REPORT_IND_V02
08-21 10:49:23.385  1284  3308 E LocSvc_libulp: I/int ulp_brain_process_gnss_sv_report(const GnssSvStatus *), gnss sv report cnt = 236948, gnss pos report cnt = 1393,strong sv cnt = 0
08-21 10:49:23.385  1284  3308 E LocSvc_libulp: I/int ulp_brain_process_gnss_position_report(enum loc_sess_status, LocPosTechMask, UlpLocation *, const GpsLocationExtended *, const void *), transition provider returned = 0
08-21 10:49:23.385  1284  3308 E LocSvc_libulp: I/int ulp_brain_process_gnss_position_report(enum loc_sess_status, LocPosTechMask, UlpLocation *, const GpsLocationExtended *, const void *), report GNSS position/status to hybrid fix requests = 0
08-21 10:49:23.385  1284  2343 E LocSvc_eng: E/Calling gnss_sv_status_cb
08-21 10:49:23.904  1284  1864 E HwCHRWebMonitor: WebMonitor [mNetWorkIsSuck=0 mUIDIsSuck=]  WebSpeed [WEBSENDSEGS=17  WEBRESENDSEGS=1  WEBRECVSEGS=0  WEBERRSEGS=0  WEBOUTRSTS=0  WEBESTABLISRST=0  WEBRTTDURATION=23  WEBRTTSEGS=15  WEBSRTT=0  WEBSNDDUPACKS=0  SENDSEGS=0  RESENDSEGS=0  RECVSEGS=0  ERRSEGS=0  OUTRSTS=0  ESTABLISRST=0  RTTDURATION=0  RTTSEGS=0  SNDDUPACKS=0  suckTimes=0 recovage_times=0]
08-21 10:49:23.904  1284  1864 E HwCHRWifiRSSIGroupSummery: updateTcpSummery mRSSI:-58  HwCHRWifiRSSIGroup [rssi_index=4, rtt_tcp_packets=21997, rtt_tcp_duration=35453, rtt_lan_duration=19871, rtt_lan_failures=0, rtt_lan_succ=802, rtt_lan_max=600, rtt_lan_min=3,same_area_frequency=0,adjacent_area_frequency=0]
08-21 10:49:23.922  1284  1864 E HwCHRWebMonitor: HwCHRWifiPacketCnt [mTXGood=1, mTXbad=0, mRXGood=20] rssi=-58
08-21 10:49:23.922  1284  1864 E HwCHRWebMonitor: Good NetWork Traffic , so mOnAppSuckTime, mUnModifyCount reset 0
08-21 10:49:24.062   594   594 I cnss-daemon: RTM_NEWNEIGH message received: 28
08-21 10:49:24.062   594   594 E cnss-daemon: Stale or unreachable neighbors, ndm state: 4
08-21 10:49:24.383  1284  2367 E LocSvc_ApiV02: I/<--- void globalEventCb(locClientHandleType, uint32_t, const locClientEventIndUnionType, void *) line 114 QMI_LOC_EVENT_GNSS_SV_INFO_IND_V02
08-21 10:49:24.383  1284  2343 E LocSvc_eng: E/Calling gnss_sv_status_cb
08-21 10:49:24.383  1284  3308 E LocSvc_libulp: I/int ulp_brain_process_gnss_sv_report(const GnssSvStatus *), gnss sv report cnt = 236949, gnss pos report cnt = 1393,strong sv cnt = 0
08-21 10:49:24.384  1284  2367 E LocSvc_ApiV02: I/<--- void globalEventCb(locClientHandleType, uint32_t, const locClientEventIndUnionType, void *) line 114 QMI_LOC_EVENT_POSITION_REPORT_IND_V02
08-21 10:49:24.388  1284  3308 E LocSvc_libulp: I/int ulp_brain_process_gnss_position_report(enum loc_sess_status, LocPosTechMask, UlpLocation *, const GpsLocationExtended *, const void *), transition provider returned = 0
08-21 10:49:24.388  1284  3308 E LocSvc_libulp: I/int ulp_brain_process_gnss_position_report(enum loc_sess_status, LocPosTechMask, UlpLocation *, const GpsLocationExtended *, const void *), report GNSS position/status to hybrid fix requests = 0
08-21 10:49:25.065  1284  3308 E LocSvc_libulp: I/int ulp_brain_process_monitor_request(), gnss provider state = 5, quipc provider state = 0
08-21 10:49:25.273  2287  2287 I MsgReceiver: intent action: android.intent.action.BATTERY_CHANGED
08-21 10:49:25.273  1894  1894 W KeyguardUpdateMonitor: ACTION_BATTERY_CHANGED AMP: 0; Volt: 0
08-21 10:49:25.274  2281  2350 W QCNEJ   : |CORE| CNE received unexpected action: android.intent.action.BATTERY_CHANGED
08-21 10:49:25.282  2783 22723 E PTM.FileNodeInfo: getTempInfo error: null, 0
08-21 10:49:25.282  2783 22723 E PTM.FileNodeInfo: getTempInfo error: null, 0
08-21 10:49:25.282  2783 22723 E PTM.FileNodeInfo: getTempInfo error: null, 0
08-21 10:49:25.282  2783 22723 E PTM.FileNodeInfo: getTempInfo error: null, 0
08-21 10:49:25.282  2783 22723 E PTM.FileNodeInfo: getTempInfo error: null, 0
08-21 10:49:25.289  1894  1894 W KeyguardUpdateMonitor: ChargingSpeed  Wattage: -1 ST: 5000000 --> 7500000
08-21 10:49:25.289  1894  1894 I KgBattery: BatteryInfo updated:  2lPc-1
08-21 10:49:25.289  1894  1894 W AppHandler: sendMessage with obj100
08-21 10:49:25.289  1894  1894 W HwLockScreenPanel: Handle message: 100
08-21 10:49:25.289  1894  1894 W KgBattery: getCharge info with type: text
08-21 10:49:25.293  1894  1894 W HwLockScreenPanel: refreshBatteryInfo: null
08-21 10:49:25.311  1894  1894 W HwKeyguardDragHelper: AnimationBlocked
08-21 10:49:25.311  1894  1894 W PanelView: set notification panel padding = 1035
08-21 10:49:25.384  1284  2367 E LocSvc_ApiV02: I/<--- void globalEventCb(locClientHandleType, uint32_t, const locClientEventIndUnionType, void *) line 114 QMI_LOC_EVENT_GNSS_SV_INFO_IND_V02
08-21 10:49:25.384  1284  3308 E LocSvc_libulp: I/int ulp_brain_process_gnss_sv_report(const GnssSvStatus *), gnss sv report cnt = 236950, gnss pos report cnt = 1393,strong sv cnt = 0
08-21 10:49:25.384  1284  2343 E LocSvc_eng: E/Calling gnss_sv_status_cb
08-21 10:49:25.388  1284  2367 E LocSvc_ApiV02: I/<--- void globalEventCb(locClientHandleType, uint32_t, const locClientEventIndUnionType, void *) line 114 QMI_LOC_EVENT_POSITION_REPORT_IND_V02
08-21 10:49:25.389  1284  3308 E LocSvc_libulp: I/int ulp_brain_process_gnss_position_report(enum loc_sess_status, LocPosTechMask, UlpLocation *, const GpsLocationExtended *, const void *), transition provider returned = 0
08-21 10:49:25.389  1284  3308 E LocSvc_libulp: I/int ulp_brain_process_gnss_position_report(enum loc_sess_status, LocPosTechMask, UlpLocation *, const GpsLocationExtended *, const void *), report GNSS position/status to hybrid fix requests = 0
08-21 10:49:26.053  1284  1506 I EventHub: EventHub monitor: no key events in the past 2144s, no motion events in the past 1149s
08-21 10:49:26.383  1284  2367 E LocSvc_ApiV02: I/<--- void globalEventCb(locClientHandleType, uint32_t, const locClientEventIndUnionType, void *) line 114 QMI_LOC_EVENT_GNSS_SV_INFO_IND_V02
08-21 10:49:26.383  1284  3308 E LocSvc_libulp: I/int ulp_brain_process_gnss_sv_report(const GnssSvStatus *), gnss sv report cnt = 236951, gnss pos report cnt = 1393,strong sv cnt = 0
08-21 10:49:26.383  1284  2343 E LocSvc_eng: E/Calling gnss_sv_status_cb
08-21 10:49:26.388  1284  2367 E LocSvc_ApiV02: I/<--- void globalEventCb(locClientHandleType, uint32_t, const locClientEventIndUnionType, void *) line 114 QMI_LOC_EVENT_POSITION_REPORT_IND_V02
08-21 10:49:26.388  1284  3308 E LocSvc_libulp: I/int ulp_brain_process_gnss_position_report(enum loc_sess_status, LocPosTechMask, UlpLocation *, const GpsLocationExtended *, const void *), transition provider returned = 0
08-21 10:49:26.388  1284  3308 E LocSvc_libulp: I/int ulp_brain_process_gnss_position_report(enum loc_sess_status, LocPosTechMask, UlpLocation *, const GpsLocationExtended *, const void *), report GNSS position/status to hybrid fix requests = 0
08-21 10:49:26.395  1284  1799 W AlarmManager: mIsScreenOn is: false, WAKEUP alarm trigger action = CONTEXT_MANAGER_ALARM_WAKEUP package name is: com.google.android.gms
08-21 10:49:26.404 15830 15943 W ctxmgr  : [EventHandler] Didn't find runnable for alarm id=22, intent=Intent { act=CONTEXT_MANAGER_ALARM_WAKEUP flg=0x14 pkg=com.google.android.gms (has extras) } [CONTEXT service_id=47 ]
08-21 10:49:26.868   634   689 W AwareLog:defragd: delay_us exceeds max timeout: 49989528 us
08-21 10:49:27.384  1284  2367 E LocSvc_ApiV02: I/<--- void globalEventCb(locClientHandleType, uint32_t, const locClientEventIndUnionType, void *) line 114 QMI_LOC_EVENT_GNSS_SV_INFO_IND_V02
08-21 10:49:27.385  1284  3308 E LocSvc_libulp: I/int ulp_brain_process_gnss_sv_report(const GnssSvStatus *), gnss sv report cnt = 236952, gnss pos report cnt = 1393,strong sv cnt = 0
08-21 10:49:27.385  1284  2343 E LocSvc_eng: E/Calling gnss_sv_status_cb
08-21 10:49:27.389  1284  2367 E LocSvc_ApiV02: I/<--- void globalEventCb(locClientHandleType, uint32_t, const locClientEventIndUnionType, void *) line 114 QMI_LOC_EVENT_POSITION_REPORT_IND_V02
08-21 10:49:27.390  1284  3308 E LocSvc_libulp: I/int ulp_brain_process_gnss_position_report(enum loc_sess_status, LocPosTechMask, UlpLocation *, const GpsLocationExtended *, const void *), transition provider returned = 0
08-21 10:49:27.390  1284  3308 E LocSvc_libulp: I/int ulp_brain_process_gnss_position_report(enum loc_sess_status, LocPosTechMask, UlpLocation *, const GpsLocationExtended *, const void *), report GNSS position/status to hybrid fix requests = 0
08-21 10:49:27.606   636   636 E         : [E/capacity_limit_control] not demo version, not set power control prop!
08-21 10:49:28.043  1284  2234 I SendBroadcastPermission: action:android.intent.action.SIG_STR, mPermissionType:0
08-21 10:49:28.047  1894  1949 I HwMobileSignalController: subId:0 phoneType:1 networktype:2 targetClass:1 masterLevel:5 slaveLevel:-1
08-21 10:49:28.065  1284  3308 E LocSvc_libulp: I/int ulp_brain_process_monitor_request(), gnss provider state = 5, quipc provider state = 0
08-21 10:49:28.384  1284  2367 E LocSvc_ApiV02: I/<--- void globalEventCb(locClientHandleType, uint32_t, const locClientEventIndUnionType, void *) line 114 QMI_LOC_EVENT_GNSS_SV_INFO_IND_V02
08-21 10:49:28.384  1284  3308 E LocSvc_libulp: I/int ulp_brain_process_gnss_sv_report(const GnssSvStatus *), gnss sv report cnt = 236953, gnss pos report cnt = 1393,strong sv cnt = 0
08-21 10:49:28.384  1284  2343 E LocSvc_eng: E/Calling gnss_sv_status_cb
08-21 10:49:28.388  1284  2367 E LocSvc_ApiV02: I/<--- void globalEventCb(locClientHandleType, uint32_t, const locClientEventIndUnionType, void *) line 114 QMI_LOC_EVENT_POSITION_REPORT_IND_V02
08-21 10:49:28.389  1284  3308 E LocSvc_libulp: I/int ulp_brain_process_gnss_position_report(enum loc_sess_status, LocPosTechMask, UlpLocation *, const GpsLocationExtended *, const void *), transition provider returned = 0
08-21 10:49:28.389  1284  3308 E LocSvc_libulp: I/int ulp_brain_process_gnss_position_report(enum loc_sess_status, LocPosTechMask, UlpLocation *, const GpsLocationExtended *, const void *), report GNSS position/status to hybrid fix requests = 0
08-21 10:49:28.915  1284  1864 E HwCHRWebMonitor: WebMonitor [mNetWorkIsSuck=0 mUIDIsSuck=]  WebSpeed [WEBSENDSEGS=17  WEBRESENDSEGS=0  WEBRECVSEGS=0  WEBERRSEGS=0  WEBOUTRSTS=0  WEBESTABLISRST=0  WEBRTTDURATION=19  WEBRTTSEGS=15  WEBSRTT=0  WEBSNDDUPACKS=0  SENDSEGS=2  RESENDSEGS=0  RECVSEGS=1  ERRSEGS=0  OUTRSTS=0  ESTABLISRST=0  RTTDURATION=1  RTTSEGS=1  SNDDUPACKS=0  suckTimes=0 recovage_times=0]
08-21 10:49:28.916  1284  1864 E HwCHRWifiRSSIGroupSummery: updateTcpSummery mRSSI:-58  HwCHRWifiRSSIGroup [rssi_index=4, rtt_tcp_packets=22012, rtt_tcp_duration=35472, rtt_lan_duration=19871, rtt_lan_failures=0, rtt_lan_succ=802, rtt_lan_max=600, rtt_lan_min=3,same_area_frequency=0,adjacent_area_frequency=0]
08-21 10:49:28.932  1284  1864 E HwCHRWebMonitor: HwCHRWifiPacketCnt [mTXGood=2, mTXbad=0, mRXGood=19] rssi=-58
08-21 10:49:28.932  1284  1864 E HwCHRWebMonitor: Good NetWork Traffic , so mOnAppSuckTime, mUnModifyCount reset 0
08-21 10:49:29.383  1284  2367 E LocSvc_ApiV02: I/<--- void globalEventCb(locClientHandleType, uint32_t, const locClientEventIndUnionType, void *) line 114 QMI_LOC_EVENT_GNSS_SV_INFO_IND_V02
08-21 10:49:29.383  1284  3308 E LocSvc_libulp: I/int ulp_brain_process_gnss_sv_report(const GnssSvStatus *), gnss sv report cnt = 236954, gnss pos report cnt = 1393,strong sv cnt = 0
08-21 10:49:29.383  1284  2343 E LocSvc_eng: E/Calling gnss_sv_status_cb
08-21 10:49:29.390  1284  2367 E LocSvc_ApiV02: I/<--- void globalEventCb(locClientHandleType, uint32_t, const locClientEventIndUnionType, void *) line 114 QMI_LOC_EVENT_POSITION_REPORT_IND_V02
08-21 10:49:29.390  1284  3308 E LocSvc_libulp: I/int ulp_brain_process_gnss_position_report(enum loc_sess_status, LocPosTechMask, UlpLocation *, const GpsLocationExtended *, const void *), transition provider returned = 0
08-21 10:49:29.390  1284  3308 E LocSvc_libulp: I/int ulp_brain_process_gnss_position_report(enum loc_sess_status, LocPosTechMask, UlpLocation *, const GpsLocationExtended *, const void *), report GNSS position/status to hybrid fix requests = 0
08-21 10:49:30.038  2431  2431 I SendBroadcastPermission: action:com.qualcomm.intent.action.ACTION_UNSOL_RESPONSE_OEM_HOOK_RAW, mPermissionType:0
08-21 10:49:30.072 20991 20996 I art     : Do partial code cache collection, code=55KB, data=59KB
08-21 10:49:30.076 20991 20996 I art     : After code cache collection, code=54KB, data=58KB
08-21 10:49:30.076 20991 20996 I art     : Increasing code cache capacity to 256KB
08-21 10:49:30.159 20991 21051 W YT.MDX.ahis: CastAppId for type 0 not found. Defaulting to mainCastAppId.
08-21 10:49:30.184 20991 21051 W YT.MDX.ahis: CastAppId for type 0 not found. Defaulting to mainCastAppId.
08-21 10:49:30.247  1284  1474 E BatteryStatsService: power: Missing API
08-21 10:49:30.253 20991 21110 E ConnectivityManager.CallbackHandler: callback not found for RELEASED message
08-21 10:49:30.258  1894  1894 W KeyguardUpdateMonitor: ACTION_BATTERY_CHANGED AMP: 0; Volt: 0
08-21 10:49:30.259  2281  2350 W QCNEJ   : |CORE| CNE received unexpected action: android.intent.action.BATTERY_CHANGED
08-21 10:49:30.260  1894  1894 W KeyguardUpdateMonitor: ChargingSpeed  Wattage: -1 ST: 5000000 --> 7500000
08-21 10:49:30.260  1894  1894 I KgBattery: BatteryInfo updated:  2lPc-1
08-21 10:49:30.260  2287  2287 I MsgReceiver: intent action: android.intent.action.BATTERY_CHANGED
08-21 10:49:30.260  1894  1894 W AppHandler: sendMessage with obj100
08-21 10:49:30.263  2431  2431 I SendBroadcastPermission: action:com.qualcomm.intent.action.ACTION_UNSOL_RESPONSE_OEM_HOOK_RAW, mPermissionType:0
08-21 10:49:30.274  2783 22737 E PTM.FileNodeInfo: getTempInfo error: null, 0
08-21 10:49:30.274  2783 22737 E PTM.FileNodeInfo: getTempInfo error: null, 0
08-21 10:49:30.274  2783 22737 E PTM.FileNodeInfo: getTempInfo error: null, 0
08-21 10:49:30.274  2783 22737 E PTM.FileNodeInfo: getTempInfo error: null, 0
08-21 10:49:30.274  2783 22737 E PTM.FileNodeInfo: getTempInfo error: null, 0
08-21 10:49:30.275  1894  1894 W HwLockScreenPanel: Handle message: 100
08-21 10:49:30.275  1894  1894 W KgBattery: getCharge info with type: text
08-21 10:49:30.282  1894  1894 W HwLockScreenPanel: refreshBatteryInfo: null
08-21 10:49:30.300  2783  2783 I iMonitor: create: 903001010
08-21 10:49:30.306 22738 22738 I         : power log dlsym ok
08-21 10:49:30.307  1894  1894 W HwKeyguardDragHelper: AnimationBlocked
08-21 10:49:30.307  1894  1894 W PanelView: set notification panel padding = 1035
08-21 10:49:30.309  2783  2783 I iMonitor: send: 903001010
08-21 10:49:30.313   592  1118 I logserver: handle_exception_events enter
08-21 10:49:30.324  2783  3005 E LogCollectService: illegal eventid
08-21 10:49:30.382   594   594 I cnss-daemon: RTM_NEWNEIGH message received: 28
08-21 10:49:30.382   594   594 E cnss-daemon: Stale or unreachable neighbors, ndm state: 16
08-21 10:49:30.384  1284  2367 E LocSvc_ApiV02: I/<--- void globalEventCb(locClientHandleType, uint32_t, const locClientEventIndUnionType, void *) line 114 QMI_LOC_EVENT_GNSS_SV_INFO_IND_V02
08-21 10:49:30.384  1284  2367 E LocSvc_ApiV02: I/<--- void globalEventCb(locClientHandleType, uint32_t, const locClientEventIndUnionType, void *) line 114 QMI_LOC_EVENT_POSITION_REPORT_IND_V02
08-21 10:49:30.384  1284  3308 E LocSvc_libulp: I/int ulp_brain_process_gnss_sv_report(const GnssSvStatus *), gnss sv report cnt = 236955, gnss pos report cnt = 1393,strong sv cnt = 0
08-21 10:49:30.384  1284  3308 E LocSvc_libulp: I/int ulp_brain_process_gnss_position_report(enum loc_sess_status, LocPosTechMask, UlpLocation *, const GpsLocationExtended *, const void *), transition provider returned = 0
08-21 10:49:30.384  1284  3308 E LocSvc_libulp: I/int ulp_brain_process_gnss_position_report(enum loc_sess_status, LocPosTechMask, UlpLocation *, const GpsLocationExtended *, const void *), report GNSS position/status to hybrid fix requests = 0
08-21 10:49:30.384  1284  2343 E LocSvc_eng: E/Calling gnss_sv_status_cb
08-21 10:49:30.397   594   594 I cnss-daemon: RTM_NEWNEIGH message received: 28
08-21 10:49:30.397   594   594 I cnss-daemon: NDA_DST received: 10.10.53.126 ul: 562995020499466
08-21 10:49:30.397   594   594 I cnss-daemon: NDA_LLADDR received
08-21 10:49:30.705 22738 22754 W CrashLoopRemedyLog: unable to delete remedy log, instaCrash: false
08-21 10:49:30.705 22738 22754 W CrashLoopRemedyLog: unable to delete remedy log, instaCrash: true
08-21 10:49:30.934 22738 22754 E ACRA    : Initializing ANR detector for process: com.facebook.orca
08-21 10:49:30.939 22738 22754 W ProcessAnrErrorMonitor: startMonitoring with delay: 4000
08-21 10:49:30.983 22738 22765 E AppStateReporter: Unpaired extra log file: /data/user/0/com.facebook.orca/app_state_logs/com.facebook.orca_2baf00df-28cb-8553-9305-82dfe0db88dd.v9.txt_native
08-21 10:49:30.984 22738 22765 E AppStateReporter: Unpaired extra log file: /data/user/0/com.facebook.orca/app_state_logs/com.facebook.orca_2baf00df-28cb-8553-9305-82dfe0db88dd.v9.txt_anr
08-21 10:49:30.985 22738 22765 E AppStateReporter: Unpaired extra log file: /data/user/0/com.facebook.orca/app_state_logs/com.facebook.orca_2baf00df-28cb-8553-9305-82dfe0db88dd.v9.txt_wrotedump
08-21 10:49:30.988 22738 22765 E AppStateReporter: Unpaired extra log file: /data/user/0/com.facebook.orca/app_state_logs/com.facebook.orca_2baf00df-28cb-8553-9305-82dfe0db88dd.v9.txt_static
08-21 10:49:31.065  1284  3308 E LocSvc_libulp: I/int ulp_brain_process_monitor_request(), gnss provider state = 5, quipc provider state = 0
08-21 10:49:31.090 22738 22754 I art     : Thread[12,tid=22754,Native,Thread*=0xe1f61000,peer=0x12dce280,"EnsureDelegate"] recursive attempt to load library "/data/user/0/com.facebook.orca/lib-superpack-xz/libfb.so"
08-21 10:49:31.358 22738 22754 W dalvik-internals: sigaction64 not found, falling back
08-21 10:49:31.358 22738 22754 W dalvik-internals: sigaction succeeded
08-21 10:49:31.384  1284  2367 E LocSvc_ApiV02: I/<--- void globalEventCb(locClientHandleType, uint32_t, const locClientEventIndUnionType, void *) line 114 QMI_LOC_EVENT_GNSS_SV_INFO_IND_V02
08-21 10:49:31.384  1284  2367 E LocSvc_ApiV02: I/<--- void globalEventCb(locClientHandleType, uint32_t, const locClientEventIndUnionType, void *) line 114 QMI_LOC_EVENT_POSITION_REPORT_IND_V02
08-21 10:49:31.385  1284  3308 E LocSvc_libulp: I/int ulp_brain_process_gnss_sv_report(const GnssSvStatus *), gnss sv report cnt = 236956, gnss pos report cnt = 1393,strong sv cnt = 0
08-21 10:49:31.385  1284  3308 E LocSvc_libulp: I/int ulp_brain_process_gnss_position_report(enum loc_sess_status, LocPosTechMask, UlpLocation *, const GpsLocationExtended *, const void *), transition provider returned = 0
08-21 10:49:31.385  1284  3308 E LocSvc_libulp: I/int ulp_brain_process_gnss_position_report(enum loc_sess_status, LocPosTechMask, UlpLocation *, const GpsLocationExtended *, const void *), report GNSS position/status to hybrid fix requests = 0
08-21 10:49:31.385  1284  2343 E LocSvc_eng: E/Calling gnss_sv_status_cb
08-21 10:49:31.529 22738 22754 I dalvik-internals: installed sigmux crash handler for crash log
08-21 10:49:31.551 22738 22773 W SigquitDetectorAcra: nativeInit
08-21 10:49:31.592 22738 22754 W MultiDexClassLoader: unable to use native MDCL: falling back to Java impl
08-21 10:49:31.592 22738 22754 W MultiDexClassLoader: java.lang.RuntimeException: Previously failed verification of Art MDNCL, not trying again. Previous error: Failed expectedLoc.size() == dexPtr->location_.size()
08-21 10:49:31.592 22738 22754 W MultiDexClassLoader: 	at com.facebook.common.dextricks.MultiDexClassLoaderArtNative.init(Native Method)
08-21 10:49:31.592 22738 22754 W MultiDexClassLoader: 	at com.facebook.common.dextricks.MultiDexClassLoaderArtNative.<init>(:60)
08-21 10:49:31.592 22738 22754 W MultiDexClassLoader: 	at com.facebook.common.dextricks.MultiDexClassLoader.createMultiDexClassLoader(:71)
08-21 10:49:31.592 22738 22754 W MultiDexClassLoader: 	at com.facebook.common.dextricks.MultiDexClassLoader.install(:97)
08-21 10:49:31.592 22738 22754 W MultiDexClassLoader: 	at com.facebook.common.dextricks.DexStore.loadDexFiles(:15970)
08-21 10:49:31.592 22738 22754 W MultiDexClassLoader: 	at com.facebook.common.dextricks.DexStore.loadAllImpl(:15883)
08-21 10:49:31.592 22738 22754 W MultiDexClassLoader: 	at com.facebook.common.dextricks.DexStore.loadAll(:1)
08-21 10:49:31.592 22738 22754 W MultiDexClassLoader: 	at com.facebook.common.dextricks.DexLibLoader.loadAllImpl(:385)
08-21 10:49:31.592 22738 22754 W MultiDexClassLoader: 	at com.facebook.common.dextricks.DexLibLoader.loadAll(:15067)
08-21 10:49:31.592 22738 22754 W MultiDexClassLoader: 	at com.facebook.common.dextricks.DexLibLoader.loadAll(:15063)
08-21 10:49:31.592 22738 22754 W MultiDexClassLoader: 	at com.facebook.messenger.app.MessengerApplication.A03(:3165)
08-21 10:49:31.592 22738 22754 W MultiDexClassLoader: 	at X.003.A05(:5)
08-21 10:49:31.592 22738 22754 W MultiDexClassLoader: 	at X.012.run(:13)
08-21 10:49:31.789 22738 22762 W msgr.DependencyManager: Ignored missing dependency: 47:MaybeTraceColdStart
08-21 10:49:31.827 22738 22762 E msgr.MobileConfigFactoryImpl: init java manager success: yes, sessionless: yes, expect to use TT: no, but actually use TT: no
08-21 10:49:31.845 22738 22786 W msgr.0gs: Called user scoped provider with no viewer. ViewerContextManager was created with no ViewerContext. Using EmptyViewerContextManager to return fake logged in instance.
08-21 10:49:31.854 22738 22762 E msgr.MobileConfigFactoryImpl: Unable to enable contextV2 due to null buffer - sessionless: false, handleHolder is null: true
08-21 10:49:31.855 22738 22786 W msgr.0gs: Called user scoped provider with no viewer. ViewerContextManager was created with no ViewerContext. Using EmptyViewerContextManager to return fake logged in instance.
08-21 10:49:31.884 22738 22781 W msgr.QPLConfig: failed to load config
08-21 10:49:31.884 22738 22781 W msgr.QPLConfig: java.io.FileNotFoundException: /data/user/0/com.facebook.orca/app_qpl/qpl_sampling_config.tmp (No such file or directory)
08-21 10:49:31.884 22738 22781 W msgr.QPLConfig: 	at java.io.FileInputStream.open(Native Method)
08-21 10:49:31.884 22738 22781 W msgr.QPLConfig: 	at java.io.FileInputStream.<init>(FileInputStream.java:146)
08-21 10:49:31.884 22738 22781 W msgr.QPLConfig: 	at X.0s9.run(:100)
08-21 10:49:31.884 22738 22781 W msgr.QPLConfig: 	at X.0nW.run(:2)
08-21 10:49:31.884 22738 22781 W msgr.QPLConfig: 	at java.util.concurrent.ThreadPoolExecutor.runWorker(ThreadPoolExecutor.java:1133)
08-21 10:49:31.884 22738 22781 W msgr.QPLConfig: 	at java.util.concurrent.ThreadPoolExecutor$Worker.run(ThreadPoolExecutor.java:607)
08-21 10:49:31.884 22738 22781 W msgr.QPLConfig: 	at X.0nc.run(:3)
08-21 10:49:31.884 22738 22781 W msgr.QPLConfig: 	at X.0nd.run(:12)
08-21 10:49:31.884 22738 22781 W msgr.QPLConfig: 	at java.lang.Thread.run(Thread.java:776)
08-21 10:49:31.996 22738 22795 W msgr.FrscLanguagePackLoader: FRSC strings are not enabled
08-21 10:49:32.009 22738 22779 I SendBroadcastPermission: action:com.facebook.profilo.MAIN_PROCESS_STARTED_V5, mPermissionType:0
08-21 10:49:32.031 22738 22762 W Process : Unable to open /proc/self/io
08-21 10:49:32.060 22738 22762 W msgr.0gs: Called user scoped provider with no viewer. ViewerContextManager was created with no ViewerContext. Using EmptyViewerContextManager to return fake logged in instance.
08-21 10:49:32.142 22738 22782 W msgr.0gs: Called user scoped provider with no viewer. ViewerContextManager was created with no ViewerContext. Using EmptyViewerContextManager to return fake logged in instance.
08-21 10:49:32.145 22738 22782 W msgr.0gs: Called user scoped provider with no viewer. ViewerContextManager was created with no ViewerContext. Using EmptyViewerContextManager to return fake logged in instance.
08-21 10:49:32.177 22738 22762 W msgr.0gs: Called user scoped provider with no viewer. ViewerContextManager was created with no ViewerContext. Using EmptyViewerContextManager to return fake logged in instance.
08-21 10:49:32.178 22738 22762 W msgr.0gs: Called user scoped provider with no viewer. ViewerContextManager was created with no ViewerContext. Using EmptyViewerContextManager to return fake logged in instance.
08-21 10:49:32.189 22738 22780 W msgr.0gs: Called user scoped provider with no viewer. ViewerContextManager was created with no ViewerContext. Using EmptyViewerContextManager to return fake logged in instance.
08-21 10:49:32.223 22738 22738 W msgr.ServiceInfoParser: X.31M: Service com.facebook.browser.lite.BrowserLiteIntentService is missing meta key com.facebook.common.jobscheduler.compat.jobIds
08-21 10:49:32.223 22738 22743 I art     : Do partial code cache collection, code=4KB, data=21KB
08-21 10:49:32.225 22738 22743 I art     : After code cache collection, code=4KB, data=21KB
08-21 10:49:32.225 22738 22743 I art     : Increasing code cache capacity to 128KB
08-21 10:49:32.228 22738 22743 I art     : Do partial code cache collection, code=4KB, data=31KB
08-21 10:49:32.229 22738 22743 I art     : After code cache collection, code=4KB, data=31KB
08-21 10:49:32.229 22738 22743 I art     : Increasing code cache capacity to 256KB
08-21 10:49:32.229 22738 22743 I art     : Compiler allocated 11MB to compile boolean X.00F.A0A(java.lang.String, java.lang.String, java.lang.String, int, android.os.StrictMode$ThreadPolicy)
08-21 10:49:32.225 22738 22738 W msgr.ServiceInfoParser: X.31M: Service com.facebook.browser.lite.BrowserLiteInMainProcessIntentService is missing meta key com.facebook.common.jobscheduler.compat.jobIds
08-21 10:49:32.230 22738 22738 W msgr.ServiceInfoParser: X.31M: Service com.facebook.common.errorreporting.memory.MemoryDumpUploadService is missing meta key com.facebook.common.jobscheduler.compat.jobIds
08-21 10:49:32.230 22738 22738 W msgr.ServiceInfoParser: X.31M: Service com.facebook.contacts.service.ContactLocaleChangeService is missing meta key com.facebook.common.jobscheduler.compat.jobIds
08-21 10:49:32.230 22738 22738 W msgr.ServiceInfoParser: X.31M: Service com.facebook.messaging.livelocation.bindings.MessengerLiveLocationBooterService is missing meta key com.facebook.common.jobscheduler.compat.jobIds
08-21 10:49:32.230 22738 22738 W msgr.ServiceInfoParser: X.31M: Service com.facebook.messaging.chatheads.service.ChatHeadsBooterService is missing meta key com.facebook.common.jobscheduler.compat.jobIds
08-21 10:49:32.231 22738 22738 W msgr.ServiceInfoParser: X.31M: Service com.google.android.gms.analytics.AnalyticsJobService is missing meta key com.facebook.common.jobscheduler.compat.jobIds
08-21 10:49:32.231 22738 22738 W msgr.ServiceInfoParser: X.31M: Service com.facebook.analytics.appstatelogger.AppStateIntentService is missing meta key com.facebook.common.jobscheduler.compat.jobIds
08-21 10:49:32.231 22738 22738 W msgr.ServiceInfoParser: X.31M: Service com.facebook.analytics2.logger.LollipopUploadService is missing meta key com.facebook.common.jobscheduler.compat.jobIds
08-21 10:49:32.231 22738 22738 W msgr.ServiceInfoParser: X.31M: Service com.facebook.appcomponentmanager.AppComponentManagerService is missing meta key com.facebook.common.jobscheduler.compat.jobIds
08-21 10:49:32.234 22738 22738 W msgr.ServiceInfoParser: X.31M: Service com.facebook.common.dextricks.DexOptimization$Service is missing meta key com.facebook.common.jobscheduler.compat.jobIds
08-21 10:49:32.234 22738 22738 W msgr.ServiceInfoParser: X.31M: Service com.facebook.common.dextricks.DexOptimizationJobService is missing meta key com.facebook.common.jobscheduler.compat.jobIds
08-21 10:49:32.234 22738 22738 W msgr.ServiceInfoParser: X.31M: Service com.facebook.conditionalworker.ConditionalWorkerService is missing meta key com.facebook.common.jobscheduler.compat.jobIds
08-21 10:49:32.235 22738 22738 W msgr.ServiceInfoParser: X.31M: Service com.facebook.delayedworker.DelayedWorkerService is missing meta key com.facebook.common.jobscheduler.compat.jobIds
08-21 10:49:32.235 22738 22738 W msgr.ServiceInfoParser: X.31M: Service com.facebook.fbservice.service.BlueServiceJobIntentService is missing meta key com.facebook.common.jobscheduler.compat.jobIds
08-21 10:49:32.235 22738 22738 W msgr.ServiceInfoParser: X.31M: Service com.facebook.googleplay.GooglePlayInstallRefererService is missing meta key com.facebook.common.jobscheduler.compat.jobIds
08-21 10:49:32.236 22738 22738 W msgr.ServiceInfoParser: X.31M: Service com.facebook.messaging.prefs.notifications.NotificationPrefsSyncService is missing meta key com.facebook.common.jobscheduler.compat.jobIds
08-21 10:49:32.237 22738 22738 W msgr.ServiceInfoParser: X.31M: Service com.facebook.messaging.sms.defaultapp.SmsHandlerService is missing meta key com.facebook.common.jobscheduler.compat.jobIds
08-21 10:49:32.237 22738 22738 W msgr.ServiceInfoParser: X.31M: Service com.facebook.messaging.universallinks.receiver.InstallReferrerFetchJobIntentService is missing meta key com.facebook.common.jobscheduler.compat.jobIds
08-21 10:49:32.237 22738 22738 W msgr.ServiceInfoParser: X.31M: Service com.facebook.orca.notify.MessagesNotificationService is missing meta key com.facebook.common.jobscheduler.compat.jobIds
08-21 10:49:32.237 22738 22738 W msgr.ServiceInfoParser: X.31M: Service com.facebook.oxygen.preloads.sdk.firstparty.managedappcache.IsManagedAppCacheJobService is missing meta key com.facebook.common.jobscheduler.compat.jobIds
08-21 10:49:32.238 22738 22738 W msgr.ServiceInfoParser: X.31M: Service com.facebook.push.registration.RegistrarHelperService is missing meta key com.facebook.common.jobscheduler.compat.jobIds
08-21 10:49:32.239 22738 22738 W msgr.ServiceInfoParser: X.31M: Service com.facebook.push.crossapp.PackageRemovedReporterService is missing meta key com.facebook.common.jobscheduler.compat.jobIds
08-21 10:49:32.239 22738 22738 W msgr.ServiceInfoParser: X.31M: Service com.facebook.push.adm.ADMService is missing meta key com.facebook.common.jobscheduler.compat.jobIds
08-21 10:49:32.240 22738 22738 W msgr.ServiceInfoParser: X.31M: Service com.facebook.push.adm.ADMBroadcastReceiverJobBase is missing meta key com.facebook.common.jobscheduler.compat.jobIds
08-21 10:49:32.240 22738 22738 W msgr.ServiceInfoParser: X.31M: Service com.facebook.push.adm.ADMJobIntentService is missing meta key com.facebook.common.jobscheduler.compat.jobIds
08-21 10:49:32.240 22738 22738 W msgr.ServiceInfoParser: X.31M: Service com.facebook.push.fbpushdata.common.FbPushDataHandlerService is missing meta key com.facebook.common.jobscheduler.compat.jobIds
08-21 10:49:32.241 22738 22738 W msgr.ServiceInfoParser: X.31M: Service com.facebook.push.fcm.FcmRegistrarFbJobIntentService is missing meta key com.facebook.common.jobscheduler.compat.jobIds
08-21 10:49:32.249 22738 22738 W msgr.ServiceInfoParser: X.31M: Service com.facebook.push.mqtt.service.MqttPushHelperService is missing meta key com.facebook.common.jobscheduler.compat.jobIds
08-21 10:49:32.252 22738 22738 W msgr.ServiceInfoParser: X.31M: Service com.facebook.push.negativefeedback.PushNegativeFeedbackFbJobIntentService is missing meta key com.facebook.common.jobscheduler.compat.jobIds
08-21 10:49:32.252 22738 22738 W msgr.ServiceInfoParser: X.31M: Service com.facebook.reportaproblem.base.bugreport.BugReportUploadService is missing meta key com.facebook.common.jobscheduler.compat.jobIds
08-21 10:49:32.278 22738 22780 W msgr.0gs: Called user scoped provider with no viewer. ViewerContextManager was created with no ViewerContext. Using EmptyViewerContextManager to return fake logged in instance.
08-21 10:49:32.282 22738 22780 W msgr.0gs: Called user scoped provider with no viewer. ViewerContextManager was created with no ViewerContext. Using EmptyViewerContextManager to return fake logged in instance.
08-21 10:49:32.291 22738 22794 W msgr.0gs: Called user scoped provider with no viewer. ViewerContextManager was created with no ViewerContext. Using EmptyViewerContextManager to return fake logged in instance.
08-21 10:49:32.308 22738 22794 W msgr.0gs: Called user scoped provider with no viewer. ViewerContextManager was created with no ViewerContext. Using EmptyViewerContextManager to return fake logged in instance.
08-21 10:49:32.311 22738 22794 W msgr.0gs: Called user scoped provider with no viewer. ViewerContextManager was created with no ViewerContext. Using EmptyViewerContextManager to return fake logged in instance.
08-21 10:49:32.315 22738 22794 W msgr.0gs: Called user scoped provider with no viewer. ViewerContextManager was created with no ViewerContext. Using EmptyViewerContextManager to return fake logged in instance.
08-21 10:49:32.318 22738 22794 W msgr.0gs: Called user scoped provider with no viewer. ViewerContextManager was created with no ViewerContext. Using EmptyViewerContextManager to return fake logged in instance.
08-21 10:49:32.320 22738 22780 W msgr.0gs: Called user scoped provider with no viewer. ViewerContextManager was created with no ViewerContext. Using EmptyViewerContextManager to return fake logged in instance.
08-21 10:49:32.325 22738 22780 W msgr.0gs: Called user scoped provider with no viewer. ViewerContextManager was created with no ViewerContext. Using EmptyViewerContextManager to return fake logged in instance.
08-21 10:49:32.356 22738 22780 W msgr.0gs: Called user scoped provider with no viewer. ViewerContextManager was created with no ViewerContext. Using EmptyViewerContextManager to return fake logged in instance.
08-21 10:49:32.357 22738 22780 I SendBroadcastPermission: action:com.facebook.orca.ACTION_THREAD_LIST_UPDATED_FOR_UI, mPermissionType:0
08-21 10:49:32.373  2310  2325 W System.err: java.lang.SecurityException: getAllCellInfo: Neither user 10099 nor current process has android.permission.ACCESS_COARSE_LOCATION.
08-21 10:49:32.384  1284  2367 E LocSvc_ApiV02: I/<--- void globalEventCb(locClientHandleType, uint32_t, const locClientEventIndUnionType, void *) line 114 QMI_LOC_EVENT_GNSS_SV_INFO_IND_V02
08-21 10:49:32.384  1284  2367 E LocSvc_ApiV02: I/<--- void globalEventCb(locClientHandleType, uint32_t, const locClientEventIndUnionType, void *) line 114 QMI_LOC_EVENT_POSITION_REPORT_IND_V02
08-21 10:49:32.384  1284  3308 E LocSvc_libulp: I/int ulp_brain_process_gnss_sv_report(const GnssSvStatus *), gnss sv report cnt = 236957, gnss pos report cnt = 1393,strong sv cnt = 0
08-21 10:49:32.384  1284  3308 E LocSvc_libulp: I/int ulp_brain_process_gnss_position_report(enum loc_sess_status, LocPosTechMask, UlpLocation *, const GpsLocationExtended *, const void *), transition provider returned = 0
08-21 10:49:32.384  1284  3308 E LocSvc_libulp: I/int ulp_brain_process_gnss_position_report(enum loc_sess_status, LocPosTechMask, UlpLocation *, const GpsLocationExtended *, const void *), report GNSS position/status to hybrid fix requests = 0
08-21 10:49:32.385  1284  2343 E LocSvc_eng: E/Calling gnss_sv_status_cb
08-21 10:49:32.422  2310  2325 W System.err: 	at android.app.ContextImpl.enforce(ContextImpl.java:1760)
08-21 10:49:32.422  2310  2325 W System.err: 	at android.app.ContextImpl.enforceCallingOrSelfPermission(ContextImpl.java:1792)
08-21 10:49:32.422  2310  2325 W System.err: 	at android.content.ContextWrapper.enforceCallingOrSelfPermission(ContextWrapper.java:707)
08-21 10:49:32.422  2310  2325 W System.err: 	at android.content.ContextWrapper.enforceCallingOrSelfPermission(ContextWrapper.java:707)
08-21 10:49:32.422  2310  2325 W System.err: 	at com.android.phone.PhoneInterfaceManager.enforceFineOrCoarseLocationPermission(PhoneInterfaceManager.java:1980)
08-21 10:49:32.422  2310  2325 W System.err: 	at com.android.phone.PhoneInterfaceManager.getAllCellInfoUsingSubId(PhoneInterfaceManager.java:2067)
08-21 10:49:32.422  2310  2325 W System.err: 	at com.android.phone.PhoneInterfaceManager.getAllCellInfo(PhoneInterfaceManager.java:2063)
08-21 10:49:32.422  2310  2325 W System.err: 	at com.android.internal.telephony.ITelephony$Stub.onTransact(ITelephony.java:722)
08-21 10:49:32.422  2310  2325 W System.err: 	at android.os.Binder.execTransact(Binder.java:565)
08-21 10:49:32.454  1284  2871 E HsmCoreServiceImpl: onTransact in code is: 102
08-21 10:49:32.454  1284  2871 I MediaProcessHandler: processOp opType: 1, uid: 10003, pid: 18433
08-21 10:49:32.454  1284  2871 W MediaProcessHandler: remove target not exist, maybe the UI process: uid: 10003, pid: 18433
08-21 10:49:32.556 22738 22743 I art     : Compiler allocated 5MB to compile int X.17D.A00(java.lang.String)
08-21 10:49:32.612   636   636 E         : [E/capacity_limit_control] not demo version, not set power control prop!
08-21 10:49:32.687 22738 22782 E msgr.i18nX.12T: onFailure() called
08-21 10:49:33.382  1284  2367 E LocSvc_ApiV02: I/<--- void globalEventCb(locClientHandleType, uint32_t, const locClientEventIndUnionType, void *) line 114 QMI_LOC_EVENT_GNSS_SV_INFO_IND_V02
08-21 10:49:33.382  1284  3308 E LocSvc_libulp: I/int ulp_brain_process_gnss_sv_report(const GnssSvStatus *), gnss sv report cnt = 236958, gnss pos report cnt = 1393,strong sv cnt = 0
08-21 10:49:33.383  1284  2343 E LocSvc_eng: E/Calling gnss_sv_status_cb
08-21 10:49:33.387  1284  2367 E LocSvc_ApiV02: I/<--- void globalEventCb(locClientHandleType, uint32_t, const locClientEventIndUnionType, void *) line 114 QMI_LOC_EVENT_POSITION_REPORT_IND_V02
