08-21 10:51:11.886  1284  2215 I LocationManagerService: incoming location: Location[network 56******,47****** acc=20 et=+4d2h42m33s879ms alt=101.5]
08-21 10:51:11.889  2783 11138 I NCCHR_NcLogCollectServiceImpl: getUserType = 6
08-21 10:51:11.890  1284  2215 E LocSvc_flp: I/===> int flp_inject_location(FlpLocation *) line 281 
08-21 10:51:11.890  1284  2215 E         : I/===> int FlpLocationClient::flp_inject_location(FlpExtLocation *) line 285 
08-21 10:51:11.890  1284  2343 E LocSvc_api_v02: I/---> locClientSendReq line 2069 QMI_LOC_INJECT_POSITION_REQ_V02
08-21 10:51:11.892  1284  2215 E LocSvc_eng: I/===> int loc_eng_inject_location(loc_eng_data_s_type &, double, double, float) line 2162 
08-21 10:51:11.897  1284  2343 E LocSvc_IzatApiV02: E/virtual int izat_core::IzatApiV02::injectLocation(FlpExtLocation):2154]: error! inject position failed
08-21 10:51:11.897  1284  2343 E LocSvc_api_v02: I/---> locClientSendReq line 2069 QMI_LOC_INJECT_POSITION_REQ_V02
08-21 10:51:11.897  1284  3308 E LocSvc_libulp: I/int ulp_brain_process_gnp_position_report(UlpLocation *), first_fix_pending 0, request active = 0,gnss running 1, gnss state 5 quipc running 0 quipc state 0
08-21 10:51:11.897  1284  3308 E LocSvc_libulp: I/int ulp_brain_process_gnp_position_report(UlpLocation *), report GNP position to hybrid fix requests = 1
08-21 10:51:11.898  1284  3308 E LocSvc_libulp: I/int ulp_brain_transition_all_providers(), before transition, 
08-21 10:51:11.898  1284  3308 E LocSvc_libulp:  GNSS provider state = 5,  GNSS selected to run = 1,  GNSS onoff_cnt = -5, GNSS high speed flag = 0 
08-21 10:51:11.898  1284  3308 E LocSvc_libulp:  QUIPC provider state = 0, QUIPC selected to run = 1, QUIPC onoff_cnt = 5, 
08-21 10:51:11.898  1284  3308 E LocSvc_libulp:  GNP provider state = 1,   GNP selected to run = 1,   GNP onoff_cnt = 1, 
08-21 10:51:11.898  1284  3308 E LocSvc_libulp: I/int ulp_brain_transition_all_providers(), after transition, 
08-21 10:51:11.898  1284  3308 E LocSvc_libulp:  GNSS provider state = 5,  GNSS selected to run = 1,  GNSS onoff_cnt = -5, GNSS high speed flag = 0 
08-21 10:51:11.898  1284  3308 E LocSvc_libulp:  QUIPC provider state = 0, QUIPC selected to run = 1, QUIPC onoff_cnt = 5, 
08-21 10:51:11.898  1284  3308 E LocSvc_libulp:  GNP provider state = 1,   GNP selected to run = 1,   GNP onoff_cnt = 1 
08-21 10:51:11.898  1284  3308 E LocSvc_libulp: I/===> int ulp_brain_turn_onoff_dr_provider() line 848 
08-21 10:51:11.898  1284  3308 E LocSvc_libulp: I/===> int ulp_dr_stop_engine() line 235 
08-21 10:51:11.898  1284  2367 E QMI_FW  : QCCI qmi_cci_xport_recv: txn not found. svc_id: 16
08-21 10:51:11.898  1284  2344 E QMI_FW  : QCCI qmi_cci_xport_recv: txn not found. svc_id: 16
08-21 10:51:11.898  1284  2343 E LocSvc_ApiV02: E/virtual enum loc_api_adapter_err LocApiV02::injectPosition(double, double, float):778]: error! status = eLOC_CLIENT_FAILURE_INVALID_PARAMETER, inject_pos_ind.status = eQMI_LOC_SUCCESS_V02
08-21 10:51:11.899  1284  2343 E LocSvc_api_v02: I/---> locClientSendReq line 2069 QMI_LOC_INJECT_POSITION_REQ_V02
08-21 10:51:11.900  1284  2367 E QMI_FW  : QCCI qmi_cci_xport_recv: txn not found. svc_id: 16
08-21 10:51:11.900  1284  2343 E LocSvc_LBSApiV02: E/virtual int lbs_core::LBSApiV02::injectCoarsePosition(const CoarsePositionInfo &):352]: Error : st = 3, ind.status = 0
08-21 10:51:11.900  1284  2343 E LocSvc_api_v02: I/---> locClientSendReq line 2069 QMI_LOC_INJECT_WIFI_POSITION_REQ_V02
08-21 10:51:11.900  1284  2215 I LocationManagerService: incoming location: Location[fused 56******,47****** acc=20 et=+4d2h42m33s956ms alt=0.0 vel=0.0 bear=0.0]
08-21 10:51:11.901  1284  2367 E LocSvc_ApiV02: I/<--- void globalRespCb(locClientHandleType, uint32_t, const locClientRespIndUnionType, uint32_t, void *) line 140 QMI_LOC_INJECT_WIFI_POSITION_REQ_V02
08-21 10:51:11.901  2783  2794 I NCCHR_NcLogCollectServiceImpl: getUserType = 6
08-21 10:51:11.902  1284  2215 I LocationManagerService: incoming location: Location[fused 56******,47****** acc=20 et=+4d2h42m33s956ms alt=0.0 vel=0.0 bear=0.0]
08-21 10:51:11.902  2783 23835 I NCCHR_NcLogCollectServiceImpl: getUserType = 6
08-21 10:51:12.250  1284  1297 I art     : Background partial concurrent mark sweep GC freed 61452(3MB) AllocSpace objects, 6(120KB) LOS objects, 19% free, 32MB/40MB, paused 3.547ms total 235.604ms
08-21 10:51:12.382  1284  2367 E LocSvc_ApiV02: I/<--- void globalEventCb(locClientHandleType, uint32_t, const locClientEventIndUnionType, void *) line 114 QMI_LOC_EVENT_GNSS_SV_INFO_IND_V02
08-21 10:51:12.383  1284  3308 E LocSvc_libulp: I/int ulp_brain_process_gnss_sv_report(const GnssSvStatus *), gnss sv report cnt = 237057, gnss pos report cnt = 1393,strong sv cnt = 0
08-21 10:51:12.383  1284  2343 E LocSvc_eng: E/Calling gnss_sv_status_cb
08-21 10:51:12.387  1284  2367 E LocSvc_ApiV02: I/<--- void globalEventCb(locClientHandleType, uint32_t, const locClientEventIndUnionType, void *) line 114 QMI_LOC_EVENT_POSITION_REPORT_IND_V02
08-21 10:51:12.388  1284  3308 E LocSvc_libulp: I/int ulp_brain_process_gnss_position_report(enum loc_sess_status, LocPosTechMask, UlpLocation *, const GpsLocationExtended *, const void *), transition provider returned = 0
08-21 10:51:12.388  1284  3308 E LocSvc_libulp: I/int ulp_brain_process_gnss_position_report(enum loc_sess_status, LocPosTechMask, UlpLocation *, const GpsLocationExtended *, const void *), report GNSS position/status to hybrid fix requests = 0
08-21 10:51:12.866   636   636 E         : [E/capacity_limit_control] not demo version, not set power control prop!
08-21 10:51:12.902   636   636 E         : [E/capacity_limit_control] not demo version, not set power control prop!
08-21 10:51:13.384  1284  2367 E LocSvc_ApiV02: I/<--- void globalEventCb(locClientHandleType, uint32_t, const locClientEventIndUnionType, void *) line 114 QMI_LOC_EVENT_GNSS_SV_INFO_IND_V02
08-21 10:51:13.384  1284  3308 E LocSvc_libulp: I/int ulp_brain_process_gnss_sv_report(const GnssSvStatus *), gnss sv report cnt = 237058, gnss pos report cnt = 1393,strong sv cnt = 0
08-21 10:51:13.385  1284  2343 E LocSvc_eng: E/Calling gnss_sv_status_cb
08-21 10:51:13.390  1284  2367 E LocSvc_ApiV02: I/<--- void globalEventCb(locClientHandleType, uint32_t, const locClientEventIndUnionType, void *) line 114 QMI_LOC_EVENT_POSITION_REPORT_IND_V02
08-21 10:51:13.390  1284  3308 E LocSvc_libulp: I/int ulp_brain_process_gnss_position_report(enum loc_sess_status, LocPosTechMask, UlpLocation *, const GpsLocationExtended *, const void *), transition provider returned = 0
08-21 10:51:13.390  1284  3308 E LocSvc_libulp: I/int ulp_brain_process_gnss_position_report(enum loc_sess_status, LocPosTechMask, UlpLocation *, const GpsLocationExtended *, const void *), report GNSS position/status to hybrid fix requests = 0
08-21 10:51:14.022  1284  1864 E HwCHRWifiRSSIGroupSummery: updatArpSummery mRSSI:-58  HwCHRWifiRSSIGroup [rssi_index=4, rtt_tcp_packets=22311, rtt_tcp_duration=35904, rtt_lan_duration=19990, rtt_lan_failures=0, rtt_lan_succ=806, rtt_lan_max=600, rtt_lan_min=3,same_area_frequency=0,adjacent_area_frequency=0]
08-21 10:51:14.129  1284  1864 E HwCHRWebMonitor: WebMonitor [mNetWorkIsSuck=0 mUIDIsSuck=]  WebSpeed [WEBSENDSEGS=18  WEBRESENDSEGS=1  WEBRECVSEGS=0  WEBERRSEGS=0  WEBOUTRSTS=1  WEBESTABLISRST=0  WEBRTTDURATION=25  WEBRTTSEGS=15  WEBSRTT=0  WEBSNDDUPACKS=0  SENDSEGS=2  RESENDSEGS=0  RECVSEGS=2  ERRSEGS=0  OUTRSTS=0  ESTABLISRST=0  RTTDURATION=0  RTTSEGS=0  SNDDUPACKS=0  suckTimes=0 recovage_times=0]
08-21 10:51:14.129  1284  1864 E HwCHRWifiRSSIGroupSummery: updateTcpSummery mRSSI:-58  HwCHRWifiRSSIGroup [rssi_index=4, rtt_tcp_packets=22326, rtt_tcp_duration=35929, rtt_lan_duration=19990, rtt_lan_failures=0, rtt_lan_succ=806, rtt_lan_max=600, rtt_lan_min=3,same_area_frequency=0,adjacent_area_frequency=0]
08-21 10:51:14.134  1284  1864 E HwCHRWebMonitor: HwCHRWifiPacketCnt [mTXGood=6, mTXbad=0, mRXGood=22] rssi=-58
08-21 10:51:14.134  1284  1864 E HwCHRWebMonitor: Good NetWork Traffic , so mOnAppSuckTime, mUnModifyCount reset 0
08-21 10:51:14.383  1284  2367 E LocSvc_ApiV02: I/<--- void globalEventCb(locClientHandleType, uint32_t, const locClientEventIndUnionType, void *) line 114 QMI_LOC_EVENT_GNSS_SV_INFO_IND_V02
08-21 10:51:14.384  1284  3308 E LocSvc_libulp: I/int ulp_brain_process_gnss_sv_report(const GnssSvStatus *), gnss sv report cnt = 237059, gnss pos report cnt = 1393,strong sv cnt = 0
08-21 10:51:14.384  1284  2343 E LocSvc_eng: E/Calling gnss_sv_status_cb
08-21 10:51:14.384  1284  2367 E LocSvc_ApiV02: I/<--- void globalEventCb(locClientHandleType, uint32_t, const locClientEventIndUnionType, void *) line 114 QMI_LOC_EVENT_POSITION_REPORT_IND_V02
08-21 10:51:14.384  1284  3308 E LocSvc_libulp: I/int ulp_brain_process_gnss_position_report(enum loc_sess_status, LocPosTechMask, UlpLocation *, const GpsLocationExtended *, const void *), transition provider returned = 0
08-21 10:51:14.384  1284  3308 E LocSvc_libulp: I/int ulp_brain_process_gnss_position_report(enum loc_sess_status, LocPosTechMask, UlpLocation *, const GpsLocationExtended *, const void *), report GNSS position/status to hybrid fix requests = 0
08-21 10:51:14.898  1284  3308 E LocSvc_libulp: I/int ulp_brain_process_monitor_request(), gnss provider state = 5, quipc provider state = 0
08-21 10:51:15.383  1284  2367 E LocSvc_ApiV02: I/<--- void globalEventCb(locClientHandleType, uint32_t, const locClientEventIndUnionType, void *) line 114 QMI_LOC_EVENT_GNSS_SV_INFO_IND_V02
08-21 10:51:15.383  1284  3308 E LocSvc_libulp: I/int ulp_brain_process_gnss_sv_report(const GnssSvStatus *), gnss sv report cnt = 237060, gnss pos report cnt = 1393,strong sv cnt = 0
08-21 10:51:15.383  1284  2343 E LocSvc_eng: E/Calling gnss_sv_status_cb
08-21 10:51:15.389  1284  2367 E LocSvc_ApiV02: I/<--- void globalEventCb(locClientHandleType, uint32_t, const locClientEventIndUnionType, void *) line 114 QMI_LOC_EVENT_POSITION_REPORT_IND_V02
08-21 10:51:15.389  1284  3308 E LocSvc_libulp: I/int ulp_brain_process_gnss_position_report(enum loc_sess_status, LocPosTechMask, UlpLocation *, const GpsLocationExtended *, const void *), transition provider returned = 0
08-21 10:51:15.389  1284  3308 E LocSvc_libulp: I/int ulp_brain_process_gnss_position_report(enum loc_sess_status, LocPosTechMask, UlpLocation *, const GpsLocationExtended *, const void *), report GNSS position/status to hybrid fix requests = 0
08-21 10:51:15.491  1894  1894 W KeyguardUpdateMonitor: ACTION_BATTERY_CHANGED AMP: 0; Volt: 0
08-21 10:51:15.493  2287  2287 I MsgReceiver: intent action: android.intent.action.BATTERY_CHANGED
08-21 10:51:15.493  2281  2350 W QCNEJ   : |CORE| CNE received unexpected action: android.intent.action.BATTERY_CHANGED
08-21 10:51:15.502  2783 23118 E PTM.FileNodeInfo: getTempInfo error: null, 0
08-21 10:51:15.502  2783 23118 E PTM.FileNodeInfo: getTempInfo error: null, 0
08-21 10:51:15.502  2783 23118 E PTM.FileNodeInfo: getTempInfo error: null, 0
08-21 10:51:15.502  2783 23118 E PTM.FileNodeInfo: getTempInfo error: null, 0
08-21 10:51:15.502  2783 23118 E PTM.FileNodeInfo: getTempInfo error: null, 0
08-21 10:51:15.505  1894  1894 W KeyguardUpdateMonitor: ChargingSpeed  Wattage: -1 ST: 5000000 --> 7500000
08-21 10:51:15.505  1894  1894 I KgBattery: BatteryInfo updated:  2lPc-1
08-21 10:51:15.505  1894  1894 W AppHandler: sendMessage with obj100
08-21 10:51:15.505  1894  1894 W HwLockScreenPanel: Handle message: 100
08-21 10:51:15.505  1894  1894 W KgBattery: getCharge info with type: text
08-21 10:51:15.507  1894  1894 W HwLockScreenPanel: refreshBatteryInfo: null
08-21 10:51:15.525  1894  1894 W HwKeyguardDragHelper: AnimationBlocked
08-21 10:51:15.525  1894  1894 W PanelView: set notification panel padding = 1035
08-21 10:51:16.383  1284  2367 E LocSvc_ApiV02: I/<--- void globalEventCb(locClientHandleType, uint32_t, const locClientEventIndUnionType, void *) line 114 QMI_LOC_EVENT_GNSS_SV_INFO_IND_V02
08-21 10:51:16.384  1284  3308 E LocSvc_libulp: I/int ulp_brain_process_gnss_sv_report(const GnssSvStatus *), gnss sv report cnt = 237061, gnss pos report cnt = 1393,strong sv cnt = 0
08-21 10:51:16.384  1284  2367 E LocSvc_ApiV02: I/<--- void globalEventCb(locClientHandleType, uint32_t, const locClientEventIndUnionType, void *) line 114 QMI_LOC_EVENT_POSITION_REPORT_IND_V02
08-21 10:51:16.384  1284  3308 E LocSvc_libulp: I/int ulp_brain_process_gnss_position_report(enum loc_sess_status, LocPosTechMask, UlpLocation *, const GpsLocationExtended *, const void *), transition provider returned = 0
08-21 10:51:16.384  1284  2343 E LocSvc_eng: E/Calling gnss_sv_status_cb
08-21 10:51:16.384  1284  3308 E LocSvc_libulp: I/int ulp_brain_process_gnss_position_report(enum loc_sess_status, LocPosTechMask, UlpLocation *, const GpsLocationExtended *, const void *), report GNSS position/status to hybrid fix requests = 0
08-21 10:51:17.001  1284 24129 I SendBroadcastPermission: action:android.intent.action.SIG_STR, mPermissionType:0
08-21 10:51:17.006  1894  1949 I HwMobileSignalController: subId:0 phoneType:1 networktype:2 targetClass:1 masterLevel:5 slaveLevel:-1
08-21 10:51:17.384  1284  2367 E LocSvc_ApiV02: I/<--- void globalEventCb(locClientHandleType, uint32_t, const locClientEventIndUnionType, void *) line 114 QMI_LOC_EVENT_GNSS_SV_INFO_IND_V02
08-21 10:51:17.384  1284  2367 E LocSvc_ApiV02: I/<--- void globalEventCb(locClientHandleType, uint32_t, const locClientEventIndUnionType, void *) line 114 QMI_LOC_EVENT_POSITION_REPORT_IND_V02
08-21 10:51:17.384  1284  3308 E LocSvc_libulp: I/int ulp_brain_process_gnss_sv_report(const GnssSvStatus *), gnss sv report cnt = 237062, gnss pos report cnt = 1393,strong sv cnt = 0
08-21 10:51:17.384  1284  3308 E LocSvc_libulp: I/int ulp_brain_process_gnss_position_report(enum loc_sess_status, LocPosTechMask, UlpLocation *, const GpsLocationExtended *, const void *), transition provider returned = 0
08-21 10:51:17.384  1284  3308 E LocSvc_libulp: I/int ulp_brain_process_gnss_position_report(enum loc_sess_status, LocPosTechMask, UlpLocation *, const GpsLocationExtended *, const void *), report GNSS position/status to hybrid fix requests = 0
08-21 10:51:17.384  1284  2343 E LocSvc_eng: E/Calling gnss_sv_status_cb
08-21 10:51:17.898  1284  3308 E LocSvc_libulp: I/int ulp_brain_process_monitor_request(), gnss provider state = 5, quipc provider state = 0
08-21 10:51:17.910   636   636 E         : [E/capacity_limit_control] not demo version, not set power control prop!
08-21 10:51:18.383  1284  2367 E LocSvc_ApiV02: I/<--- void globalEventCb(locClientHandleType, uint32_t, const locClientEventIndUnionType, void *) line 114 QMI_LOC_EVENT_GNSS_SV_INFO_IND_V02
08-21 10:51:18.384  1284  2367 E LocSvc_ApiV02: I/<--- void globalEventCb(locClientHandleType, uint32_t, const locClientEventIndUnionType, void *) line 114 QMI_LOC_EVENT_POSITION_REPORT_IND_V02
08-21 10:51:18.384  1284  3308 E LocSvc_libulp: I/int ulp_brain_process_gnss_sv_report(const GnssSvStatus *), gnss sv report cnt = 237063, gnss pos report cnt = 1393,strong sv cnt = 0
08-21 10:51:18.384  1284  3308 E LocSvc_libulp: I/int ulp_brain_process_gnss_position_report(enum loc_sess_status, LocPosTechMask, UlpLocation *, const GpsLocationExtended *, const void *), transition provider returned = 0
08-21 10:51:18.384  1284  3308 E LocSvc_libulp: I/int ulp_brain_process_gnss_position_report(enum loc_sess_status, LocPosTechMask, UlpLocation *, const GpsLocationExtended *, const void *), report GNSS position/status to hybrid fix requests = 0
08-21 10:51:18.384  1284  2343 E LocSvc_eng: E/Calling gnss_sv_status_cb
08-21 10:51:19.140  1284  1864 E HwCHRWebMonitor: WebMonitor [mNetWorkIsSuck=0 mUIDIsSuck=]  WebSpeed [WEBSENDSEGS=17  WEBRESENDSEGS=0  WEBRECVSEGS=0  WEBERRSEGS=0  WEBOUTRSTS=0  WEBESTABLISRST=0  WEBRTTDURATION=20  WEBRTTSEGS=15  WEBSRTT=0  WEBSNDDUPACKS=0  SENDSEGS=2  RESENDSEGS=0  RECVSEGS=2  ERRSEGS=0  OUTRSTS=0  ESTABLISRST=0  RTTDURATION=0  RTTSEGS=0  SNDDUPACKS=0  suckTimes=0 recovage_times=0]
08-21 10:51:19.140  1284  1864 E HwCHRWifiRSSIGroupSummery: updateTcpSummery mRSSI:-58  HwCHRWifiRSSIGroup [rssi_index=4, rtt_tcp_packets=22341, rtt_tcp_duration=35949, rtt_lan_duration=19990, rtt_lan_failures=0, rtt_lan_succ=806, rtt_lan_max=600, rtt_lan_min=3,same_area_frequency=0,adjacent_area_frequency=0]
08-21 10:51:19.144  1284  1864 E HwCHRWebMonitor: HwCHRWifiPacketCnt [mTXGood=2, mTXbad=0, mRXGood=19] rssi=-58
08-21 10:51:19.144  1284  1864 E HwCHRWebMonitor: Good NetWork Traffic , so mOnAppSuckTime, mUnModifyCount reset 0
08-21 10:51:19.383  1284  2367 E LocSvc_ApiV02: I/<--- void globalEventCb(locClientHandleType, uint32_t, const locClientEventIndUnionType, void *) line 114 QMI_LOC_EVENT_GNSS_SV_INFO_IND_V02
08-21 10:51:19.383  1284  3308 E LocSvc_libulp: I/int ulp_brain_process_gnss_sv_report(const GnssSvStatus *), gnss sv report cnt = 237064, gnss pos report cnt = 1393,strong sv cnt = 0
08-21 10:51:19.383  1284  2343 E LocSvc_eng: E/Calling gnss_sv_status_cb
08-21 10:51:19.394  1284  2367 E LocSvc_ApiV02: I/<--- void globalEventCb(locClientHandleType, uint32_t, const locClientEventIndUnionType, void *) line 114 QMI_LOC_EVENT_POSITION_REPORT_IND_V02
08-21 10:51:19.394  1284  3308 E LocSvc_libulp: I/int ulp_brain_process_gnss_position_report(enum loc_sess_status, LocPosTechMask, UlpLocation *, const GpsLocationExtended *, const void *), transition provider returned = 0
08-21 10:51:19.394  1284  3308 E LocSvc_libulp: I/int ulp_brain_process_gnss_position_report(enum loc_sess_status, LocPosTechMask, UlpLocation *, const GpsLocationExtended *, const void *), report GNSS position/status to hybrid fix requests = 0
08-21 10:51:20.383  1284  2367 E LocSvc_ApiV02: I/<--- void globalEventCb(locClientHandleType, uint32_t, const locClientEventIndUnionType, void *) line 114 QMI_LOC_EVENT_GNSS_SV_INFO_IND_V02
08-21 10:51:20.383  1284  3308 E LocSvc_libulp: I/int ulp_brain_process_gnss_sv_report(const GnssSvStatus *), gnss sv report cnt = 237065, gnss pos report cnt = 1393,strong sv cnt = 0
08-21 10:51:20.383  1284  2343 E LocSvc_eng: E/Calling gnss_sv_status_cb
08-21 10:51:20.384  1284  2367 E LocSvc_ApiV02: I/<--- void globalEventCb(locClientHandleType, uint32_t, const locClientEventIndUnionType, void *) line 114 QMI_LOC_EVENT_POSITION_REPORT_IND_V02
08-21 10:51:20.384  1284  3308 E LocSvc_libulp: I/int ulp_brain_process_gnss_position_report(enum loc_sess_status, LocPosTechMask, UlpLocation *, const GpsLocationExtended *, const void *), transition provider returned = 0
08-21 10:51:20.384  1284  3308 E LocSvc_libulp: I/int ulp_brain_process_gnss_position_report(enum loc_sess_status, LocPosTechMask, UlpLocation *, const GpsLocationExtended *, const void *), report GNSS position/status to hybrid fix requests = 0
08-21 10:51:20.898  1284  3308 E LocSvc_libulp: I/int ulp_brain_process_monitor_request(), gnss provider state = 5, quipc provider state = 0
08-21 10:51:21.383  1284  2367 E LocSvc_ApiV02: I/<--- void globalEventCb(locClientHandleType, uint32_t, const locClientEventIndUnionType, void *) line 114 QMI_LOC_EVENT_GNSS_SV_INFO_IND_V02
08-21 10:51:21.383  1284  3308 E LocSvc_libulp: I/int ulp_brain_process_gnss_sv_report(const GnssSvStatus *), gnss sv report cnt = 237066, gnss pos report cnt = 1393,strong sv cnt = 0
08-21 10:51:21.384  1284  2343 E LocSvc_eng: E/Calling gnss_sv_status_cb
08-21 10:51:21.392  1284  2367 E LocSvc_ApiV02: I/<--- void globalEventCb(locClientHandleType, uint32_t, const locClientEventIndUnionType, void *) line 114 QMI_LOC_EVENT_POSITION_REPORT_IND_V02
08-21 10:51:21.392  1284  3308 E LocSvc_libulp: I/int ulp_brain_process_gnss_position_report(enum loc_sess_status, LocPosTechMask, UlpLocation *, const GpsLocationExtended *, const void *), transition provider returned = 0
08-21 10:51:21.392  1284  3308 E LocSvc_libulp: I/int ulp_brain_process_gnss_position_report(enum loc_sess_status, LocPosTechMask, UlpLocation *, const GpsLocationExtended *, const void *), report GNSS position/status to hybrid fix requests = 0
08-21 10:51:22.384  1284  2367 E LocSvc_ApiV02: I/<--- void globalEventCb(locClientHandleType, uint32_t, const locClientEventIndUnionType, void *) line 114 QMI_LOC_EVENT_GNSS_SV_INFO_IND_V02
08-21 10:51:22.384  1284  3308 E LocSvc_libulp: I/int ulp_brain_process_gnss_sv_report(const GnssSvStatus *), gnss sv report cnt = 237067, gnss pos report cnt = 1393,strong sv cnt = 0
08-21 10:51:22.384  1284  2343 E LocSvc_eng: E/Calling gnss_sv_status_cb
08-21 10:51:22.389  1284  2367 E LocSvc_ApiV02: I/<--- void globalEventCb(locClientHandleType, uint32_t, const locClientEventIndUnionType, void *) line 114 QMI_LOC_EVENT_POSITION_REPORT_IND_V02
08-21 10:51:22.389  1284  3308 E LocSvc_libulp: I/int ulp_brain_process_gnss_position_report(enum loc_sess_status, LocPosTechMask, UlpLocation *, const GpsLocationExtended *, const void *), transition provider returned = 0
08-21 10:51:22.389  1284  3308 E LocSvc_libulp: I/int ulp_brain_process_gnss_position_report(enum loc_sess_status, LocPosTechMask, UlpLocation *, const GpsLocationExtended *, const void *), report GNSS position/status to hybrid fix requests = 0
08-21 10:51:22.917   636   636 E         : [E/capacity_limit_control] not demo version, not set power control prop!
08-21 10:51:23.007  1284  2857 I SendBroadcastPermission: action:android.intent.action.SIG_STR, mPermissionType:0
08-21 10:51:23.015  1894  1949 I HwMobileSignalController: subId:0 phoneType:1 networktype:2 targetClass:1 masterLevel:5 slaveLevel:-1
08-21 10:51:23.383  1284  2367 E LocSvc_ApiV02: I/<--- void globalEventCb(locClientHandleType, uint32_t, const locClientEventIndUnionType, void *) line 114 QMI_LOC_EVENT_GNSS_SV_INFO_IND_V02
08-21 10:51:23.383  1284  3308 E LocSvc_libulp: I/int ulp_brain_process_gnss_sv_report(const GnssSvStatus *), gnss sv report cnt = 237068, gnss pos report cnt = 1393,strong sv cnt = 0
08-21 10:51:23.383  1284  2343 E LocSvc_eng: E/Calling gnss_sv_status_cb
08-21 10:51:23.388  1284  2367 E LocSvc_ApiV02: I/<--- void globalEventCb(locClientHandleType, uint32_t, const locClientEventIndUnionType, void *) line 114 QMI_LOC_EVENT_POSITION_REPORT_IND_V02
08-21 10:51:23.388  1284  3308 E LocSvc_libulp: I/int ulp_brain_process_gnss_position_report(enum loc_sess_status, LocPosTechMask, UlpLocation *, const GpsLocationExtended *, const void *), transition provider returned = 0
08-21 10:51:23.388  1284  3308 E LocSvc_libulp: I/int ulp_brain_process_gnss_position_report(enum loc_sess_status, LocPosTechMask, UlpLocation *, const GpsLocationExtended *, const void *), report GNSS position/status to hybrid fix requests = 0
08-21 10:51:23.662   594   594 I cnss-daemon: RTM_NEWNEIGH message received: 28
08-21 10:51:23.662   594   594 E cnss-daemon: Stale or unreachable neighbors, ndm state: 4
08-21 10:51:23.898  1284  3308 E LocSvc_libulp: I/int ulp_brain_process_monitor_request(), gnss provider state = 5, quipc provider state = 0
08-21 10:51:24.150  1284  1864 E HwCHRWebMonitor: WebMonitor [mNetWorkIsSuck=0 mUIDIsSuck=]  WebSpeed [WEBSENDSEGS=17  WEBRESENDSEGS=1  WEBRECVSEGS=0  WEBERRSEGS=0  WEBOUTRSTS=0  WEBESTABLISRST=0  WEBRTTDURATION=22  WEBRTTSEGS=15  WEBSRTT=0  WEBSNDDUPACKS=0  SENDSEGS=0  RESENDSEGS=0  RECVSEGS=0  ERRSEGS=0  OUTRSTS=0  ESTABLISRST=0  RTTDURATION=0  RTTSEGS=0  SNDDUPACKS=0  suckTimes=0 recovage_times=0]
08-21 10:51:24.150  1284  1864 E HwCHRWifiRSSIGroupSummery: updateTcpSummery mRSSI:-58  HwCHRWifiRSSIGroup [rssi_index=4, rtt_tcp_packets=22356, rtt_tcp_duration=35971, rtt_lan_duration=19990, rtt_lan_failures=0, rtt_lan_succ=806, rtt_lan_max=600, rtt_lan_min=3,same_area_frequency=0,adjacent_area_frequency=0]
08-21 10:51:24.166  1284  1864 E HwCHRWebMonitor: HwCHRWifiPacketCnt [mTXGood=1, mTXbad=0, mRXGood=49] rssi=-58
08-21 10:51:24.167  1284  1864 E HwCHRWebMonitor: Good NetWork Traffic , so mOnAppSuckTime, mUnModifyCount reset 0
08-21 10:51:24.383  1284  2367 E LocSvc_ApiV02: I/<--- void globalEventCb(locClientHandleType, uint32_t, const locClientEventIndUnionType, void *) line 114 QMI_LOC_EVENT_GNSS_SV_INFO_IND_V02
08-21 10:51:24.383  1284  3308 E LocSvc_libulp: I/int ulp_brain_process_gnss_sv_report(const GnssSvStatus *), gnss sv report cnt = 237069, gnss pos report cnt = 1393,strong sv cnt = 0
08-21 10:51:24.383  1284  2343 E LocSvc_eng: E/Calling gnss_sv_status_cb
08-21 10:51:24.387  1284  2367 E LocSvc_ApiV02: I/<--- void globalEventCb(locClientHandleType, uint32_t, const locClientEventIndUnionType, void *) line 114 QMI_LOC_EVENT_POSITION_REPORT_IND_V02
08-21 10:51:24.389  1284  3308 E LocSvc_libulp: I/int ulp_brain_process_gnss_position_report(enum loc_sess_status, LocPosTechMask, UlpLocation *, const GpsLocationExtended *, const void *), transition provider returned = 0
08-21 10:51:24.389  1284  3308 E LocSvc_libulp: I/int ulp_brain_process_gnss_position_report(enum loc_sess_status, LocPosTechMask, UlpLocation *, const GpsLocationExtended *, const void *), report GNSS position/status to hybrid fix requests = 0
08-21 10:51:25.383  1284  2367 E LocSvc_ApiV02: I/<--- void globalEventCb(locClientHandleType, uint32_t, const locClientEventIndUnionType, void *) line 114 QMI_LOC_EVENT_GNSS_SV_INFO_IND_V02
08-21 10:51:25.383  1284  3308 E LocSvc_libulp: I/int ulp_brain_process_gnss_sv_report(const GnssSvStatus *), gnss sv report cnt = 237070, gnss pos report cnt = 1393,strong sv cnt = 0
08-21 10:51:25.383  1284  2343 E LocSvc_eng: E/Calling gnss_sv_status_cb
08-21 10:51:25.388  1284  2367 E LocSvc_ApiV02: I/<--- void globalEventCb(locClientHandleType, uint32_t, const locClientEventIndUnionType, void *) line 114 QMI_LOC_EVENT_POSITION_REPORT_IND_V02
08-21 10:51:25.388  1284  3308 E LocSvc_libulp: I/int ulp_brain_process_gnss_position_report(enum loc_sess_status, LocPosTechMask, UlpLocation *, const GpsLocationExtended *, const void *), transition provider returned = 0
08-21 10:51:25.388  1284  3308 E LocSvc_libulp: I/int ulp_brain_process_gnss_position_report(enum loc_sess_status, LocPosTechMask, UlpLocation *, const GpsLocationExtended *, const void *), report GNSS position/status to hybrid fix requests = 0
08-21 10:51:26.054  1284  1506 I EventHub: EventHub monitor: no key events in the past 2264s, no motion events in the past 1269s
08-21 10:51:26.383  1284  2367 E LocSvc_ApiV02: I/<--- void globalEventCb(locClientHandleType, uint32_t, const locClientEventIndUnionType, void *) line 114 QMI_LOC_EVENT_GNSS_SV_INFO_IND_V02
08-21 10:51:26.383  1284  2367 E LocSvc_ApiV02: I/<--- void globalEventCb(locClientHandleType, uint32_t, const locClientEventIndUnionType, void *) line 114 QMI_LOC_EVENT_POSITION_REPORT_IND_V02
08-21 10:51:26.383  1284  3308 E LocSvc_libulp: I/int ulp_brain_process_gnss_sv_report(const GnssSvStatus *), gnss sv report cnt = 237071, gnss pos report cnt = 1393,strong sv cnt = 0
08-21 10:51:26.383  1284  3308 E LocSvc_libulp: I/int ulp_brain_process_gnss_position_report(enum loc_sess_status, LocPosTechMask, UlpLocation *, const GpsLocationExtended *, const void *), transition provider returned = 0
08-21 10:51:26.383  1284  3308 E LocSvc_libulp: I/int ulp_brain_process_gnss_position_report(enum loc_sess_status, LocPosTechMask, UlpLocation *, const GpsLocationExtended *, const void *), report GNSS position/status to hybrid fix requests = 0
08-21 10:51:26.383  1284  2343 E LocSvc_eng: E/Calling gnss_sv_status_cb
08-21 10:51:26.891   594   594 I cnss-daemon: RTM_NEWROUTE Indication
08-21 10:51:26.891   594   594 E cnss-daemon: gateway mac address: %02x:%02x:%02x:%02x:%02x:%02x
08-21 10:51:26.891   594   594 E cnss-daemon: : 00:00:00:00:00:00
08-21 10:51:26.891   594   594 E cnss-daemon: Invalid mac address: 0x55716e4110M
08-21 10:51:26.899  1284  3308 E LocSvc_libulp: I/int ulp_brain_process_monitor_request(), gnss provider state = 5, quipc provider state = 0
08-21 10:51:27.383  1284  2367 E LocSvc_ApiV02: I/<--- void globalEventCb(locClientHandleType, uint32_t, const locClientEventIndUnionType, void *) line 114 QMI_LOC_EVENT_GNSS_SV_INFO_IND_V02
08-21 10:51:27.383  1284  3308 E LocSvc_libulp: I/int ulp_brain_process_gnss_sv_report(const GnssSvStatus *), gnss sv report cnt = 237072, gnss pos report cnt = 1393,strong sv cnt = 0
08-21 10:51:27.383  1284  2343 E LocSvc_eng: E/Calling gnss_sv_status_cb
08-21 10:51:27.393  1284  2367 E LocSvc_ApiV02: I/<--- void globalEventCb(locClientHandleType, uint32_t, const locClientEventIndUnionType, void *) line 114 QMI_LOC_EVENT_POSITION_REPORT_IND_V02
08-21 10:51:27.393  1284  3308 E LocSvc_libulp: I/int ulp_brain_process_gnss_position_report(enum loc_sess_status, LocPosTechMask, UlpLocation *, const GpsLocationExtended *, const void *), transition provider returned = 0
08-21 10:51:27.393  1284  3308 E LocSvc_libulp: I/int ulp_brain_process_gnss_position_report(enum loc_sess_status, LocPosTechMask, UlpLocation *, const GpsLocationExtended *, const void *), report GNSS position/status to hybrid fix requests = 0
08-21 10:51:27.923   636   636 E         : [E/capacity_limit_control] not demo version, not set power control prop!
08-21 10:51:28.383  1284  2367 E LocSvc_ApiV02: I/<--- void globalEventCb(locClientHandleType, uint32_t, const locClientEventIndUnionType, void *) line 114 QMI_LOC_EVENT_GNSS_SV_INFO_IND_V02
08-21 10:51:28.383  1284  3308 E LocSvc_libulp: I/int ulp_brain_process_gnss_sv_report(const GnssSvStatus *), gnss sv report cnt = 237073, gnss pos report cnt = 1393,strong sv cnt = 0
08-21 10:51:28.383  1284  2343 E LocSvc_eng: E/Calling gnss_sv_status_cb
08-21 10:51:28.392  1284  2367 E LocSvc_ApiV02: I/<--- void globalEventCb(locClientHandleType, uint32_t, const locClientEventIndUnionType, void *) line 114 QMI_LOC_EVENT_POSITION_REPORT_IND_V02
08-21 10:51:28.392  1284  3308 E LocSvc_libulp: I/int ulp_brain_process_gnss_position_report(enum loc_sess_status, LocPosTechMask, UlpLocation *, const GpsLocationExtended *, const void *), transition provider returned = 0
08-21 10:51:28.392  1284  3308 E LocSvc_libulp: I/int ulp_brain_process_gnss_position_report(enum loc_sess_status, LocPosTechMask, UlpLocation *, const GpsLocationExtended *, const void *), report GNSS position/status to hybrid fix requests = 0
08-21 10:51:29.161  1284  1864 E HwCHRWebMonitor: WebMonitor [mNetWorkIsSuck=0 mUIDIsSuck=]  WebSpeed [WEBSENDSEGS=15  WEBRESENDSEGS=0  WEBRECVSEGS=0  WEBERRSEGS=0  WEBOUTRSTS=0  WEBESTABLISRST=0  WEBRTTDURATION=26  WEBRTTSEGS=15  WEBSRTT=0  WEBSNDDUPACKS=0  SENDSEGS=0  RESENDSEGS=0  RECVSEGS=0  ERRSEGS=0  OUTRSTS=0  ESTABLISRST=0  RTTDURATION=0  RTTSEGS=0  SNDDUPACKS=0  suckTimes=0 recovage_times=0]
08-21 10:51:29.161  1284  1864 E HwCHRWifiRSSIGroupSummery: updateTcpSummery mRSSI:-58  HwCHRWifiRSSIGroup [rssi_index=4, rtt_tcp_packets=22371, rtt_tcp_duration=35997, rtt_lan_duration=19990, rtt_lan_failures=0, rtt_lan_succ=806, rtt_lan_max=600, rtt_lan_min=3,same_area_frequency=0,adjacent_area_frequency=0]
08-21 10:51:29.178  1284  1864 E HwCHRWebMonitor: HwCHRWifiPacketCnt [mTXGood=0, mTXbad=0, mRXGood=24] rssi=-58
08-21 10:51:29.178  1284  1864 E HwCHRWebMonitor: Good NetWork Traffic , so mOnAppSuckTime, mUnModifyCount reset 0
08-21 10:51:29.383  1284  2367 E LocSvc_ApiV02: I/<--- void globalEventCb(locClientHandleType, uint32_t, const locClientEventIndUnionType, void *) line 114 QMI_LOC_EVENT_GNSS_SV_INFO_IND_V02
08-21 10:51:29.383  1284  3308 E LocSvc_libulp: I/int ulp_brain_process_gnss_sv_report(const GnssSvStatus *), gnss sv report cnt = 237074, gnss pos report cnt = 1393,strong sv cnt = 0
08-21 10:51:29.383  1284  2343 E LocSvc_eng: E/Calling gnss_sv_status_cb
08-21 10:51:29.388  1284  2367 E LocSvc_ApiV02: I/<--- void globalEventCb(locClientHandleType, uint32_t, const locClientEventIndUnionType, void *) line 114 QMI_LOC_EVENT_POSITION_REPORT_IND_V02
08-21 10:51:29.390  1284  3308 E LocSvc_libulp: I/int ulp_brain_process_gnss_position_report(enum loc_sess_status, LocPosTechMask, UlpLocation *, const GpsLocationExtended *, const void *), transition provider returned = 0
08-21 10:51:29.390  1284  3308 E LocSvc_libulp: I/int ulp_brain_process_gnss_position_report(enum loc_sess_status, LocPosTechMask, UlpLocation *, const GpsLocationExtended *, const void *), report GNSS position/status to hybrid fix requests = 0
08-21 10:51:29.899  1284  3308 E LocSvc_libulp: I/int ulp_brain_process_monitor_request(), gnss provider state = 5, quipc provider state = 0
08-21 10:51:30.383  1284  2367 E LocSvc_ApiV02: I/<--- void globalEventCb(locClientHandleType, uint32_t, const locClientEventIndUnionType, void *) line 114 QMI_LOC_EVENT_GNSS_SV_INFO_IND_V02
08-21 10:51:30.383  1284  3308 E LocSvc_libulp: I/int ulp_brain_process_gnss_sv_report(const GnssSvStatus *), gnss sv report cnt = 237075, gnss pos report cnt = 1393,strong sv cnt = 0
08-21 10:51:30.383  1284  2343 E LocSvc_eng: E/Calling gnss_sv_status_cb
08-21 10:51:30.388  1284  2367 E LocSvc_ApiV02: I/<--- void globalEventCb(locClientHandleType, uint32_t, const locClientEventIndUnionType, void *) line 114 QMI_LOC_EVENT_POSITION_REPORT_IND_V02
08-21 10:51:30.388  1284  3308 E LocSvc_libulp: I/int ulp_brain_process_gnss_position_report(enum loc_sess_status, LocPosTechMask, UlpLocation *, const GpsLocationExtended *, const void *), transition provider returned = 0
08-21 10:51:30.388  1284  3308 E LocSvc_libulp: I/int ulp_brain_process_gnss_position_report(enum loc_sess_status, LocPosTechMask, UlpLocation *, const GpsLocationExtended *, const void *), report GNSS position/status to hybrid fix requests = 0
08-21 10:51:31.384  1284  2367 E LocSvc_ApiV02: I/<--- void globalEventCb(locClientHandleType, uint32_t, const locClientEventIndUnionType, void *) line 114 QMI_LOC_EVENT_GNSS_SV_INFO_IND_V02
08-21 10:51:31.384  1284  3308 E LocSvc_libulp: I/int ulp_brain_process_gnss_sv_report(const GnssSvStatus *), gnss sv report cnt = 237076, gnss pos report cnt = 1393,strong sv cnt = 0
08-21 10:51:31.384  1284  2343 E LocSvc_eng: E/Calling gnss_sv_status_cb
08-21 10:51:31.389  1284  2367 E LocSvc_ApiV02: I/<--- void globalEventCb(locClientHandleType, uint32_t, const locClientEventIndUnionType, void *) line 114 QMI_LOC_EVENT_POSITION_REPORT_IND_V02
08-21 10:51:31.389  1284  3308 E LocSvc_libulp: I/int ulp_brain_process_gnss_position_report(enum loc_sess_status, LocPosTechMask, UlpLocation *, const GpsLocationExtended *, const void *), transition provider returned = 0
08-21 10:51:31.389  1284  3308 E LocSvc_libulp: I/int ulp_brain_process_gnss_position_report(enum loc_sess_status, LocPosTechMask, UlpLocation *, const GpsLocationExtended *, const void *), report GNSS position/status to hybrid fix requests = 0
08-21 10:51:31.451  1284  1799 W AlarmManager: mIsScreenOn is: false, WAKEUP alarm trigger action = com.google.android.location.ALARM_WAKEUP_LOCATOR package name is: com.google.android.gms
08-21 10:51:31.468  1284  1830 E WifiScanningService: Got invalid work source request: WorkSource{} from ClientInfo[uid=10015]
08-21 10:51:31.476  2310 32155 W PhoneInterfaceManager: shouldBlockLocation running ...
08-21 10:51:31.476  2310 32155 I PhoneInterfaceManager: shouldBlockLocation  ret:false
08-21 10:51:31.949  1284  2215 I LocationManagerService: incoming location: Location[network 56******,47****** acc=20 et=+4d2h42m53s861ms alt=101.5]
08-21 10:51:31.949  2783 23835 I NCCHR_NcLogCollectServiceImpl: getUserType = 6
08-21 10:51:31.952  1284  2215 I LocationManagerService: incoming location: Location[network 56******,47****** acc=20 et=+4d2h42m53s861ms alt=101.5]
08-21 10:51:31.953  2783  2795 I NCCHR_NcLogCollectServiceImpl: getUserType = 6
08-21 10:51:31.959  1284  2215 I HwResourcesImpl: can't get the package name, so lock resource
08-21 10:51:31.974  2287  2513 I InputManager: new hook event
08-21 10:51:31.977  1284  2215 I HwResourcesImpl: can't get the package name, so lock resource
08-21 10:51:31.982  1284  2215 E LocSvc_flp: I/===> int flp_inject_location(FlpLocation *) line 281 
08-21 10:51:31.982  1284  2215 E         : I/===> int FlpLocationClient::flp_inject_location(FlpExtLocation *) line 285 
08-21 10:51:31.982  1284  2343 E LocSvc_api_v02: I/---> locClientSendReq line 2069 QMI_LOC_INJECT_POSITION_REQ_V02
08-21 10:51:31.983  1284  2215 E LocSvc_eng: I/===> int loc_eng_inject_location(loc_eng_data_s_type &, double, double, float) line 2162 
08-21 10:51:31.984  1284  2344 E QMI_FW  : QCCI qmi_cci_xport_recv: txn not found. svc_id: 16
08-21 10:51:31.985  1284  2343 E LocSvc_IzatApiV02: E/virtual int izat_core::IzatApiV02::injectLocation(FlpExtLocation):2154]: error! inject position failed
08-21 10:51:31.985  1284  2343 E LocSvc_api_v02: I/---> locClientSendReq line 2069 QMI_LOC_INJECT_POSITION_REQ_V02
08-21 10:51:31.985  1284  2367 E QMI_FW  : QCCI qmi_cci_xport_recv: txn not found. svc_id: 16
08-21 10:51:31.987  1284  2343 E LocSvc_ApiV02: E/virtual enum loc_api_adapter_err LocApiV02::injectPosition(double, double, float):778]: error! status = eLOC_CLIENT_FAILURE_INVALID_PARAMETER, inject_pos_ind.status = eQMI_LOC_SUCCESS_V02
08-21 10:51:31.987  1284  3308 E LocSvc_libulp: I/int ulp_brain_process_gnp_position_report(UlpLocation *), first_fix_pending 0, request active = 0,gnss running 1, gnss state 5 quipc running 0 quipc state 0
08-21 10:51:31.987  1284  3308 E LocSvc_libulp: I/int ulp_brain_process_gnp_position_report(UlpLocation *), report GNP position to hybrid fix requests = 1
08-21 10:51:31.987  1284  3308 E LocSvc_libulp: I/int ulp_brain_transition_all_providers(), before transition, 
08-21 10:51:31.987  1284  3308 E LocSvc_libulp:  GNSS provider state = 5,  GNSS selected to run = 1,  GNSS onoff_cnt = -5, GNSS high speed flag = 0 
08-21 10:51:31.987  1284  3308 E LocSvc_libulp:  QUIPC provider state = 0, QUIPC selected to run = 1, QUIPC onoff_cnt = 5, 
08-21 10:51:31.987  1284  3308 E LocSvc_libulp:  GNP provider state = 1,   GNP selected to run = 1,   GNP onoff_cnt = 1, 
08-21 10:51:31.987  1284  3308 E LocSvc_libulp: I/int ulp_brain_transition_all_providers(), after transition, 
08-21 10:51:31.987  1284  3308 E LocSvc_libulp:  GNSS provider state = 5,  GNSS selected to run = 1,  GNSS onoff_cnt = -5, GNSS high speed flag = 0 
08-21 10:51:31.987  1284  3308 E LocSvc_libulp:  QUIPC provider state = 0, QUIPC selected to run = 1, QUIPC onoff_cnt = 5, 
08-21 10:51:31.987  1284  3308 E LocSvc_libulp:  GNP provider state = 1,   GNP selected to run = 1,   GNP onoff_cnt = 1 
08-21 10:51:31.987  1284  2343 E LocSvc_api_v02: I/---> locClientSendReq line 2069 QMI_LOC_INJECT_POSITION_REQ_V02
08-21 10:51:31.987  1284  3308 E LocSvc_libulp: I/===> int ulp_brain_turn_onoff_dr_provider() line 848 
08-21 10:51:31.987  1284  3308 E LocSvc_libulp: I/===> int ulp_dr_stop_engine() line 235 
08-21 10:51:31.988  1284  2367 E QMI_FW  : QCCI qmi_cci_xport_recv: txn not found. svc_id: 16
08-21 10:51:31.989  1284  2343 E LocSvc_LBSApiV02: E/virtual int lbs_core::LBSApiV02::injectCoarsePosition(const CoarsePositionInfo &):352]: Error : st = 3, ind.status = 0
08-21 10:51:31.989  1284  2343 E LocSvc_api_v02: I/---> locClientSendReq line 2069 QMI_LOC_INJECT_WIFI_POSITION_REQ_V02
08-21 10:51:31.990  1284  2367 E LocSvc_ApiV02: I/<--- void globalRespCb(locClientHandleType, uint32_t, const locClientRespIndUnionType, uint32_t, void *) line 140 QMI_LOC_INJECT_WIFI_POSITION_REQ_V02
08-21 10:51:31.990  1284  2215 I LocationManagerService: incoming location: Location[fused 56******,47****** acc=20 et=+4d2h42m54s46ms alt=0.0 vel=0.0 bear=0.0]
08-21 10:51:31.991  2783 11138 I NCCHR_NcLogCollectServiceImpl: getUserType = 6
08-21 10:51:31.993  1284  2215 I HwResourcesImpl: can't get the package name, so lock resource
08-21 10:51:31.997  1284  2215 I LocationManagerService: incoming location: Location[fused 56******,47****** acc=20 et=+4d2h42m54s46ms alt=0.0 vel=0.0 bear=0.0]
08-21 10:51:32.001  2783  2794 I NCCHR_NcLogCollectServiceImpl: getUserType = 6
08-21 10:51:32.383  1284  2367 E LocSvc_ApiV02: I/<--- void globalEventCb(locClientHandleType, uint32_t, const locClientEventIndUnionType, void *) line 114 QMI_LOC_EVENT_GNSS_SV_INFO_IND_V02
08-21 10:51:32.383  1284  3308 E LocSvc_libulp: I/int ulp_brain_process_gnss_sv_report(const GnssSvStatus *), gnss sv report cnt = 237077, gnss pos report cnt = 1393,strong sv cnt = 0
08-21 10:51:32.383  1284  2343 E LocSvc_eng: E/Calling gnss_sv_status_cb
08-21 10:51:32.387  1284  2367 E LocSvc_ApiV02: I/<--- void globalEventCb(locClientHandleType, uint32_t, const locClientEventIndUnionType, void *) line 114 QMI_LOC_EVENT_POSITION_REPORT_IND_V02
08-21 10:51:32.387  1284  3308 E LocSvc_libulp: I/int ulp_brain_process_gnss_position_report(enum loc_sess_status, LocPosTechMask, UlpLocation *, const GpsLocationExtended *, const void *), transition provider returned = 0
08-21 10:51:32.388  1284  3308 E LocSvc_libulp: I/int ulp_brain_process_gnss_position_report(enum loc_sess_status, LocPosTechMask, UlpLocation *, const GpsLocationExtended *, const void *), report GNSS position/status to hybrid fix requests = 0
08-21 10:51:32.932   636   636 E         : [E/capacity_limit_control] not demo version, not set power control prop!
08-21 10:51:33.383  1284  2367 E LocSvc_ApiV02: I/<--- void globalEventCb(locClientHandleType, uint32_t, const locClientEventIndUnionType, void *) line 114 QMI_LOC_EVENT_GNSS_SV_INFO_IND_V02
08-21 10:51:33.384  1284  3308 E LocSvc_libulp: I/int ulp_brain_process_gnss_sv_report(const GnssSvStatus *), gnss sv report cnt = 237078, gnss pos report cnt = 1393,strong sv cnt = 0
08-21 10:51:33.384  1284  2343 E LocSvc_eng: E/Calling gnss_sv_status_cb
08-21 10:51:33.389  1284  2367 E LocSvc_ApiV02: I/<--- void globalEventCb(locClientHandleType, uint32_t, const locClientEventIndUnionType, void *) line 114 QMI_LOC_EVENT_POSITION_REPORT_IND_V02
08-21 10:51:33.389  1284  3308 E LocSvc_libulp: I/int ulp_brain_process_gnss_position_report(enum loc_sess_status, LocPosTechMask, UlpLocation *, const GpsLocationExtended *, const void *), transition provider returned = 0
08-21 10:51:33.389  1284  3308 E LocSvc_libulp: I/int ulp_brain_process_gnss_position_report(enum loc_sess_status, LocPosTechMask, UlpLocation *, const GpsLocationExtended *, const void *), report GNSS position/status to hybrid fix requests = 0
08-21 10:51:34.173  1284  1864 E HwCHRWebMonitor: WebMonitor [mNetWorkIsSuck=0 mUIDIsSuck=]  WebSpeed [WEBSENDSEGS=17  WEBRESENDSEGS=0  WEBRECVSEGS=0  WEBERRSEGS=0  WEBOUTRSTS=0  WEBESTABLISRST=0  WEBRTTDURATION=19  WEBRTTSEGS=15  WEBSRTT=0  WEBSNDDUPACKS=0  SENDSEGS=2  RESENDSEGS=0  RECVSEGS=1  ERRSEGS=0  OUTRSTS=0  ESTABLISRST=0  RTTDURATION=2  RTTSEGS=1  SNDDUPACKS=0  suckTimes=0 recovage_times=0]
08-21 10:51:34.173  1284  1864 E HwCHRWifiRSSIGroupSummery: updateTcpSummery mRSSI:-58  HwCHRWifiRSSIGroup [rssi_index=4, rtt_tcp_packets=22386, rtt_tcp_duration=36016, rtt_lan_duration=19990, rtt_lan_failures=0, rtt_lan_succ=806, rtt_lan_max=600, rtt_lan_min=3,same_area_frequency=0,adjacent_area_frequency=0]
08-21 10:51:34.189  1284  1864 E HwCHRWebMonitor: HwCHRWifiPacketCnt [mTXGood=2, mTXbad=0, mRXGood=31] rssi=-58
08-21 10:51:34.189  1284  1864 E HwCHRWebMonitor: Good NetWork Traffic , so mOnAppSuckTime, mUnModifyCount reset 0
08-21 10:51:34.384  1284  2367 E LocSvc_ApiV02: I/<--- void globalEventCb(locClientHandleType, uint32_t, const locClientEventIndUnionType, void *) line 114 QMI_LOC_EVENT_GNSS_SV_INFO_IND_V02
08-21 10:51:34.384  1284  3308 E LocSvc_libulp: I/int ulp_brain_process_gnss_sv_report(const GnssSvStatus *), gnss sv report cnt = 237079, gnss pos report cnt = 1393,strong sv cnt = 0
08-21 10:51:34.384  1284  2343 E LocSvc_eng: E/Calling gnss_sv_status_cb
08-21 10:51:34.389  1284  2367 E LocSvc_ApiV02: I/<--- void globalEventCb(locClientHandleType, uint32_t, const locClientEventIndUnionType, void *) line 114 QMI_LOC_EVENT_POSITION_REPORT_IND_V02
08-21 10:51:34.389  1284  3308 E LocSvc_libulp: I/int ulp_brain_process_gnss_position_report(enum loc_sess_status, LocPosTechMask, UlpLocation *, const GpsLocationExtended *, const void *), transition provider returned = 0
08-21 10:51:34.389  1284  3308 E LocSvc_libulp: I/int ulp_brain_process_gnss_position_report(enum loc_sess_status, LocPosTechMask, UlpLocation *, const GpsLocationExtended *, const void *), report GNSS position/status to hybrid fix requests = 0
08-21 10:51:34.987  1284  3308 E LocSvc_libulp: I/int ulp_brain_process_monitor_request(), gnss provider state = 5, quipc provider state = 0
08-21 10:51:35.384  1284  2367 E LocSvc_ApiV02: I/<--- void globalEventCb(locClientHandleType, uint32_t, const locClientEventIndUnionType, void *) line 114 QMI_LOC_EVENT_GNSS_SV_INFO_IND_V02
08-21 10:51:35.384  1284  3308 E LocSvc_libulp: I/int ulp_brain_process_gnss_sv_report(const GnssSvStatus *), gnss sv report cnt = 237080, gnss pos report cnt = 1393,strong sv cnt = 0
08-21 10:51:35.384  1284  2343 E LocSvc_eng: E/Calling gnss_sv_status_cb
08-21 10:51:35.384  1284  2367 E LocSvc_ApiV02: I/<--- void globalEventCb(locClientHandleType, uint32_t, const locClientEventIndUnionType, void *) line 114 QMI_LOC_EVENT_POSITION_REPORT_IND_V02
08-21 10:51:35.385  1284  3308 E LocSvc_libulp: I/int ulp_brain_process_gnss_position_report(enum loc_sess_status, LocPosTechMask, UlpLocation *, const GpsLocationExtended *, const void *), transition provider returned = 0
08-21 10:51:35.385  1284  3308 E LocSvc_libulp: I/int ulp_brain_process_gnss_position_report(enum loc_sess_status, LocPosTechMask, UlpLocation *, const GpsLocationExtended *, const void *), report GNSS position/status to hybrid fix requests = 0
08-21 10:51:35.502   594   594 I cnss-daemon: RTM_NEWNEIGH message received: 28
08-21 10:51:35.502   594   594 I cnss-daemon: NDA_DST received: 10.10.53.126 ul: 562995020499466
08-21 10:51:35.502   594   594 I cnss-daemon: NDA_LLADDR received
08-21 10:51:36.383  1284  2367 E LocSvc_ApiV02: I/<--- void globalEventCb(locClientHandleType, uint32_t, const locClientEventIndUnionType, void *) line 114 QMI_LOC_EVENT_GNSS_SV_INFO_IND_V02
08-21 10:51:36.383  1284  3308 E LocSvc_libulp: I/int ulp_brain_process_gnss_sv_report(const GnssSvStatus *), gnss sv report cnt = 237081, gnss pos report cnt = 1393,strong sv cnt = 0
08-21 10:51:36.383  1284  2367 E LocSvc_ApiV02: I/<--- void globalEventCb(locClientHandleType, uint32_t, const locClientEventIndUnionType, void *) line 114 QMI_LOC_EVENT_POSITION_REPORT_IND_V02
08-21 10:51:36.383  1284  2343 E LocSvc_eng: E/Calling gnss_sv_status_cb
08-21 10:51:36.383  1284  3308 E LocSvc_libulp: I/int ulp_brain_process_gnss_position_report(enum loc_sess_status, LocPosTechMask, UlpLocation *, const GpsLocationExtended *, const void *), transition provider returned = 0
08-21 10:51:36.383  1284  3308 E LocSvc_libulp: I/int ulp_brain_process_gnss_position_report(enum loc_sess_status, LocPosTechMask, UlpLocation *, const GpsLocationExtended *, const void *), report GNSS position/status to hybrid fix requests = 0
08-21 10:51:37.227  2267  2267 E CHR_CenumENCSubEventId: set ordinal Value failed! name is not in the enum map, name = QcCommonPara
08-21 10:51:37.295  2267  2354 W System.err: java.lang.reflect.InvocationTargetException
08-21 10:51:37.295  2267  2354 W System.err: 	at java.lang.reflect.Method.invoke(Native Method)
08-21 10:51:37.295  2267  2354 W System.err: 	at com.huawei.android.chr.qcom.QcomModemInfoCollector.getHardWareVersion(QcomModemInfoCollector.java:1608)
08-21 10:51:37.295  2267  2354 W System.err: 	at com.huawei.android.chr.ProtocolLogManager.addSubCommonBaseParaInfo(ProtocolLogManager.java:293)
08-21 10:51:37.295  2267  2354 W System.err: 	at com.huawei.android.chr.ProtocolLogManager.addAPCommonParaForEvent(ProtocolLogManager.java:399)
08-21 10:51:37.295  2267  2354 W System.err: 	at com.huawei.android.chr.ProtocolLogManager.handleReportChrAPCommonPara(ProtocolLogManager.java:616)
08-21 10:51:37.295  2267  2354 W System.err: 	at com.huawei.android.chr.ProtocolLogManager.handleMessage(ProtocolLogManager.java:171)
08-21 10:51:37.295  2267  2354 W System.err: 	at android.os.Handler.dispatchMessage(Handler.java:105)
08-21 10:51:37.295  2267  2354 W System.err: 	at android.os.Looper.loop(Looper.java:156)
08-21 10:51:37.295  2267  2354 W System.err: 	at android.os.HandlerThread.run(HandlerThread.java:61)
08-21 10:51:37.296  2267  2354 W System.err: Caused by: com.huawei.android.util.NoExtAPIException: method not supported.
08-21 10:51:37.296  2267  2354 W System.err: 	at com.huawei.android.manufacture.ProjectMenuCustEx.getApparatusModel(ProjectMenuCustEx.java:79)
08-21 10:51:37.296  2267  2354 W System.err: 	... 9 more
08-21 10:51:37.296  2267  2354 E         : come into oem_qmi_common_stream_from_modem_len --->modem 
08-21 10:51:37.299  2267  2354 E         : Lib:oem_qmi_cmd: Send to server  passed!!
08-21 10:51:37.300  2267  2354 E         : ######  output 0
08-21 10:51:37.300  2267  2354 E         : ---qmi : rapi_event_type=10044, qmi_ret=0, return_status=1. 
08-21 10:51:37.300  2267  2354 E         : come into oem_qmi_common_stream_from_modem_len --->modem 
08-21 10:51:37.300  2267  2354 E         : Lib:oem_qmi_cmd: Send to server  passed!!
08-21 10:51:37.303  2267  2354 E         : ######  output 75
08-21 10:51:37.303  2267  2354 E         : ---qmi : rapi_event_type=10051, qmi_ret=0, return_status=1. 
08-21 10:51:37.305  2267  2354 E         : come into oem_qmi_common_stream_from_modem_len --->modem 
08-21 10:51:37.305  2267  2354 E         : Lib:oem_qmi_cmd: Send to server  passed!!
08-21 10:51:37.307  2267  2354 E         : ######  output 1
08-21 10:51:37.307  2267  2354 E         : ---qmi : rapi_event_type=10024, qmi_ret=0, return_status=1. 
08-21 10:51:37.307  2267  2354 E         : come into oem_qmi_common_stream_from_modem_len --->modem 
08-21 10:51:37.307  2267  2354 E         : Lib:oem_qmi_cmd: Send to server  passed!!
08-21 10:51:37.310  2267  2354 E         : ######  output 1
08-21 10:51:37.310  2267  2354 E         : ---qmi : rapi_event_type=10024, qmi_ret=0, return_status=1. 
08-21 10:51:37.333  2267  2354 E CHR_ProtocolLogManager: sub_other: 1
