08-21 10:49:33.388  1284  3308 E LocSvc_libulp: I/int ulp_brain_process_gnss_position_report(enum loc_sess_status, LocPosTechMask, UlpLocation *, const GpsLocationExtended *, const void *), transition provider returned = 0
08-21 10:49:33.388  1284  3308 E LocSvc_libulp: I/int ulp_brain_process_gnss_position_report(enum loc_sess_status, LocPosTechMask, UlpLocation *, const GpsLocationExtended *, const void *), report GNSS position/status to hybrid fix requests = 0
08-21 10:49:33.927  1284  1864 E HwCHRWebMonitor: WebMonitor [mNetWorkIsSuck=0 mUIDIsSuck=]  WebSpeed [WEBSENDSEGS=21  WEBRESENDSEGS=0  WEBRECVSEGS=3  WEBERRSEGS=0  WEBOUTRSTS=0  WEBESTABLISRST=1  WEBRTTDURATION=24  WEBRTTSEGS=17  WEBSRTT=0  WEBSNDDUPACKS=0  SENDSEGS=0  RESENDSEGS=0  RECVSEGS=0  ERRSEGS=0  OUTRSTS=0  ESTABLISRST=0  RTTDURATION=0  RTTSEGS=0  SNDDUPACKS=0  suckTimes=0 recovage_times=0]
08-21 10:49:33.927  1284  1864 E HwCHRWifiRSSIGroupSummery: updateTcpSummery mRSSI:-58  HwCHRWifiRSSIGroup [rssi_index=4, rtt_tcp_packets=22029, rtt_tcp_duration=35496, rtt_lan_duration=19871, rtt_lan_failures=0, rtt_lan_succ=802, rtt_lan_max=600, rtt_lan_min=3,same_area_frequency=0,adjacent_area_frequency=0]
08-21 10:49:33.932  1284  1864 E HwCHRWebMonitor: HwCHRWifiPacketCnt [mTXGood=7, mTXbad=0, mRXGood=30] rssi=-58
08-21 10:49:33.932  1284  1864 E HwCHRWebMonitor: Good NetWork Traffic , so mOnAppSuckTime, mUnModifyCount reset 0
08-21 10:49:34.066  1284  3308 E LocSvc_libulp: I/int ulp_brain_process_monitor_request(), gnss provider state = 5, quipc provider state = 0
08-21 10:49:34.382  1284  2367 E LocSvc_ApiV02: I/<--- void globalEventCb(locClientHandleType, uint32_t, const locClientEventIndUnionType, void *) line 114 QMI_LOC_EVENT_GNSS_SV_INFO_IND_V02
08-21 10:49:34.383  1284  2367 E LocSvc_ApiV02: I/<--- void globalEventCb(locClientHandleType, uint32_t, const locClientEventIndUnionType, void *) line 114 QMI_LOC_EVENT_POSITION_REPORT_IND_V02
08-21 10:49:34.383  1284  3308 E LocSvc_libulp: I/int ulp_brain_process_gnss_sv_report(const GnssSvStatus *), gnss sv report cnt = 236959, gnss pos report cnt = 1393,strong sv cnt = 0
08-21 10:49:34.383  1284  3308 E LocSvc_libulp: I/int ulp_brain_process_gnss_position_report(enum loc_sess_status, LocPosTechMask, UlpLocation *, const GpsLocationExtended *, const void *), transition provider returned = 0
08-21 10:49:34.383  1284  3308 E LocSvc_libulp: I/int ulp_brain_process_gnss_position_report(enum loc_sess_status, LocPosTechMask, UlpLocation *, const GpsLocationExtended *, const void *), report GNSS position/status to hybrid fix requests = 0
08-21 10:49:34.383  1284  2343 E LocSvc_eng: E/Calling gnss_sv_status_cb
08-21 10:49:35.293  1894  1894 W KeyguardUpdateMonitor: ACTION_BATTERY_CHANGED AMP: 0; Volt: 0
08-21 10:49:35.293  2281  2350 W QCNEJ   : |CORE| CNE received unexpected action: android.intent.action.BATTERY_CHANGED
08-21 10:49:35.293  2287  2287 I MsgReceiver: intent action: android.intent.action.BATTERY_CHANGED
08-21 10:49:35.301  2783 22813 E PTM.FileNodeInfo: getTempInfo error: null, 0
08-21 10:49:35.301  2783 22813 E PTM.FileNodeInfo: getTempInfo error: null, 0
08-21 10:49:35.301  2783 22813 E PTM.FileNodeInfo: getTempInfo error: null, 0
08-21 10:49:35.301  2783 22813 E PTM.FileNodeInfo: getTempInfo error: null, 0
08-21 10:49:35.301  2783 22813 E PTM.FileNodeInfo: getTempInfo error: null, 0
08-21 10:49:35.308  1894  1894 W KeyguardUpdateMonitor: ChargingSpeed  Wattage: -1 ST: 5000000 --> 7500000
08-21 10:49:35.308  1894  1894 I KgBattery: BatteryInfo updated:  2lPc-1
08-21 10:49:35.308  1894  1894 W AppHandler: sendMessage with obj100
08-21 10:49:35.309  1894  1894 W HwLockScreenPanel: Handle message: 100
08-21 10:49:35.309  1894  1894 W KgBattery: getCharge info with type: text
08-21 10:49:35.312  1894  1894 W HwLockScreenPanel: refreshBatteryInfo: null
08-21 10:49:35.331  1894  1894 W HwKeyguardDragHelper: AnimationBlocked
08-21 10:49:35.331  1894  1894 W PanelView: set notification panel padding = 1035
08-21 10:49:35.382  1284  2367 E LocSvc_ApiV02: I/<--- void globalEventCb(locClientHandleType, uint32_t, const locClientEventIndUnionType, void *) line 114 QMI_LOC_EVENT_GNSS_SV_INFO_IND_V02
08-21 10:49:35.383  1284  3308 E LocSvc_libulp: I/int ulp_brain_process_gnss_sv_report(const GnssSvStatus *), gnss sv report cnt = 236960, gnss pos report cnt = 1393,strong sv cnt = 0
08-21 10:49:35.383  1284  2343 E LocSvc_eng: E/Calling gnss_sv_status_cb
08-21 10:49:35.388  1284  2367 E LocSvc_ApiV02: I/<--- void globalEventCb(locClientHandleType, uint32_t, const locClientEventIndUnionType, void *) line 114 QMI_LOC_EVENT_POSITION_REPORT_IND_V02
08-21 10:49:35.388  1284  3308 E LocSvc_libulp: I/int ulp_brain_process_gnss_position_report(enum loc_sess_status, LocPosTechMask, UlpLocation *, const GpsLocationExtended *, const void *), transition provider returned = 0
08-21 10:49:35.388  1284  3308 E LocSvc_libulp: I/int ulp_brain_process_gnss_position_report(enum loc_sess_status, LocPosTechMask, UlpLocation *, const GpsLocationExtended *, const void *), report GNSS position/status to hybrid fix requests = 0
08-21 10:49:36.063 22738 22794 W msgr.0zI: OpenH264 voltron loading disabled by kill switch
08-21 10:49:36.125 22738 22816 W msgr.0gs: Called user scoped provider with no viewer. ViewerContextManager was created with no ViewerContext. Using EmptyViewerContextManager to return fake logged in instance.
08-21 10:49:36.173 22738 22794 I mobileconfig: No OTA resource found
08-21 10:49:36.173 22738 22794 I mobileconfig: Using asset manager to stream (sessionless: YES) params_map.txt
08-21 10:49:36.264 22738 22794 I mobileconfig: Params map streaming - readbytes: 446179/446179
08-21 10:49:36.264 22738 22794 I mobileconfig: Successfully parsed (sessionless: YES) params_map.txt
08-21 10:49:36.266 22738 22794 I mobileconfig: Read one query hash from asset, it is = f0278c921533483c7cdcb001275a4b6164f0b903bebc41a0e98ae03d96c48d6f
08-21 10:49:36.271 22738 22794 I mobileconfig: Initialized MobileConfig - directory: /data/user/0/com.facebook.orca/files, appVersion: 278.0.0.16.103, paramHash: 0895882c26966cb5dc1d6727d0beadcb, readOnly: false bufferPathPostfix: 
08-21 10:49:36.309 22738 22794 W art     : Before Android 4.1, method double java.util.concurrent.ThreadLocalRandom.internalNextDouble(double, double) would have incorrectly overridden the package-private method in java.util.Random
08-21 10:49:36.309 22738 22794 W art     : Before Android 4.1, method int java.util.concurrent.ThreadLocalRandom.internalNextInt(int, int) would have incorrectly overridden the package-private method in java.util.Random
08-21 10:49:36.309 22738 22794 W art     : Before Android 4.1, method long java.util.concurrent.ThreadLocalRandom.internalNextLong(long, long) would have incorrectly overridden the package-private method in java.util.Random
08-21 10:49:36.383  1284  2367 E LocSvc_ApiV02: I/<--- void globalEventCb(locClientHandleType, uint32_t, const locClientEventIndUnionType, void *) line 114 QMI_LOC_EVENT_GNSS_SV_INFO_IND_V02
08-21 10:49:36.383  1284  3308 E LocSvc_libulp: I/int ulp_brain_process_gnss_sv_report(const GnssSvStatus *), gnss sv report cnt = 236961, gnss pos report cnt = 1393,strong sv cnt = 0
08-21 10:49:36.383  1284  2343 E LocSvc_eng: E/Calling gnss_sv_status_cb
08-21 10:49:36.387  1284  2367 E LocSvc_ApiV02: I/<--- void globalEventCb(locClientHandleType, uint32_t, const locClientEventIndUnionType, void *) line 114 QMI_LOC_EVENT_POSITION_REPORT_IND_V02
08-21 10:49:36.387  1284  3308 E LocSvc_libulp: I/int ulp_brain_process_gnss_position_report(enum loc_sess_status, LocPosTechMask, UlpLocation *, const GpsLocationExtended *, const void *), transition provider returned = 0
08-21 10:49:36.387  1284  3308 E LocSvc_libulp: I/int ulp_brain_process_gnss_position_report(enum loc_sess_status, LocPosTechMask, UlpLocation *, const GpsLocationExtended *, const void *), report GNSS position/status to hybrid fix requests = 0
08-21 10:49:36.771 22738 22782 W msgr.lacrima: FbErrorReportingConfig.earlyInit wasn't called.
08-21 10:49:36.854 22738 22782 W msgr.0gs: Called user scoped provider with no viewer. ViewerContextManager was created with no ViewerContext. Using EmptyViewerContextManager to return fake logged in instance.
08-21 10:49:36.863 22738 22778 W msgr.0gs: Called user scoped provider with no viewer. ViewerContextManager was created with no ViewerContext. Using EmptyViewerContextManager to return fake logged in instance.
08-21 10:49:36.869   634   689 W AwareLog:defragd: delay_us exceeds max timeout: 39989276 us
08-21 10:49:36.890 22738 22778 W msgr.0gs: Called user scoped provider with no viewer. ViewerContextManager was created with no ViewerContext. Using EmptyViewerContextManager to return fake logged in instance.
08-21 10:49:36.908 22738 22785 W msgr.0gs: Called user scoped provider with no viewer. ViewerContextManager was created with no ViewerContext. Using EmptyViewerContextManager to return fake logged in instance.
08-21 10:49:36.911 22738 22785 W msgr.0gs: Called user scoped provider with no viewer. ViewerContextManager was created with no ViewerContext. Using EmptyViewerContextManager to return fake logged in instance.
08-21 10:49:36.912 22738 22785 I SendBroadcastPermission: action:com.facebook.orca.ACTION_INBOX_BADGE_COUNT_UPDATED, mPermissionType:0
08-21 10:49:36.944 22738 22795 W msgr.0gs: Called user scoped provider with no viewer. ViewerContextManager was created with no ViewerContext. Using EmptyViewerContextManager to return fake logged in instance.
08-21 10:49:37.066  1284  3308 E LocSvc_libulp: I/int ulp_brain_process_monitor_request(), gnss provider state = 5, quipc provider state = 0
08-21 10:49:37.114 22738 22795 W msgr.0gs: Called user scoped provider with no viewer. ViewerContextManager was created with no ViewerContext. Using EmptyViewerContextManager to return fake logged in instance.
08-21 10:49:37.137 22738 22780 W msgr.MessengerLacrimaConfig: MessengerLacrimaConfig.earlyInit wasn't called.
08-21 10:49:37.174 22738 22816 W msgr.0gs: Called user scoped provider with no viewer. ViewerContextManager was created with no ViewerContext. Using EmptyViewerContextManager to return fake logged in instance.
08-21 10:49:37.181 22738 22785 I SendBroadcastPermission: action:messenger_diode_badge_sync_action, mPermissionType:0
08-21 10:49:37.209 22738 22743 I art     : Do full code cache collection, code=112KB, data=120KB
08-21 10:49:37.210 22738 22743 I art     : After code cache collection, code=111KB, data=106KB
08-21 10:49:37.267 22738 22794 W msgr.SyncInitializer: Start regular sync initialization
08-21 10:49:37.382  1284  2367 E LocSvc_ApiV02: I/<--- void globalEventCb(locClientHandleType, uint32_t, const locClientEventIndUnionType, void *) line 114 QMI_LOC_EVENT_GNSS_SV_INFO_IND_V02
08-21 10:49:37.383  1284  3308 E LocSvc_libulp: I/int ulp_brain_process_gnss_sv_report(const GnssSvStatus *), gnss sv report cnt = 236962, gnss pos report cnt = 1393,strong sv cnt = 0
08-21 10:49:37.383  1284  2343 E LocSvc_eng: E/Calling gnss_sv_status_cb
08-21 10:49:37.391  1284  2367 E LocSvc_ApiV02: I/<--- void globalEventCb(locClientHandleType, uint32_t, const locClientEventIndUnionType, void *) line 114 QMI_LOC_EVENT_POSITION_REPORT_IND_V02
08-21 10:49:37.391  1284  3308 E LocSvc_libulp: I/int ulp_brain_process_gnss_position_report(enum loc_sess_status, LocPosTechMask, UlpLocation *, const GpsLocationExtended *, const void *), transition provider returned = 0
08-21 10:49:37.391  1284  3308 E LocSvc_libulp: I/int ulp_brain_process_gnss_position_report(enum loc_sess_status, LocPosTechMask, UlpLocation *, const GpsLocationExtended *, const void *), report GNSS position/status to hybrid fix requests = 0
08-21 10:49:37.448 22738 22794 W msgr.0gs: Called user scoped provider with no viewer. ViewerContextManager was created with no ViewerContext. Using EmptyViewerContextManager to return fake logged in instance.
08-21 10:49:37.457 18535 18535 I Finsky  : [1] zrq.a(21): Connecting InstallListener to SplitInstallService broadcaster...
08-21 10:49:37.470 18535 18548 I Finsky  : [1437] zsy.a(7): getSessionStates for package: com.facebook.orca
08-21 10:49:37.619   636   636 E         : [E/capacity_limit_control] not demo version, not set power control prop!
08-21 10:49:38.190 22738 22785 I SendBroadcastPermission: action:messenger_diode_badge_sync_action, mPermissionType:0
08-21 10:49:38.383  1284  2367 E LocSvc_ApiV02: I/<--- void globalEventCb(locClientHandleType, uint32_t, const locClientEventIndUnionType, void *) line 114 QMI_LOC_EVENT_GNSS_SV_INFO_IND_V02
08-21 10:49:38.383  1284  3308 E LocSvc_libulp: I/int ulp_brain_process_gnss_sv_report(const GnssSvStatus *), gnss sv report cnt = 236963, gnss pos report cnt = 1393,strong sv cnt = 0
08-21 10:49:38.383  1284  2343 E LocSvc_eng: E/Calling gnss_sv_status_cb
08-21 10:49:38.390  1284  2367 E LocSvc_ApiV02: I/<--- void globalEventCb(locClientHandleType, uint32_t, const locClientEventIndUnionType, void *) line 114 QMI_LOC_EVENT_POSITION_REPORT_IND_V02
08-21 10:49:38.391  1284  3308 E LocSvc_libulp: I/int ulp_brain_process_gnss_position_report(enum loc_sess_status, LocPosTechMask, UlpLocation *, const GpsLocationExtended *, const void *), transition provider returned = 0
08-21 10:49:38.391  1284  3308 E LocSvc_libulp: I/int ulp_brain_process_gnss_position_report(enum loc_sess_status, LocPosTechMask, UlpLocation *, const GpsLocationExtended *, const void *), report GNSS position/status to hybrid fix requests = 0
08-21 10:49:38.896  1284  3308 E LocSvc_libulp: I/int ulp_msg_process_system_update(const UlpSystemEvent): systemEvent:5 
08-21 10:49:38.896  1284  3308 E LocSvc_libulp: I/===> int ulp_brain_turn_onoff_dr_provider() line 848 
08-21 10:49:38.896  1284  3308 E LocSvc_libulp: I/===> int ulp_dr_stop_engine() line 235 
08-21 10:49:38.896  1284  3308 E LocSvc_libulp: I/int ulp_msg_process_start_req(), at ulp state = 1
08-21 10:49:38.896  1284  2343 E LocSvc_api_v02: I/---> locClientSendReq line 2069 QMI_LOC_GET_BEST_AVAILABLE_POSITION_REQ_V02
08-21 10:49:38.898  1284  2367 E LocSvc_ApiV02: I/<--- void globalRespCb(locClientHandleType, uint32_t, const locClientRespIndUnionType, uint32_t, void *) line 140 QMI_LOC_GET_BEST_AVAILABLE_POSITION_REQ_V02
08-21 10:49:38.898  1284  3308 E LocSvc_libulp: I/int ulp_brain_process_zpp_position_report(const enum loc_sess_status, LocPosTechMask, UlpLocation *), report ZPP position to providers,report_position = 1
08-21 10:49:38.898  1284  3308 E LocSvc_libulp: I/===> int ulp_brain_turn_onoff_dr_provider() line 848 
08-21 10:49:38.898  1284  3308 E LocSvc_libulp: I/===> int ulp_dr_stop_engine() line 235 
08-21 10:49:38.939  1284  1864 E HwCHRWebMonitor: WebMonitor [mNetWorkIsSuck=0 mUIDIsSuck=]  WebSpeed [WEBSENDSEGS=19  WEBRESENDSEGS=1  WEBRECVSEGS=0  WEBERRSEGS=0  WEBOUTRSTS=0  WEBESTABLISRST=0  WEBRTTDURATION=16  WEBRTTSEGS=15  WEBSRTT=0  WEBSNDDUPACKS=0  SENDSEGS=0  RESENDSEGS=0  RECVSEGS=0  ERRSEGS=0  OUTRSTS=0  ESTABLISRST=0  RTTDURATION=0  RTTSEGS=0  SNDDUPACKS=0  suckTimes=0 recovage_times=0]
08-21 10:49:38.939  1284  1864 E HwCHRWifiRSSIGroupSummery: updateTcpSummery mRSSI:-58  HwCHRWifiRSSIGroup [rssi_index=4, rtt_tcp_packets=22044, rtt_tcp_duration=35512, rtt_lan_duration=19871, rtt_lan_failures=0, rtt_lan_succ=802, rtt_lan_max=600, rtt_lan_min=3,same_area_frequency=0,adjacent_area_frequency=0]
08-21 10:49:38.955  1284  1864 E HwCHRWebMonitor: HwCHRWifiPacketCnt [mTXGood=1, mTXbad=0, mRXGood=21] rssi=-58
08-21 10:49:38.955  1284  1864 E HwCHRWebMonitor: Good NetWork Traffic , so mOnAppSuckTime, mUnModifyCount reset 0
08-21 10:49:39.384  1284  2367 E LocSvc_ApiV02: I/<--- void globalEventCb(locClientHandleType, uint32_t, const locClientEventIndUnionType, void *) line 114 QMI_LOC_EVENT_GNSS_SV_INFO_IND_V02
08-21 10:49:39.385  1284  3308 E LocSvc_libulp: I/int ulp_brain_process_gnss_sv_report(const GnssSvStatus *), gnss sv report cnt = 236964, gnss pos report cnt = 1393,strong sv cnt = 0
08-21 10:49:39.385  1284  2343 E LocSvc_eng: E/Calling gnss_sv_status_cb
08-21 10:49:39.390  1284  2367 E LocSvc_ApiV02: I/<--- void globalEventCb(locClientHandleType, uint32_t, const locClientEventIndUnionType, void *) line 114 QMI_LOC_EVENT_POSITION_REPORT_IND_V02
08-21 10:49:39.390  1284  3308 E LocSvc_libulp: I/int ulp_brain_process_gnss_position_report(enum loc_sess_status, LocPosTechMask, UlpLocation *, const GpsLocationExtended *, const void *), transition provider returned = 0
08-21 10:49:39.390  1284  3308 E LocSvc_libulp: I/int ulp_brain_process_gnss_position_report(enum loc_sess_status, LocPosTechMask, UlpLocation *, const GpsLocationExtended *, const void *), report GNSS position/status to hybrid fix requests = 0
08-21 10:49:40.066  1284  3308 E LocSvc_libulp: I/int ulp_brain_process_monitor_request(), gnss provider state = 5, quipc provider state = 0
08-21 10:49:40.202 22738 22785 I SendBroadcastPermission: action:messenger_diode_badge_sync_action, mPermissionType:0
08-21 10:49:40.384  1284  2367 E LocSvc_ApiV02: I/<--- void globalEventCb(locClientHandleType, uint32_t, const locClientEventIndUnionType, void *) line 114 QMI_LOC_EVENT_GNSS_SV_INFO_IND_V02
08-21 10:49:40.384  1284  3308 E LocSvc_libulp: I/int ulp_brain_process_gnss_sv_report(const GnssSvStatus *), gnss sv report cnt = 236965, gnss pos report cnt = 1393,strong sv cnt = 0
08-21 10:49:40.384  1284  2343 E LocSvc_eng: E/Calling gnss_sv_status_cb
08-21 10:49:40.388  1284  2367 E LocSvc_ApiV02: I/<--- void globalEventCb(locClientHandleType, uint32_t, const locClientEventIndUnionType, void *) line 114 QMI_LOC_EVENT_POSITION_REPORT_IND_V02
08-21 10:49:40.389  1284  3308 E LocSvc_libulp: I/int ulp_brain_process_gnss_position_report(enum loc_sess_status, LocPosTechMask, UlpLocation *, const GpsLocationExtended *, const void *), transition provider returned = 0
08-21 10:49:40.389  1284  3308 E LocSvc_libulp: I/int ulp_brain_process_gnss_position_report(enum loc_sess_status, LocPosTechMask, UlpLocation *, const GpsLocationExtended *, const void *), report GNSS position/status to hybrid fix requests = 0
08-21 10:49:41.063 22738 22738 W msgr.0gs: Called user scoped provider with no viewer. ViewerContextManager was created with no ViewerContext. Using EmptyViewerContextManager to return fake logged in instance.
08-21 10:49:41.385  1284  2367 E LocSvc_ApiV02: I/<--- void globalEventCb(locClientHandleType, uint32_t, const locClientEventIndUnionType, void *) line 114 QMI_LOC_EVENT_GNSS_SV_INFO_IND_V02
08-21 10:49:41.385  1284  3308 E LocSvc_libulp: I/int ulp_brain_process_gnss_sv_report(const GnssSvStatus *), gnss sv report cnt = 236966, gnss pos report cnt = 1393,strong sv cnt = 0
08-21 10:49:41.385  1284  2343 E LocSvc_eng: E/Calling gnss_sv_status_cb
08-21 10:49:41.389  1284  2367 E LocSvc_ApiV02: I/<--- void globalEventCb(locClientHandleType, uint32_t, const locClientEventIndUnionType, void *) line 114 QMI_LOC_EVENT_POSITION_REPORT_IND_V02
08-21 10:49:41.390  1284  3308 E LocSvc_libulp: I/int ulp_brain_process_gnss_position_report(enum loc_sess_status, LocPosTechMask, UlpLocation *, const GpsLocationExtended *, const void *), transition provider returned = 0
08-21 10:49:41.390  1284  3308 E LocSvc_libulp: I/int ulp_brain_process_gnss_position_report(enum loc_sess_status, LocPosTechMask, UlpLocation *, const GpsLocationExtended *, const void *), report GNSS position/status to hybrid fix requests = 0
08-21 10:49:41.473  1284  1799 W AlarmManager: mIsScreenOn is: false, WAKEUP alarm talarm.operation == null,package name is: android listenerTag is: *job.delay* creator uid is: 1000
08-21 10:49:41.473  1284  1799 W AlarmManager: mIsScreenOn is: false, WAKEUP alarm trigger action = com.google.android.location.ALARM_WAKEUP_LOCATOR package name is: com.google.android.gms
08-21 10:49:41.485  1284  1830 E WifiScanningService: Got invalid work source request: WorkSource{} from ClientInfo[uid=10015]
08-21 10:49:41.505  2310  2738 W PhoneInterfaceManager: shouldBlockLocation running ...
08-21 10:49:41.505  2310  2738 I PhoneInterfaceManager: shouldBlockLocation  ret:false
08-21 10:49:41.923  1284  2215 I LocationManagerService: incoming location: Location[network 56******,47****** acc=23 et=+4d2h41m3s911ms alt=101.19999694824219]
08-21 10:49:41.923  2783  2794 I NCCHR_NcLogCollectServiceImpl: getUserType = 6
08-21 10:49:41.926  1284  2215 I LocationManagerService: incoming location: Location[network 56******,47****** acc=23 et=+4d2h41m3s911ms alt=101.19999694824219]
08-21 10:49:41.927  2783 23835 I NCCHR_NcLogCollectServiceImpl: getUserType = 6
08-21 10:49:41.937  1284  2215 I HwResourcesImpl: can't get the package name, so lock resource
08-21 10:49:41.955  1284  2215 I HwResourcesImpl: can't get the package name, so lock resource
08-21 10:49:41.959  1284  2215 E LocSvc_flp: I/===> int flp_inject_location(FlpLocation *) line 281 
08-21 10:49:41.959  1284  2215 E         : I/===> int FlpLocationClient::flp_inject_location(FlpExtLocation *) line 285 
08-21 10:49:41.960  1284  2343 E LocSvc_api_v02: I/---> locClientSendReq line 2069 QMI_LOC_INJECT_POSITION_REQ_V02
08-21 10:49:41.960  1284  2215 E LocSvc_eng: I/===> int loc_eng_inject_location(loc_eng_data_s_type &, double, double, float) line 2162 
08-21 10:49:41.961  1284  2344 E QMI_FW  : QCCI qmi_cci_xport_recv: txn not found. svc_id: 16
08-21 10:49:41.961  1284  2343 E LocSvc_IzatApiV02: E/virtual int izat_core::IzatApiV02::injectLocation(FlpExtLocation):2154]: error! inject position failed
08-21 10:49:41.961  1284  2343 E LocSvc_api_v02: I/---> locClientSendReq line 2069 QMI_LOC_INJECT_POSITION_REQ_V02
08-21 10:49:41.962  1284  2367 E QMI_FW  : QCCI qmi_cci_xport_recv: txn not found. svc_id: 16
08-21 10:49:41.962  1284  2343 E LocSvc_ApiV02: E/virtual enum loc_api_adapter_err LocApiV02::injectPosition(double, double, float):778]: error! status = eLOC_CLIENT_FAILURE_INVALID_PARAMETER, inject_pos_ind.status = eQMI_LOC_SUCCESS_V02
08-21 10:49:41.962  1284  3308 E LocSvc_libulp: I/int ulp_brain_process_gnp_position_report(UlpLocation *), first_fix_pending 0, request active = 0,gnss running 1, gnss state 5 quipc running 0 quipc state 0
08-21 10:49:41.962  1284  2343 E LocSvc_api_v02: I/---> locClientSendReq line 2069 QMI_LOC_INJECT_POSITION_REQ_V02
08-21 10:49:41.962  1284  3308 E LocSvc_libulp: I/int ulp_brain_process_gnp_position_report(UlpLocation *), report GNP position to hybrid fix requests = 1
08-21 10:49:41.962  1284  3308 E LocSvc_libulp: I/int ulp_brain_transition_all_providers(), before transition, 
08-21 10:49:41.962  1284  3308 E LocSvc_libulp:  GNSS provider state = 5,  GNSS selected to run = 1,  GNSS onoff_cnt = -5, GNSS high speed flag = 0 
08-21 10:49:41.962  1284  3308 E LocSvc_libulp:  QUIPC provider state = 0, QUIPC selected to run = 1, QUIPC onoff_cnt = 5, 
08-21 10:49:41.962  1284  3308 E LocSvc_libulp:  GNP provider state = 1,   GNP selected to run = 1,   GNP onoff_cnt = 1, 
08-21 10:49:41.962  1284  3308 E LocSvc_libulp: I/int ulp_brain_transition_all_providers(), after transition, 
08-21 10:49:41.962  1284  3308 E LocSvc_libulp:  GNSS provider state = 5,  GNSS selected to run = 1,  GNSS onoff_cnt = -5, GNSS high speed flag = 0 
08-21 10:49:41.962  1284  3308 E LocSvc_libulp:  QUIPC provider state = 0, QUIPC selected to run = 1, QUIPC onoff_cnt = 5, 
08-21 10:49:41.962  1284  3308 E LocSvc_libulp:  GNP provider state = 1,   GNP selected to run = 1,   GNP onoff_cnt = 1 
08-21 10:49:41.962  1284  3308 E LocSvc_libulp: I/===> int ulp_brain_turn_onoff_dr_provider() line 848 
08-21 10:49:41.962  1284  3308 E LocSvc_libulp: I/===> int ulp_dr_stop_engine() line 235 
08-21 10:49:41.963  1284  2367 E QMI_FW  : QCCI qmi_cci_xport_recv: txn not found. svc_id: 16
08-21 10:49:41.963  1284  2343 E LocSvc_LBSApiV02: E/virtual int lbs_core::LBSApiV02::injectCoarsePosition(const CoarsePositionInfo &):352]: Error : st = 3, ind.status = 0
08-21 10:49:41.963  1284  2343 E LocSvc_api_v02: I/---> locClientSendReq line 2069 QMI_LOC_INJECT_WIFI_POSITION_REQ_V02
08-21 10:49:41.964  1284  2367 E LocSvc_ApiV02: I/<--- void globalRespCb(locClientHandleType, uint32_t, const locClientRespIndUnionType, uint32_t, void *) line 140 QMI_LOC_INJECT_WIFI_POSITION_REQ_V02
08-21 10:49:41.966  1284  2215 I LocationManagerService: incoming location: Location[fused 56******,47****** acc=23 et=+4d2h41m4s22ms alt=0.0 vel=0.0 bear=0.0]
08-21 10:49:41.966  2783  2795 I NCCHR_NcLogCollectServiceImpl: getUserType = 6
08-21 10:49:41.969  1284  2215 I HwResourcesImpl: can't get the package name, so lock resource
08-21 10:49:41.973  1284  2215 I LocationManagerService: incoming location: Location[fused 56******,47****** acc=23 et=+4d2h41m4s22ms alt=0.0 vel=0.0 bear=0.0]
08-21 10:49:41.974  2783 11138 I NCCHR_NcLogCollectServiceImpl: getUserType = 6
08-21 10:49:42.248  1284  1297 I art     : Background partial concurrent mark sweep GC freed 58274(3MB) AllocSpace objects, 12(272KB) LOS objects, 19% free, 32MB/40MB, paused 3.593ms total 252.621ms
08-21 10:49:42.383  1284  2367 E LocSvc_ApiV02: I/<--- void globalEventCb(locClientHandleType, uint32_t, const locClientEventIndUnionType, void *) line 114 QMI_LOC_EVENT_GNSS_SV_INFO_IND_V02
08-21 10:49:42.383  1284  3308 E LocSvc_libulp: I/int ulp_brain_process_gnss_sv_report(const GnssSvStatus *), gnss sv report cnt = 236967, gnss pos report cnt = 1393,strong sv cnt = 0
08-21 10:49:42.384  1284  2343 E LocSvc_eng: E/Calling gnss_sv_status_cb
08-21 10:49:42.386  1284  2367 E LocSvc_ApiV02: I/<--- void globalEventCb(locClientHandleType, uint32_t, const locClientEventIndUnionType, void *) line 114 QMI_LOC_EVENT_POSITION_REPORT_IND_V02
08-21 10:49:42.387  1284  3308 E LocSvc_libulp: I/int ulp_brain_process_gnss_position_report(enum loc_sess_status, LocPosTechMask, UlpLocation *, const GpsLocationExtended *, const void *), transition provider returned = 0
08-21 10:49:42.388  1284  3308 E LocSvc_libulp: I/int ulp_brain_process_gnss_position_report(enum loc_sess_status, LocPosTechMask, UlpLocation *, const GpsLocationExtended *, const void *), report GNSS position/status to hybrid fix requests = 0
08-21 10:49:42.627   636   636 E         : [E/capacity_limit_control] not demo version, not set power control prop!
08-21 10:49:42.662   636   636 E         : [E/capacity_limit_control] not demo version, not set power control prop!
08-21 10:49:42.792   594   594 I cnss-daemon: RTM_NEWNEIGH message received: 28
08-21 10:49:42.792   594   594 E cnss-daemon: Stale or unreachable neighbors, ndm state: 4
08-21 10:49:43.383  1284  2367 E LocSvc_ApiV02: I/<--- void globalEventCb(locClientHandleType, uint32_t, const locClientEventIndUnionType, void *) line 114 QMI_LOC_EVENT_GNSS_SV_INFO_IND_V02
08-21 10:49:43.383  1284  3308 E LocSvc_libulp: I/int ulp_brain_process_gnss_sv_report(const GnssSvStatus *), gnss sv report cnt = 236968, gnss pos report cnt = 1393,strong sv cnt = 0
08-21 10:49:43.383  1284  2343 E LocSvc_eng: E/Calling gnss_sv_status_cb
08-21 10:49:43.388  1284  2367 E LocSvc_ApiV02: I/<--- void globalEventCb(locClientHandleType, uint32_t, const locClientEventIndUnionType, void *) line 114 QMI_LOC_EVENT_POSITION_REPORT_IND_V02
08-21 10:49:43.388  1284  3308 E LocSvc_libulp: I/int ulp_brain_process_gnss_position_report(enum loc_sess_status, LocPosTechMask, UlpLocation *, const GpsLocationExtended *, const void *), transition provider returned = 0
08-21 10:49:43.388  1284  3308 E LocSvc_libulp: I/int ulp_brain_process_gnss_position_report(enum loc_sess_status, LocPosTechMask, UlpLocation *, const GpsLocationExtended *, const void *), report GNSS position/status to hybrid fix requests = 0
08-21 10:49:43.619  2783  2783 I iMonitor: create: 903001011
08-21 10:49:43.624   592  1118 I logserver: handle_exception_events enter
08-21 10:49:43.629  2783  2783 I iMonitor: send: 903001011
08-21 10:49:43.630  2783  2783 W PTM.PeriodCheckManager: mSendService start
08-21 10:49:43.637  2783  3005 E LogCollectService: illegal eventid
08-21 10:49:43.920   594   594 I cnss-daemon: RTM_NEWNEIGH message received: 28
08-21 10:49:43.920   594   594 I cnss-daemon: NDA_DST received: 10.10.53.126 ul: 562995020499466
08-21 10:49:43.920   594   594 I cnss-daemon: NDA_LLADDR received
08-21 10:49:43.922  1284  1864 E HwCHRWifiRSSIGroupSummery: updatArpSummery mRSSI:-58  HwCHRWifiRSSIGroup [rssi_index=4, rtt_tcp_packets=22044, rtt_tcp_duration=35512, rtt_lan_duration=19949, rtt_lan_failures=0, rtt_lan_succ=803, rtt_lan_max=600, rtt_lan_min=3,same_area_frequency=0,adjacent_area_frequency=0]
08-21 10:49:43.946  1284  1864 E HwCHRWebMonitor: WebMonitor [mNetWorkIsSuck=0 mUIDIsSuck=]  WebSpeed [WEBSENDSEGS=16  WEBRESENDSEGS=0  WEBRECVSEGS=0  WEBERRSEGS=0  WEBOUTRSTS=0  WEBESTABLISRST=0  WEBRTTDURATION=24  WEBRTTSEGS=15  WEBSRTT=0  WEBSNDDUPACKS=0  SENDSEGS=0  RESENDSEGS=0  RECVSEGS=0  ERRSEGS=0  OUTRSTS=0  ESTABLISRST=0  RTTDURATION=0  RTTSEGS=0  SNDDUPACKS=0  suckTimes=0 recovage_times=0]
08-21 10:49:43.946  1284  1864 E HwCHRWifiRSSIGroupSummery: updateTcpSummery mRSSI:-58  HwCHRWifiRSSIGroup [rssi_index=4, rtt_tcp_packets=22059, rtt_tcp_duration=35536, rtt_lan_duration=19949, rtt_lan_failures=0, rtt_lan_succ=803, rtt_lan_max=600, rtt_lan_min=3,same_area_frequency=0,adjacent_area_frequency=0]
08-21 10:49:43.951  1284  1864 E HwCHRWebMonitor: HwCHRWifiPacketCnt [mTXGood=1, mTXbad=0, mRXGood=67] rssi=-58
08-21 10:49:43.951  1284  1864 E HwCHRWebMonitor: Good NetWork Traffic , so mOnAppSuckTime, mUnModifyCount reset 0
08-21 10:49:44.225 22738 22785 I SendBroadcastPermission: action:messenger_diode_badge_sync_action, mPermissionType:0
08-21 10:49:44.383  1284  2367 E LocSvc_ApiV02: I/<--- void globalEventCb(locClientHandleType, uint32_t, const locClientEventIndUnionType, void *) line 114 QMI_LOC_EVENT_GNSS_SV_INFO_IND_V02
08-21 10:49:44.383  1284  3308 E LocSvc_libulp: I/int ulp_brain_process_gnss_sv_report(const GnssSvStatus *), gnss sv report cnt = 236969, gnss pos report cnt = 1393,strong sv cnt = 0
08-21 10:49:44.384  1284  2343 E LocSvc_eng: E/Calling gnss_sv_status_cb
08-21 10:49:44.392  1284  2367 E LocSvc_ApiV02: I/<--- void globalEventCb(locClientHandleType, uint32_t, const locClientEventIndUnionType, void *) line 114 QMI_LOC_EVENT_POSITION_REPORT_IND_V02
08-21 10:49:44.392  1284  3308 E LocSvc_libulp: I/int ulp_brain_process_gnss_position_report(enum loc_sess_status, LocPosTechMask, UlpLocation *, const GpsLocationExtended *, const void *), transition provider returned = 0
08-21 10:49:44.392  1284  3308 E LocSvc_libulp: I/int ulp_brain_process_gnss_position_report(enum loc_sess_status, LocPosTechMask, UlpLocation *, const GpsLocationExtended *, const void *), report GNSS position/status to hybrid fix requests = 0
08-21 10:49:44.963  1284  3308 E LocSvc_libulp: I/int ulp_brain_process_monitor_request(), gnss provider state = 5, quipc provider state = 0
08-21 10:49:45.313  1894  1894 W KeyguardUpdateMonitor: ACTION_BATTERY_CHANGED AMP: 0; Volt: 0
08-21 10:49:45.314  2287  2287 I MsgReceiver: intent action: android.intent.action.BATTERY_CHANGED
08-21 10:49:45.315  2281  2350 W QCNEJ   : |CORE| CNE received unexpected action: android.intent.action.BATTERY_CHANGED
08-21 10:49:45.318  2783 22867 E PTM.FileNodeInfo: getTempInfo error: null, 0
08-21 10:49:45.318  2783 22867 E PTM.FileNodeInfo: getTempInfo error: null, 0
08-21 10:49:45.318  2783 22867 E PTM.FileNodeInfo: getTempInfo error: null, 0
08-21 10:49:45.318  2783 22867 E PTM.FileNodeInfo: getTempInfo error: null, 0
08-21 10:49:45.318  2783 22867 E PTM.FileNodeInfo: getTempInfo error: null, 0
08-21 10:49:45.325  1894  1894 W KeyguardUpdateMonitor: ChargingSpeed  Wattage: -1 ST: 5000000 --> 7500000
08-21 10:49:45.325  1894  1894 I KgBattery: BatteryInfo updated:  2lPc-1
08-21 10:49:45.325  1894  1894 W AppHandler: sendMessage with obj100
08-21 10:49:45.325  1894  1894 W HwLockScreenPanel: Handle message: 100
08-21 10:49:45.325  1894  1894 W KgBattery: getCharge info with type: text
08-21 10:49:45.328  1894  1894 W HwLockScreenPanel: refreshBatteryInfo: null
08-21 10:49:45.346  1894  1894 W HwKeyguardDragHelper: AnimationBlocked
08-21 10:49:45.346  1894  1894 W PanelView: set notification panel padding = 1035
08-21 10:49:45.383  1284  2367 E LocSvc_ApiV02: I/<--- void globalEventCb(locClientHandleType, uint32_t, const locClientEventIndUnionType, void *) line 114 QMI_LOC_EVENT_GNSS_SV_INFO_IND_V02
08-21 10:49:45.383  1284  3308 E LocSvc_libulp: I/int ulp_brain_process_gnss_sv_report(const GnssSvStatus *), gnss sv report cnt = 236970, gnss pos report cnt = 1393,strong sv cnt = 0
08-21 10:49:45.383  1284  2343 E LocSvc_eng: E/Calling gnss_sv_status_cb
08-21 10:49:45.388  1284  2367 E LocSvc_ApiV02: I/<--- void globalEventCb(locClientHandleType, uint32_t, const locClientEventIndUnionType, void *) line 114 QMI_LOC_EVENT_POSITION_REPORT_IND_V02
08-21 10:49:45.389  1284  3308 E LocSvc_libulp: I/int ulp_brain_process_gnss_position_report(enum loc_sess_status, LocPosTechMask, UlpLocation *, const GpsLocationExtended *, const void *), transition provider returned = 0
08-21 10:49:45.389  1284  3308 E LocSvc_libulp: I/int ulp_brain_process_gnss_position_report(enum loc_sess_status, LocPosTechMask, UlpLocation *, const GpsLocationExtended *, const void *), report GNSS position/status to hybrid fix requests = 0
08-21 10:49:46.384  1284  2367 E LocSvc_ApiV02: I/<--- void globalEventCb(locClientHandleType, uint32_t, const locClientEventIndUnionType, void *) line 114 QMI_LOC_EVENT_GNSS_SV_INFO_IND_V02
08-21 10:49:46.384  1284  3308 E LocSvc_libulp: I/int ulp_brain_process_gnss_sv_report(const GnssSvStatus *), gnss sv report cnt = 236971, gnss pos report cnt = 1393,strong sv cnt = 0
08-21 10:49:46.384  1284  2343 E LocSvc_eng: E/Calling gnss_sv_status_cb
08-21 10:49:46.389  1284  2367 E LocSvc_ApiV02: I/<--- void globalEventCb(locClientHandleType, uint32_t, const locClientEventIndUnionType, void *) line 114 QMI_LOC_EVENT_POSITION_REPORT_IND_V02
08-21 10:49:46.390  1284  3308 E LocSvc_libulp: I/int ulp_brain_process_gnss_position_report(enum loc_sess_status, LocPosTechMask, UlpLocation *, const GpsLocationExtended *, const void *), transition provider returned = 0
08-21 10:49:46.390  1284  3308 E LocSvc_libulp: I/int ulp_brain_process_gnss_position_report(enum loc_sess_status, LocPosTechMask, UlpLocation *, const GpsLocationExtended *, const void *), report GNSS position/status to hybrid fix requests = 0
08-21 10:49:46.869   634   689 W AwareLog:defragd: delay_us exceeds max timeout: 29989020 us
08-21 10:49:47.383  1284  2367 E LocSvc_ApiV02: I/<--- void globalEventCb(locClientHandleType, uint32_t, const locClientEventIndUnionType, void *) line 114 QMI_LOC_EVENT_GNSS_SV_INFO_IND_V02
08-21 10:49:47.383  1284  3308 E LocSvc_libulp: I/int ulp_brain_process_gnss_sv_report(const GnssSvStatus *), gnss sv report cnt = 236972, gnss pos report cnt = 1393,strong sv cnt = 0
08-21 10:49:47.383  1284  2343 E LocSvc_eng: E/Calling gnss_sv_status_cb
08-21 10:49:47.388  1284  2367 E LocSvc_ApiV02: I/<--- void globalEventCb(locClientHandleType, uint32_t, const locClientEventIndUnionType, void *) line 114 QMI_LOC_EVENT_POSITION_REPORT_IND_V02
08-21 10:49:47.388  1284  3308 E LocSvc_libulp: I/int ulp_brain_process_gnss_position_report(enum loc_sess_status, LocPosTechMask, UlpLocation *, const GpsLocationExtended *, const void *), transition provider returned = 0
08-21 10:49:47.388  1284  3308 E LocSvc_libulp: I/int ulp_brain_process_gnss_position_report(enum loc_sess_status, LocPosTechMask, UlpLocation *, const GpsLocationExtended *, const void *), report GNSS position/status to hybrid fix requests = 0
08-21 10:49:47.403  1284  2857 I SendBroadcastPermission: action:android.intent.action.SIG_STR, mPermissionType:0
08-21 10:49:47.411  1894  1949 I HwMobileSignalController: subId:0 phoneType:1 networktype:2 targetClass:1 masterLevel:5 slaveLevel:-1
08-21 10:49:47.669   636   636 E         : [E/capacity_limit_control] not demo version, not set power control prop!
08-21 10:49:47.963  1284  3308 E LocSvc_libulp: I/int ulp_brain_process_monitor_request(), gnss provider state = 5, quipc provider state = 0
08-21 10:49:48.383  1284  2367 E LocSvc_ApiV02: I/<--- void globalEventCb(locClientHandleType, uint32_t, const locClientEventIndUnionType, void *) line 114 QMI_LOC_EVENT_GNSS_SV_INFO_IND_V02
08-21 10:49:48.384  1284  3308 E LocSvc_libulp: I/int ulp_brain_process_gnss_sv_report(const GnssSvStatus *), gnss sv report cnt = 236973, gnss pos report cnt = 1393,strong sv cnt = 0
08-21 10:49:48.384  1284  2343 E LocSvc_eng: E/Calling gnss_sv_status_cb
08-21 10:49:48.389  1284  2367 E LocSvc_ApiV02: I/<--- void globalEventCb(locClientHandleType, uint32_t, const locClientEventIndUnionType, void *) line 114 QMI_LOC_EVENT_POSITION_REPORT_IND_V02
08-21 10:49:48.390  1284  3308 E LocSvc_libulp: I/int ulp_brain_process_gnss_position_report(enum loc_sess_status, LocPosTechMask, UlpLocation *, const GpsLocationExtended *, const void *), transition provider returned = 0
08-21 10:49:48.390  1284  3308 E LocSvc_libulp: I/int ulp_brain_process_gnss_position_report(enum loc_sess_status, LocPosTechMask, UlpLocation *, const GpsLocationExtended *, const void *), report GNSS position/status to hybrid fix requests = 0
08-21 10:49:48.958  1284  1864 E HwCHRWebMonitor: WebMonitor [mNetWorkIsSuck=0 mUIDIsSuck=]  WebSpeed [WEBSENDSEGS=15  WEBRESENDSEGS=0  WEBRECVSEGS=0  WEBERRSEGS=0  WEBOUTRSTS=0  WEBESTABLISRST=0  WEBRTTDURATION=25  WEBRTTSEGS=15  WEBSRTT=0  WEBSNDDUPACKS=0  SENDSEGS=0  RESENDSEGS=0  RECVSEGS=0  ERRSEGS=0  OUTRSTS=0  ESTABLISRST=0  RTTDURATION=0  RTTSEGS=0  SNDDUPACKS=0  suckTimes=0 recovage_times=0]
08-21 10:49:48.958  1284  1864 E HwCHRWifiRSSIGroupSummery: updateTcpSummery mRSSI:-58  HwCHRWifiRSSIGroup [rssi_index=4, rtt_tcp_packets=22074, rtt_tcp_duration=35561, rtt_lan_duration=19949, rtt_lan_failures=0, rtt_lan_succ=803, rtt_lan_max=600, rtt_lan_min=3,same_area_frequency=0,adjacent_area_frequency=0]
08-21 10:49:48.974  1284  1864 E HwCHRWebMonitor: HwCHRWifiPacketCnt [mTXGood=0, mTXbad=0, mRXGood=24] rssi=-58
08-21 10:49:48.974  1284  1864 E HwCHRWebMonitor: Good NetWork Traffic , so mOnAppSuckTime, mUnModifyCount reset 0
08-21 10:49:49.384  1284  2367 E LocSvc_ApiV02: I/<--- void globalEventCb(locClientHandleType, uint32_t, const locClientEventIndUnionType, void *) line 114 QMI_LOC_EVENT_GNSS_SV_INFO_IND_V02
08-21 10:49:49.384  1284  3308 E LocSvc_libulp: I/int ulp_brain_process_gnss_sv_report(const GnssSvStatus *), gnss sv report cnt = 236974, gnss pos report cnt = 1393,strong sv cnt = 0
08-21 10:49:49.384  1284  2343 E LocSvc_eng: E/Calling gnss_sv_status_cb
08-21 10:49:49.389  1284  2367 E LocSvc_ApiV02: I/<--- void globalEventCb(locClientHandleType, uint32_t, const locClientEventIndUnionType, void *) line 114 QMI_LOC_EVENT_POSITION_REPORT_IND_V02
08-21 10:49:49.389  1284  3308 E LocSvc_libulp: I/int ulp_brain_process_gnss_position_report(enum loc_sess_status, LocPosTechMask, UlpLocation *, const GpsLocationExtended *, const void *), transition provider returned = 0
08-21 10:49:49.390  1284  3308 E LocSvc_libulp: I/int ulp_brain_process_gnss_position_report(enum loc_sess_status, LocPosTechMask, UlpLocation *, const GpsLocationExtended *, const void *), report GNSS position/status to hybrid fix requests = 0
08-21 10:49:50.383  1284  2367 E LocSvc_ApiV02: I/<--- void globalEventCb(locClientHandleType, uint32_t, const locClientEventIndUnionType, void *) line 114 QMI_LOC_EVENT_GNSS_SV_INFO_IND_V02
08-21 10:49:50.383  1284  3308 E LocSvc_libulp: I/int ulp_brain_process_gnss_sv_report(const GnssSvStatus *), gnss sv report cnt = 236975, gnss pos report cnt = 1393,strong sv cnt = 0
08-21 10:49:50.383  1284  2343 E LocSvc_eng: E/Calling gnss_sv_status_cb
08-21 10:49:50.388  1284  2367 E LocSvc_ApiV02: I/<--- void globalEventCb(locClientHandleType, uint32_t, const locClientEventIndUnionType, void *) line 114 QMI_LOC_EVENT_POSITION_REPORT_IND_V02
08-21 10:49:50.388  1284  3308 E LocSvc_libulp: I/int ulp_brain_process_gnss_position_report(enum loc_sess_status, LocPosTechMask, UlpLocation *, const GpsLocationExtended *, const void *), transition provider returned = 0
08-21 10:49:50.388  1284  3308 E LocSvc_libulp: I/int ulp_brain_process_gnss_position_report(enum loc_sess_status, LocPosTechMask, UlpLocation *, const GpsLocationExtended *, const void *), report GNSS position/status to hybrid fix requests = 0
08-21 10:49:50.963  1284  3308 E LocSvc_libulp: I/int ulp_brain_process_monitor_request(), gnss provider state = 5, quipc provider state = 0
08-21 10:49:51.383  1284  2367 E LocSvc_ApiV02: I/<--- void globalEventCb(locClientHandleType, uint32_t, const locClientEventIndUnionType, void *) line 114 QMI_LOC_EVENT_GNSS_SV_INFO_IND_V02
08-21 10:49:51.383  1284  3308 E LocSvc_libulp: I/int ulp_brain_process_gnss_sv_report(const GnssSvStatus *), gnss sv report cnt = 236976, gnss pos report cnt = 1393,strong sv cnt = 0
08-21 10:49:51.383  1284  2343 E LocSvc_eng: E/Calling gnss_sv_status_cb
08-21 10:49:51.390  1284  2367 E LocSvc_ApiV02: I/<--- void globalEventCb(locClientHandleType, uint32_t, const locClientEventIndUnionType, void *) line 114 QMI_LOC_EVENT_POSITION_REPORT_IND_V02
08-21 10:49:51.390  1284  3308 E LocSvc_libulp: I/int ulp_brain_process_gnss_position_report(enum loc_sess_status, LocPosTechMask, UlpLocation *, const GpsLocationExtended *, const void *), transition provider returned = 0
08-21 10:49:51.390  1284  3308 E LocSvc_libulp: I/int ulp_brain_process_gnss_position_report(enum loc_sess_status, LocPosTechMask, UlpLocation *, const GpsLocationExtended *, const void *), report GNSS position/status to hybrid fix requests = 0
08-21 10:49:52.250 22738 22785 I SendBroadcastPermission: action:messenger_diode_badge_sync_action, mPermissionType:0
08-21 10:49:52.383  1284  2367 E LocSvc_ApiV02: I/<--- void globalEventCb(locClientHandleType, uint32_t, const locClientEventIndUnionType, void *) line 114 QMI_LOC_EVENT_GNSS_SV_INFO_IND_V02
08-21 10:49:52.383  1284  3308 E LocSvc_libulp: I/int ulp_brain_process_gnss_sv_report(const GnssSvStatus *), gnss sv report cnt = 236977, gnss pos report cnt = 1393,strong sv cnt = 0
08-21 10:49:52.383  1284  2343 E LocSvc_eng: E/Calling gnss_sv_status_cb
08-21 10:49:52.388  1284  2367 E LocSvc_ApiV02: I/<--- void globalEventCb(locClientHandleType, uint32_t, const locClientEventIndUnionType, void *) line 114 QMI_LOC_EVENT_POSITION_REPORT_IND_V02
08-21 10:49:52.389  1284  3308 E LocSvc_libulp: I/int ulp_brain_process_gnss_position_report(enum loc_sess_status, LocPosTechMask, UlpLocation *, const GpsLocationExtended *, const void *), transition provider returned = 0
08-21 10:49:52.389  1284  3308 E LocSvc_libulp: I/int ulp_brain_process_gnss_position_report(enum loc_sess_status, LocPosTechMask, UlpLocation *, const GpsLocationExtended *, const void *), report GNSS position/status to hybrid fix requests = 0
08-21 10:49:52.677   636   636 E         : [E/capacity_limit_control] not demo version, not set power control prop!
08-21 10:49:53.383  1284  2367 E LocSvc_ApiV02: I/<--- void globalEventCb(locClientHandleType, uint32_t, const locClientEventIndUnionType, void *) line 114 QMI_LOC_EVENT_GNSS_SV_INFO_IND_V02
08-21 10:49:53.383  1284  3308 E LocSvc_libulp: I/int ulp_brain_process_gnss_sv_report(const GnssSvStatus *), gnss sv report cnt = 236978, gnss pos report cnt = 1393,strong sv cnt = 0
08-21 10:49:53.383  1284  2343 E LocSvc_eng: E/Calling gnss_sv_status_cb
08-21 10:49:53.387  1284  2367 E LocSvc_ApiV02: I/<--- void globalEventCb(locClientHandleType, uint32_t, const locClientEventIndUnionType, void *) line 114 QMI_LOC_EVENT_POSITION_REPORT_IND_V02
08-21 10:49:53.388  1284  3308 E LocSvc_libulp: I/int ulp_brain_process_gnss_position_report(enum loc_sess_status, LocPosTechMask, UlpLocation *, const GpsLocationExtended *, const void *), transition provider returned = 0
08-21 10:49:53.388  1284  3308 E LocSvc_libulp: I/int ulp_brain_process_gnss_position_report(enum loc_sess_status, LocPosTechMask, UlpLocation *, const GpsLocationExtended *, const void *), report GNSS position/status to hybrid fix requests = 0
08-21 10:49:53.408  1284 25899 I SendBroadcastPermission: action:android.intent.action.SIG_STR, mPermissionType:0
08-21 10:49:53.413  1894  1949 I HwMobileSignalController: subId:0 phoneType:1 networktype:2 targetClass:1 masterLevel:5 slaveLevel:-1
08-21 10:49:53.963  1284  3308 E LocSvc_libulp: I/int ulp_brain_process_monitor_request(), gnss provider state = 5, quipc provider state = 0
08-21 10:49:53.969  1284  1864 E HwCHRWebMonitor: WebMonitor [mNetWorkIsSuck=0 mUIDIsSuck=]  WebSpeed [WEBSENDSEGS=16  WEBRESENDSEGS=0  WEBRECVSEGS=0  WEBERRSEGS=0  WEBOUTRSTS=0  WEBESTABLISRST=0  WEBRTTDURATION=22  WEBRTTSEGS=15  WEBSRTT=0  WEBSNDDUPACKS=0  SENDSEGS=2  RESENDSEGS=0  RECVSEGS=1  ERRSEGS=0  OUTRSTS=0  ESTABLISRST=0  RTTDURATION=9  RTTSEGS=1  SNDDUPACKS=0  suckTimes=0 recovage_times=0]
08-21 10:49:53.969  1284  1864 E HwCHRWifiRSSIGroupSummery: updateTcpSummery mRSSI:-58  HwCHRWifiRSSIGroup [rssi_index=4, rtt_tcp_packets=22089, rtt_tcp_duration=35583, rtt_lan_duration=19949, rtt_lan_failures=0, rtt_lan_succ=803, rtt_lan_max=600, rtt_lan_min=3,same_area_frequency=0,adjacent_area_frequency=0]
08-21 10:49:53.975  1284  1864 E HwCHRWebMonitor: HwCHRWifiPacketCnt [mTXGood=2, mTXbad=0, mRXGood=18] rssi=-58
08-21 10:49:53.975  1284  1864 E HwCHRWebMonitor: Good NetWork Traffic , so mOnAppSuckTime, mUnModifyCount reset 0
08-21 10:49:54.385  1284  2367 E LocSvc_ApiV02: I/<--- void globalEventCb(locClientHandleType, uint32_t, const locClientEventIndUnionType, void *) line 114 QMI_LOC_EVENT_GNSS_SV_INFO_IND_V02
08-21 10:49:54.385  1284  3308 E LocSvc_libulp: I/int ulp_brain_process_gnss_sv_report(const GnssSvStatus *), gnss sv report cnt = 236979, gnss pos report cnt = 1393,strong sv cnt = 0
08-21 10:49:54.385  1284  2343 E LocSvc_eng: E/Calling gnss_sv_status_cb
08-21 10:49:54.391  1284  2367 E LocSvc_ApiV02: I/<--- void globalEventCb(locClientHandleType, uint32_t, const locClientEventIndUnionType, void *) line 114 QMI_LOC_EVENT_POSITION_REPORT_IND_V02
08-21 10:49:54.391  1284  3308 E LocSvc_libulp: I/int ulp_brain_process_gnss_position_report(enum loc_sess_status, LocPosTechMask, UlpLocation *, const GpsLocationExtended *, const void *), transition provider returned = 0
08-21 10:49:54.391  1284  3308 E LocSvc_libulp: I/int ulp_brain_process_gnss_position_report(enum loc_sess_status, LocPosTechMask, UlpLocation *, const GpsLocationExtended *, const void *), report GNSS position/status to hybrid fix requests = 0
08-21 10:49:55.333  2287  2287 I MsgReceiver: intent action: android.intent.action.BATTERY_CHANGED
08-21 10:49:55.333  1894  1894 W KeyguardUpdateMonitor: ACTION_BATTERY_CHANGED AMP: 0; Volt: 0
08-21 10:49:55.333  2281  2350 W QCNEJ   : |CORE| CNE received unexpected action: android.intent.action.BATTERY_CHANGED
08-21 10:49:55.341  2783 22895 E PTM.FileNodeInfo: getTempInfo error: null, 0
08-21 10:49:55.341  2783 22895 E PTM.FileNodeInfo: getTempInfo error: null, 0
08-21 10:49:55.341  2783 22895 E PTM.FileNodeInfo: getTempInfo error: null, 0
08-21 10:49:55.341  2783 22895 E PTM.FileNodeInfo: getTempInfo error: null, 0
08-21 10:49:55.341  2783 22895 E PTM.FileNodeInfo: getTempInfo error: null, 0
08-21 10:49:55.347  1894  1894 W KeyguardUpdateMonitor: ChargingSpeed  Wattage: -1 ST: 5000000 --> 7500000
08-21 10:49:55.347  1894  1894 I KgBattery: BatteryInfo updated:  2lPc-1
08-21 10:49:55.347  1894  1894 W AppHandler: sendMessage with obj100
08-21 10:49:55.347  1894  1894 W HwLockScreenPanel: Handle message: 100
08-21 10:49:55.347  1894  1894 W KgBattery: getCharge info with type: text
08-21 10:49:55.349  1894  1894 W HwLockScreenPanel: refreshBatteryInfo: null
08-21 10:49:55.366  1894  1894 W HwKeyguardDragHelper: AnimationBlocked
08-21 10:49:55.366  1894  1894 W PanelView: set notification panel padding = 1035
08-21 10:49:55.383  1284  2367 E LocSvc_ApiV02: I/<--- void globalEventCb(locClientHandleType, uint32_t, const locClientEventIndUnionType, void *) line 114 QMI_LOC_EVENT_GNSS_SV_INFO_IND_V02
08-21 10:49:55.383  1284  3308 E LocSvc_libulp: I/int ulp_brain_process_gnss_sv_report(const GnssSvStatus *), gnss sv report cnt = 236980, gnss pos report cnt = 1393,strong sv cnt = 0
08-21 10:49:55.383  1284  2343 E LocSvc_eng: E/Calling gnss_sv_status_cb
08-21 10:49:55.387  1284  2367 E LocSvc_ApiV02: I/<--- void globalEventCb(locClientHandleType, uint32_t, const locClientEventIndUnionType, void *) line 114 QMI_LOC_EVENT_POSITION_REPORT_IND_V02
08-21 10:49:55.389  1284  3308 E LocSvc_libulp: I/int ulp_brain_process_gnss_position_report(enum loc_sess_status, LocPosTechMask, UlpLocation *, const GpsLocationExtended *, const void *), transition provider returned = 0
08-21 10:49:55.389  1284  3308 E LocSvc_libulp: I/int ulp_brain_process_gnss_position_report(enum loc_sess_status, LocPosTechMask, UlpLocation *, const GpsLocationExtended *, const void *), report GNSS position/status to hybrid fix requests = 0
08-21 10:49:56.054  1284  1506 I EventHub: EventHub monitor: no key events in the past 2174s, no motion events in the past 1179s
08-21 10:49:56.384  1284  2367 E LocSvc_ApiV02: I/<--- void globalEventCb(locClientHandleType, uint32_t, const locClientEventIndUnionType, void *) line 114 QMI_LOC_EVENT_GNSS_SV_INFO_IND_V02
08-21 10:49:56.384  1284  3308 E LocSvc_libulp: I/int ulp_brain_process_gnss_sv_report(const GnssSvStatus *), gnss sv report cnt = 236981, gnss pos report cnt = 1393,strong sv cnt = 0
08-21 10:49:56.384  1284  2343 E LocSvc_eng: E/Calling gnss_sv_status_cb
08-21 10:49:56.389  1284  2367 E LocSvc_ApiV02: I/<--- void globalEventCb(locClientHandleType, uint32_t, const locClientEventIndUnionType, void *) line 114 QMI_LOC_EVENT_POSITION_REPORT_IND_V02
08-21 10:49:56.389  1284  3308 E LocSvc_libulp: I/int ulp_brain_process_gnss_position_report(enum loc_sess_status, LocPosTechMask, UlpLocation *, const GpsLocationExtended *, const void *), transition provider returned = 0
