08-21 10:50:18.384  1284  2343 E LocSvc_eng: E/Calling gnss_sv_status_cb
08-21 10:50:18.389  1284  2367 E LocSvc_ApiV02: I/<--- void globalEventCb(locClientHandleType, uint32_t, const locClientEventIndUnionType, void *) line 114 QMI_LOC_EVENT_POSITION_REPORT_IND_V02
08-21 10:50:18.391  1284  3308 E LocSvc_libulp: I/int ulp_brain_process_gnss_position_report(enum loc_sess_status, LocPosTechMask, UlpLocation *, const GpsLocationExtended *, const void *), transition provider returned = 0
08-21 10:50:18.391  1284  3308 E LocSvc_libulp: I/int ulp_brain_process_gnss_position_report(enum loc_sess_status, LocPosTechMask, UlpLocation *, const GpsLocationExtended *, const void *), report GNSS position/status to hybrid fix requests = 0
08-21 10:50:19.019  1284  1864 E HwCHRWebMonitor: WebMonitor [mNetWorkIsSuck=0 mUIDIsSuck=]  WebSpeed [WEBSENDSEGS=15  WEBRESENDSEGS=0  WEBRECVSEGS=0  WEBERRSEGS=0  WEBOUTRSTS=0  WEBESTABLISRST=0  WEBRTTDURATION=27  WEBRTTSEGS=15  WEBSRTT=0  WEBSNDDUPACKS=0  SENDSEGS=2  RESENDSEGS=0  RECVSEGS=1  ERRSEGS=0  OUTRSTS=0  ESTABLISRST=0  RTTDURATION=1  RTTSEGS=1  SNDDUPACKS=0  suckTimes=0 recovage_times=0]
08-21 10:50:19.019  1284  1864 E HwCHRWifiRSSIGroupSummery: updateTcpSummery mRSSI:-58  HwCHRWifiRSSIGroup [rssi_index=4, rtt_tcp_packets=22164, rtt_tcp_duration=35702, rtt_lan_duration=19953, rtt_lan_failures=0, rtt_lan_succ=804, rtt_lan_max=600, rtt_lan_min=3,same_area_frequency=0,adjacent_area_frequency=0]
08-21 10:50:19.023  1284  1864 E HwCHRWebMonitor: HwCHRWifiPacketCnt [mTXGood=2, mTXbad=0, mRXGood=25] rssi=-58
08-21 10:50:19.023  1284  1864 E HwCHRWebMonitor: Good NetWork Traffic , so mOnAppSuckTime, mUnModifyCount reset 0
08-21 10:50:19.383  1284  2367 E LocSvc_ApiV02: I/<--- void globalEventCb(locClientHandleType, uint32_t, const locClientEventIndUnionType, void *) line 114 QMI_LOC_EVENT_GNSS_SV_INFO_IND_V02
08-21 10:50:19.383  1284  3308 E LocSvc_libulp: I/int ulp_brain_process_gnss_sv_report(const GnssSvStatus *), gnss sv report cnt = 237004, gnss pos report cnt = 1393,strong sv cnt = 0
08-21 10:50:19.383  1284  2343 E LocSvc_eng: E/Calling gnss_sv_status_cb
08-21 10:50:19.387  1284  2367 E LocSvc_ApiV02: I/<--- void globalEventCb(locClientHandleType, uint32_t, const locClientEventIndUnionType, void *) line 114 QMI_LOC_EVENT_POSITION_REPORT_IND_V02
08-21 10:50:19.387  1284  3308 E LocSvc_libulp: I/int ulp_brain_process_gnss_position_report(enum loc_sess_status, LocPosTechMask, UlpLocation *, const GpsLocationExtended *, const void *), transition provider returned = 0
08-21 10:50:19.387  1284  3308 E LocSvc_libulp: I/int ulp_brain_process_gnss_position_report(enum loc_sess_status, LocPosTechMask, UlpLocation *, const GpsLocationExtended *, const void *), report GNSS position/status to hybrid fix requests = 0
08-21 10:50:19.964  1284  3308 E LocSvc_libulp: I/int ulp_brain_process_monitor_request(), gnss provider state = 5, quipc provider state = 0
08-21 10:50:20.384  1284  2367 E LocSvc_ApiV02: I/<--- void globalEventCb(locClientHandleType, uint32_t, const locClientEventIndUnionType, void *) line 114 QMI_LOC_EVENT_GNSS_SV_INFO_IND_V02
08-21 10:50:20.384  1284  3308 E LocSvc_libulp: I/int ulp_brain_process_gnss_sv_report(const GnssSvStatus *), gnss sv report cnt = 237005, gnss pos report cnt = 1393,strong sv cnt = 0
08-21 10:50:20.384  1284  2343 E LocSvc_eng: E/Calling gnss_sv_status_cb
08-21 10:50:20.389  1284  2367 E LocSvc_ApiV02: I/<--- void globalEventCb(locClientHandleType, uint32_t, const locClientEventIndUnionType, void *) line 114 QMI_LOC_EVENT_POSITION_REPORT_IND_V02
08-21 10:50:20.389  1284  3308 E LocSvc_libulp: I/int ulp_brain_process_gnss_position_report(enum loc_sess_status, LocPosTechMask, UlpLocation *, const GpsLocationExtended *, const void *), transition provider returned = 0
08-21 10:50:20.389  1284  3308 E LocSvc_libulp: I/int ulp_brain_process_gnss_position_report(enum loc_sess_status, LocPosTechMask, UlpLocation *, const GpsLocationExtended *, const void *), report GNSS position/status to hybrid fix requests = 0
08-21 10:50:20.573   594   594 I cnss-daemon: RTM_NEWROUTE Indication
08-21 10:50:20.573   594   594 E cnss-daemon: gateway mac address: %02x:%02x:%02x:%02x:%02x:%02x
08-21 10:50:20.573   594   594 E cnss-daemon: : 00:00:00:00:00:00
08-21 10:50:20.573   594   594 E cnss-daemon: Invalid mac address: 0x55716e4110M
08-21 10:50:21.071 20991 21149 W FirebaseInstanceId: Token retrieval failed: SERVICE_NOT_AVAILABLE. Will retry token retrieval
08-21 10:50:21.073  2287  2374 I DeviceMonitor:  uid:10084 pid:20991 flags:1 tag:fiid-sync wakeup time:150037
08-21 10:50:21.386  1284  2367 E LocSvc_ApiV02: I/<--- void globalEventCb(locClientHandleType, uint32_t, const locClientEventIndUnionType, void *) line 114 QMI_LOC_EVENT_GNSS_SV_INFO_IND_V02
08-21 10:50:21.386  1284  2367 E LocSvc_ApiV02: I/<--- void globalEventCb(locClientHandleType, uint32_t, const locClientEventIndUnionType, void *) line 114 QMI_LOC_EVENT_POSITION_REPORT_IND_V02
08-21 10:50:21.386  1284  3308 E LocSvc_libulp: I/int ulp_brain_process_gnss_sv_report(const GnssSvStatus *), gnss sv report cnt = 237006, gnss pos report cnt = 1393,strong sv cnt = 0
08-21 10:50:21.386  1284  3308 E LocSvc_libulp: I/int ulp_brain_process_gnss_position_report(enum loc_sess_status, LocPosTechMask, UlpLocation *, const GpsLocationExtended *, const void *), transition provider returned = 0
08-21 10:50:21.386  1284  3308 E LocSvc_libulp: I/int ulp_brain_process_gnss_position_report(enum loc_sess_status, LocPosTechMask, UlpLocation *, const GpsLocationExtended *, const void *), report GNSS position/status to hybrid fix requests = 0
08-21 10:50:21.386  1284  2343 E LocSvc_eng: E/Calling gnss_sv_status_cb
08-21 10:50:22.384  1284  2367 E LocSvc_ApiV02: I/<--- void globalEventCb(locClientHandleType, uint32_t, const locClientEventIndUnionType, void *) line 114 QMI_LOC_EVENT_GNSS_SV_INFO_IND_V02
08-21 10:50:22.384  1284  3308 E LocSvc_libulp: I/int ulp_brain_process_gnss_sv_report(const GnssSvStatus *), gnss sv report cnt = 237007, gnss pos report cnt = 1393,strong sv cnt = 0
08-21 10:50:22.384  1284  2343 E LocSvc_eng: E/Calling gnss_sv_status_cb
08-21 10:50:22.392  1284  2367 E LocSvc_ApiV02: I/<--- void globalEventCb(locClientHandleType, uint32_t, const locClientEventIndUnionType, void *) line 114 QMI_LOC_EVENT_POSITION_REPORT_IND_V02
08-21 10:50:22.392  1284  3308 E LocSvc_libulp: I/int ulp_brain_process_gnss_position_report(enum loc_sess_status, LocPosTechMask, UlpLocation *, const GpsLocationExtended *, const void *), transition provider returned = 0
08-21 10:50:22.392  1284  3308 E LocSvc_libulp: I/int ulp_brain_process_gnss_position_report(enum loc_sess_status, LocPosTechMask, UlpLocation *, const GpsLocationExtended *, const void *), report GNSS position/status to hybrid fix requests = 0
08-21 10:50:22.757   636   636 E         : [E/capacity_limit_control] not demo version, not set power control prop!
08-21 10:50:22.964  1284  3308 E LocSvc_libulp: I/int ulp_brain_process_monitor_request(), gnss provider state = 5, quipc provider state = 0
08-21 10:50:23.383  1284  2367 E LocSvc_ApiV02: I/<--- void globalEventCb(locClientHandleType, uint32_t, const locClientEventIndUnionType, void *) line 114 QMI_LOC_EVENT_GNSS_SV_INFO_IND_V02
08-21 10:50:23.384  1284  3308 E LocSvc_libulp: I/int ulp_brain_process_gnss_sv_report(const GnssSvStatus *), gnss sv report cnt = 237008, gnss pos report cnt = 1393,strong sv cnt = 0
08-21 10:50:23.384  1284  2343 E LocSvc_eng: E/Calling gnss_sv_status_cb
08-21 10:50:23.385  1284  2367 E LocSvc_ApiV02: I/<--- void globalEventCb(locClientHandleType, uint32_t, const locClientEventIndUnionType, void *) line 114 QMI_LOC_EVENT_POSITION_REPORT_IND_V02
08-21 10:50:23.386  1284  3308 E LocSvc_libulp: I/int ulp_brain_process_gnss_position_report(enum loc_sess_status, LocPosTechMask, UlpLocation *, const GpsLocationExtended *, const void *), transition provider returned = 0
08-21 10:50:23.386  1284  3308 E LocSvc_libulp: I/int ulp_brain_process_gnss_position_report(enum loc_sess_status, LocPosTechMask, UlpLocation *, const GpsLocationExtended *, const void *), report GNSS position/status to hybrid fix requests = 0
08-21 10:50:24.029  1284  1864 E HwCHRWebMonitor: WebMonitor [mNetWorkIsSuck=0 mUIDIsSuck=]  WebSpeed [WEBSENDSEGS=16  WEBRESENDSEGS=0  WEBRECVSEGS=0  WEBERRSEGS=0  WEBOUTRSTS=0  WEBESTABLISRST=0  WEBRTTDURATION=22  WEBRTTSEGS=15  WEBSRTT=0  WEBSNDDUPACKS=0  SENDSEGS=0  RESENDSEGS=0  RECVSEGS=0  ERRSEGS=0  OUTRSTS=0  ESTABLISRST=0  RTTDURATION=0  RTTSEGS=0  SNDDUPACKS=0  suckTimes=0 recovage_times=0]
08-21 10:50:24.029  1284  1864 E HwCHRWifiRSSIGroupSummery: updateTcpSummery mRSSI:-58  HwCHRWifiRSSIGroup [rssi_index=4, rtt_tcp_packets=22179, rtt_tcp_duration=35724, rtt_lan_duration=19953, rtt_lan_failures=0, rtt_lan_succ=804, rtt_lan_max=600, rtt_lan_min=3,same_area_frequency=0,adjacent_area_frequency=0]
08-21 10:50:24.046  1284  1864 E HwCHRWebMonitor: HwCHRWifiPacketCnt [mTXGood=1, mTXbad=0, mRXGood=108] rssi=-58
08-21 10:50:24.046  1284  1864 E HwCHRWebMonitor: Good NetWork Traffic , so mOnAppSuckTime, mUnModifyCount reset 0
08-21 10:50:24.384  1284  2367 E LocSvc_ApiV02: I/<--- void globalEventCb(locClientHandleType, uint32_t, const locClientEventIndUnionType, void *) line 114 QMI_LOC_EVENT_GNSS_SV_INFO_IND_V02
08-21 10:50:24.384  1284  3308 E LocSvc_libulp: I/int ulp_brain_process_gnss_sv_report(const GnssSvStatus *), gnss sv report cnt = 237009, gnss pos report cnt = 1393,strong sv cnt = 0
08-21 10:50:24.384  1284  2343 E LocSvc_eng: E/Calling gnss_sv_status_cb
08-21 10:50:24.390  1284  2367 E LocSvc_ApiV02: I/<--- void globalEventCb(locClientHandleType, uint32_t, const locClientEventIndUnionType, void *) line 114 QMI_LOC_EVENT_POSITION_REPORT_IND_V02
08-21 10:50:24.390  1284  3308 E LocSvc_libulp: I/int ulp_brain_process_gnss_position_report(enum loc_sess_status, LocPosTechMask, UlpLocation *, const GpsLocationExtended *, const void *), transition provider returned = 0
08-21 10:50:24.390  1284  3308 E LocSvc_libulp: I/int ulp_brain_process_gnss_position_report(enum loc_sess_status, LocPosTechMask, UlpLocation *, const GpsLocationExtended *, const void *), report GNSS position/status to hybrid fix requests = 0
08-21 10:50:25.384  1284  2367 E LocSvc_ApiV02: I/<--- void globalEventCb(locClientHandleType, uint32_t, const locClientEventIndUnionType, void *) line 114 QMI_LOC_EVENT_GNSS_SV_INFO_IND_V02
08-21 10:50:25.384  1284  3308 E LocSvc_libulp: I/int ulp_brain_process_gnss_sv_report(const GnssSvStatus *), gnss sv report cnt = 237010, gnss pos report cnt = 1393,strong sv cnt = 0
08-21 10:50:25.384  1284  2343 E LocSvc_eng: E/Calling gnss_sv_status_cb
08-21 10:50:25.390  1284  2367 E LocSvc_ApiV02: I/<--- void globalEventCb(locClientHandleType, uint32_t, const locClientEventIndUnionType, void *) line 114 QMI_LOC_EVENT_POSITION_REPORT_IND_V02
08-21 10:50:25.390  1284  3308 E LocSvc_libulp: I/int ulp_brain_process_gnss_position_report(enum loc_sess_status, LocPosTechMask, UlpLocation *, const GpsLocationExtended *, const void *), transition provider returned = 0
08-21 10:50:25.390  1284  3308 E LocSvc_libulp: I/int ulp_brain_process_gnss_position_report(enum loc_sess_status, LocPosTechMask, UlpLocation *, const GpsLocationExtended *, const void *), report GNSS position/status to hybrid fix requests = 0
08-21 10:50:25.398  2281  2350 W QCNEJ   : |CORE| CNE received unexpected action: android.intent.action.BATTERY_CHANGED
08-21 10:50:25.398  1894  1894 W KeyguardUpdateMonitor: ACTION_BATTERY_CHANGED AMP: 0; Volt: 0
08-21 10:50:25.400  1894  1894 W KeyguardUpdateMonitor: ChargingSpeed  Wattage: -1 ST: 5000000 --> 7500000
08-21 10:50:25.400  1894  1894 I KgBattery: BatteryInfo updated:  2lPc-1
08-21 10:50:25.400  1894  1894 W AppHandler: sendMessage with obj100
08-21 10:50:25.400  1894  1894 W HwLockScreenPanel: Handle message: 100
08-21 10:50:25.400  1894  1894 W KgBattery: getCharge info with type: text
08-21 10:50:25.401  2287  2287 I MsgReceiver: intent action: android.intent.action.BATTERY_CHANGED
08-21 10:50:25.403  1894  1894 W HwLockScreenPanel: refreshBatteryInfo: null
08-21 10:50:25.417  2783 22979 E PTM.FileNodeInfo: getTempInfo error: null, 0
08-21 10:50:25.417  2783 22979 E PTM.FileNodeInfo: getTempInfo error: null, 0
08-21 10:50:25.417  2783 22979 E PTM.FileNodeInfo: getTempInfo error: null, 0
08-21 10:50:25.417  2783 22979 E PTM.FileNodeInfo: getTempInfo error: null, 0
08-21 10:50:25.417  2783 22979 E PTM.FileNodeInfo: getTempInfo error: null, 0
08-21 10:50:25.424  1894  1894 W HwKeyguardDragHelper: AnimationBlocked
08-21 10:50:25.424  1894  1894 W PanelView: set notification panel padding = 1035
08-21 10:50:25.612   594   594 I cnss-daemon: RTM_NEWNEIGH message received: 28
08-21 10:50:25.612   594   594 E cnss-daemon: Stale or unreachable neighbors, ndm state: 4
08-21 10:50:25.964  1284  3308 E LocSvc_libulp: I/int ulp_brain_process_monitor_request(), gnss provider state = 5, quipc provider state = 0
08-21 10:50:26.055  1284  1506 I EventHub: EventHub monitor: no key events in the past 2204s, no motion events in the past 1209s
08-21 10:50:26.384  1284  2367 E LocSvc_ApiV02: I/<--- void globalEventCb(locClientHandleType, uint32_t, const locClientEventIndUnionType, void *) line 114 QMI_LOC_EVENT_GNSS_SV_INFO_IND_V02
08-21 10:50:26.384  1284  3308 E LocSvc_libulp: I/int ulp_brain_process_gnss_sv_report(const GnssSvStatus *), gnss sv report cnt = 237011, gnss pos report cnt = 1393,strong sv cnt = 0
08-21 10:50:26.384  1284  2343 E LocSvc_eng: E/Calling gnss_sv_status_cb
08-21 10:50:26.393  1284  2367 E LocSvc_ApiV02: I/<--- void globalEventCb(locClientHandleType, uint32_t, const locClientEventIndUnionType, void *) line 114 QMI_LOC_EVENT_POSITION_REPORT_IND_V02
08-21 10:50:26.393  1284  3308 E LocSvc_libulp: I/int ulp_brain_process_gnss_position_report(enum loc_sess_status, LocPosTechMask, UlpLocation *, const GpsLocationExtended *, const void *), transition provider returned = 0
08-21 10:50:26.393  1284  3308 E LocSvc_libulp: I/int ulp_brain_process_gnss_position_report(enum loc_sess_status, LocPosTechMask, UlpLocation *, const GpsLocationExtended *, const void *), report GNSS position/status to hybrid fix requests = 0
08-21 10:50:27.384  1284  2367 E LocSvc_ApiV02: I/<--- void globalEventCb(locClientHandleType, uint32_t, const locClientEventIndUnionType, void *) line 114 QMI_LOC_EVENT_GNSS_SV_INFO_IND_V02
08-21 10:50:27.384  1284  3308 E LocSvc_libulp: I/int ulp_brain_process_gnss_sv_report(const GnssSvStatus *), gnss sv report cnt = 237012, gnss pos report cnt = 1393,strong sv cnt = 0
08-21 10:50:27.384  1284  2343 E LocSvc_eng: E/Calling gnss_sv_status_cb
08-21 10:50:27.390  1284  2367 E LocSvc_ApiV02: I/<--- void globalEventCb(locClientHandleType, uint32_t, const locClientEventIndUnionType, void *) line 114 QMI_LOC_EVENT_POSITION_REPORT_IND_V02
08-21 10:50:27.390  1284  3308 E LocSvc_libulp: I/int ulp_brain_process_gnss_position_report(enum loc_sess_status, LocPosTechMask, UlpLocation *, const GpsLocationExtended *, const void *), transition provider returned = 0
08-21 10:50:27.390  1284  3308 E LocSvc_libulp: I/int ulp_brain_process_gnss_position_report(enum loc_sess_status, LocPosTechMask, UlpLocation *, const GpsLocationExtended *, const void *), report GNSS position/status to hybrid fix requests = 0
08-21 10:50:27.764   636   636 E         : [E/capacity_limit_control] not demo version, not set power control prop!
08-21 10:50:28.383  1284  2367 E LocSvc_ApiV02: I/<--- void globalEventCb(locClientHandleType, uint32_t, const locClientEventIndUnionType, void *) line 114 QMI_LOC_EVENT_GNSS_SV_INFO_IND_V02
08-21 10:50:28.384  1284  3308 E LocSvc_libulp: I/int ulp_brain_process_gnss_sv_report(const GnssSvStatus *), gnss sv report cnt = 237013, gnss pos report cnt = 1393,strong sv cnt = 0
08-21 10:50:28.384  1284  2367 E LocSvc_ApiV02: I/<--- void globalEventCb(locClientHandleType, uint32_t, const locClientEventIndUnionType, void *) line 114 QMI_LOC_EVENT_POSITION_REPORT_IND_V02
08-21 10:50:28.384  1284  2343 E LocSvc_eng: E/Calling gnss_sv_status_cb
08-21 10:50:28.384  1284  3308 E LocSvc_libulp: I/int ulp_brain_process_gnss_position_report(enum loc_sess_status, LocPosTechMask, UlpLocation *, const GpsLocationExtended *, const void *), transition provider returned = 0
08-21 10:50:28.384  1284  3308 E LocSvc_libulp: I/int ulp_brain_process_gnss_position_report(enum loc_sess_status, LocPosTechMask, UlpLocation *, const GpsLocationExtended *, const void *), report GNSS position/status to hybrid fix requests = 0
08-21 10:50:28.964  1284  3308 E LocSvc_libulp: I/int ulp_brain_process_monitor_request(), gnss provider state = 5, quipc provider state = 0
08-21 10:50:29.038  1284  1864 E HwCHRWebMonitor: WebMonitor [mNetWorkIsSuck=0 mUIDIsSuck=]  WebSpeed [WEBSENDSEGS=17  WEBRESENDSEGS=0  WEBRECVSEGS=0  WEBERRSEGS=0  WEBOUTRSTS=0  WEBESTABLISRST=0  WEBRTTDURATION=19  WEBRTTSEGS=15  WEBSRTT=0  WEBSNDDUPACKS=0  SENDSEGS=0  RESENDSEGS=0  RECVSEGS=0  ERRSEGS=0  OUTRSTS=0  ESTABLISRST=0  RTTDURATION=0  RTTSEGS=0  SNDDUPACKS=0  suckTimes=0 recovage_times=0]
08-21 10:50:29.038  1284  1864 E HwCHRWifiRSSIGroupSummery: updateTcpSummery mRSSI:-58  HwCHRWifiRSSIGroup [rssi_index=4, rtt_tcp_packets=22194, rtt_tcp_duration=35743, rtt_lan_duration=19953, rtt_lan_failures=0, rtt_lan_succ=804, rtt_lan_max=600, rtt_lan_min=3,same_area_frequency=0,adjacent_area_frequency=0]
08-21 10:50:29.043  1284  1864 E HwCHRWebMonitor: HwCHRWifiPacketCnt [mTXGood=0, mTXbad=0, mRXGood=60] rssi=-58
08-21 10:50:29.043  1284  1864 E HwCHRWebMonitor: Good NetWork Traffic , so mOnAppSuckTime, mUnModifyCount reset 0
08-21 10:50:29.384  1284  2367 E LocSvc_ApiV02: I/<--- void globalEventCb(locClientHandleType, uint32_t, const locClientEventIndUnionType, void *) line 114 QMI_LOC_EVENT_GNSS_SV_INFO_IND_V02
08-21 10:50:29.384  1284  3308 E LocSvc_libulp: I/int ulp_brain_process_gnss_sv_report(const GnssSvStatus *), gnss sv report cnt = 237014, gnss pos report cnt = 1393,strong sv cnt = 0
08-21 10:50:29.384  1284  2343 E LocSvc_eng: E/Calling gnss_sv_status_cb
08-21 10:50:29.389  1284  2367 E LocSvc_ApiV02: I/<--- void globalEventCb(locClientHandleType, uint32_t, const locClientEventIndUnionType, void *) line 114 QMI_LOC_EVENT_POSITION_REPORT_IND_V02
08-21 10:50:29.389  1284  3308 E LocSvc_libulp: I/int ulp_brain_process_gnss_position_report(enum loc_sess_status, LocPosTechMask, UlpLocation *, const GpsLocationExtended *, const void *), transition provider returned = 0
08-21 10:50:29.390  1284  3308 E LocSvc_libulp: I/int ulp_brain_process_gnss_position_report(enum loc_sess_status, LocPosTechMask, UlpLocation *, const GpsLocationExtended *, const void *), report GNSS position/status to hybrid fix requests = 0
08-21 10:50:30.384  1284  2367 E LocSvc_ApiV02: I/<--- void globalEventCb(locClientHandleType, uint32_t, const locClientEventIndUnionType, void *) line 114 QMI_LOC_EVENT_GNSS_SV_INFO_IND_V02
08-21 10:50:30.384  1284  3308 E LocSvc_libulp: I/int ulp_brain_process_gnss_sv_report(const GnssSvStatus *), gnss sv report cnt = 237015, gnss pos report cnt = 1393,strong sv cnt = 0
08-21 10:50:30.384  1284  2343 E LocSvc_eng: E/Calling gnss_sv_status_cb
08-21 10:50:30.389  1284  2367 E LocSvc_ApiV02: I/<--- void globalEventCb(locClientHandleType, uint32_t, const locClientEventIndUnionType, void *) line 114 QMI_LOC_EVENT_POSITION_REPORT_IND_V02
08-21 10:50:30.390  1284  3308 E LocSvc_libulp: I/int ulp_brain_process_gnss_position_report(enum loc_sess_status, LocPosTechMask, UlpLocation *, const GpsLocationExtended *, const void *), transition provider returned = 0
08-21 10:50:30.390  1284  3308 E LocSvc_libulp: I/int ulp_brain_process_gnss_position_report(enum loc_sess_status, LocPosTechMask, UlpLocation *, const GpsLocationExtended *, const void *), report GNSS position/status to hybrid fix requests = 0
08-21 10:50:30.406  1284  2367 E LocSvc_ApiV02: I/<--- void globalEventCb(locClientHandleType, uint32_t, const locClientEventIndUnionType, void *) line 114 QMI_LOC_EVENT_LOCATION_SERVER_CONNECTION_REQ_IND_V02
08-21 10:50:30.406  1284  2343 E LocSvc_api_v02: I/---> locClientSendReq line 2069 QMI_LOC_INFORM_LOCATION_SERVER_CONN_STATUS_REQ_V02
08-21 10:50:30.407  1284  2367 E LocSvc_ApiV02: I/<--- void globalRespCb(locClientHandleType, uint32_t, const locClientRespIndUnionType, uint32_t, void *) line 140 QMI_LOC_INFORM_LOCATION_SERVER_CONN_STATUS_REQ_V02
08-21 10:50:30.407  1284  2343 E LocSvc_eng: I/<=== agps_cb line 772 GPS_RELEASE_AGPS_DATA_CONN
08-21 10:50:30.407  1284  2343 I GnssLocationProvider: GPS_RELEASE_AGPS_DATA_CONN
08-21 10:50:30.407  1284  2343 I GnssLocationProvider: WakeLock acquired by sendMessage(15, 2, null)
08-21 10:50:30.408  1284  2215 E LocSvc_eng: I/===> int loc_eng_agps_closed(loc_eng_data_s_type &, AGpsExtType) line 2500 
08-21 10:50:30.408  1284  2343 E LocSvc_eng: W/AgpsReleasedState: unrecognized event 3
08-21 10:50:30.409  1284  2215 I GnssLocationProvider: WakeLock released by handleMessage(15, 2, null)
08-21 10:50:30.411  1284  1863 E ConnectivityManager.CallbackHandler: callback not found for RELEASED message
08-21 10:50:30.416  2431  2431 I SendBroadcastPermission: action:com.qualcomm.intent.action.ACTION_UNSOL_RESPONSE_OEM_HOOK_RAW, mPermissionType:0
08-21 10:50:31.382  1284  2367 E LocSvc_ApiV02: I/<--- void globalEventCb(locClientHandleType, uint32_t, const locClientEventIndUnionType, void *) line 114 QMI_LOC_EVENT_GNSS_SV_INFO_IND_V02
08-21 10:50:31.382  1284  3308 E LocSvc_libulp: I/int ulp_brain_process_gnss_sv_report(const GnssSvStatus *), gnss sv report cnt = 237016, gnss pos report cnt = 1393,strong sv cnt = 0
08-21 10:50:31.382  1284  2343 E LocSvc_eng: E/Calling gnss_sv_status_cb
08-21 10:50:31.387  1284  2367 E LocSvc_ApiV02: I/<--- void globalEventCb(locClientHandleType, uint32_t, const locClientEventIndUnionType, void *) line 114 QMI_LOC_EVENT_POSITION_REPORT_IND_V02
08-21 10:50:31.387  1284  2367 E LocSvc_ApiV02: I/<--- void globalEventCb(locClientHandleType, uint32_t, const locClientEventIndUnionType, void *) line 114 QMI_LOC_EVENT_WIFI_REQ_IND_V02
08-21 10:50:31.387  1284  2367 E LocSvc_ApiV02: I/<--- void globalEventCb(locClientHandleType, uint32_t, const locClientEventIndUnionType, void *) line 114 QMI_LOC_EVENT_WIFI_REQ_IND_V02
08-21 10:50:31.387  1284  3308 E LocSvc_libulp: I/int ulp_brain_process_gnss_position_report(enum loc_sess_status, LocPosTechMask, UlpLocation *, const GpsLocationExtended *, const void *), transition provider returned = 0
08-21 10:50:31.387  1284  3308 E LocSvc_libulp: I/int ulp_brain_process_gnss_position_report(enum loc_sess_status, LocPosTechMask, UlpLocation *, const GpsLocationExtended *, const void *), report GNSS position/status to hybrid fix requests = 0
08-21 10:50:31.388  1284  2343 E IzatSvc_IzatManager: I/LocTech-Label :: IZATMANAGER :: Remove ODCPI Request In
08-21 10:50:31.388  1284  2343 E IzatSvc_IzatManager: I/LocTech-Value :: Interval: 3500, Emergency 0
08-21 10:50:31.388  1284  2343 E IzatSvc_IzatManager: I/LocTech-Label :: IZATMANAGER :: Add ODCPI Request In
08-21 10:50:31.388  1284  2343 E IzatSvc_IzatManager: I/LocTech-Value :: Interval: 3500, Emergency 0
08-21 10:50:31.388  1284  3308 E LocSvc_libulp: I/int ulp_msg_process_criteria_update(const UlpLocationCriteria *): valid 0x9a77 action:2, minTime:3500, minDistance:0.000000, singleShot:0, horizontalAccuracy:1, powerRequirement:0, emergency_request:0
08-21 10:50:31.388  1284  3308 E LocSvc_libulp: I/int ulp_brain_process_criteria_update() index at 0, isNew = 0, mask 0x9a77, provider source = 2,accuracy = 3, singleshot = 0, tbf = 0 emergency_request = 0
08-21 10:50:31.388  1284  3308 E LocSvc_libulp: I/===> int ulp_brain_turn_onoff_dr_provider() line 848 
08-21 10:50:31.388  1284  3308 E LocSvc_libulp: I/===> int ulp_dr_stop_engine() line 235 
08-21 10:50:31.388  1284  3308 E LocSvc_libulp: I/int ulp_msg_process_criteria_update(const UlpLocationCriteria *): valid 0x9a77 action:1, minTime:3500, minDistance:0.000000, singleShot:0, horizontalAccuracy:1, powerRequirement:0, emergency_request:0
08-21 10:50:31.388  1284  3308 E LocSvc_libulp: I/int ulp_brain_process_criteria_update() index at 0, isNew = 0, mask 0x9a77, provider source = 2,accuracy = 3, singleshot = 0, tbf = 0 emergency_request = 0
08-21 10:50:31.388  1284  3308 E LocSvc_libulp: I/int ulp_brain_process_criteria_update() index at 1, isNew = 1, mask 0x9a77, provider source = 4,accuracy = 1, singleshot = 0, tbf = 3500 emergency_request = 0
08-21 10:50:31.388  1284  3308 E LocSvc_libulp: I/===> int ulp_brain_turn_onoff_dr_provider() line 848 
08-21 10:50:31.388  1284  3308 E LocSvc_libulp: I/===> int ulp_dr_stop_engine() line 235 
08-21 10:50:31.434  1284  1830 E WifiScanningService: Got invalid work source request: WorkSource{} from ClientInfo[uid=10015]
08-21 10:50:31.445  2310  2495 W PhoneInterfaceManager: shouldBlockLocation running ...
08-21 10:50:31.446  2310  2495 I PhoneInterfaceManager: shouldBlockLocation  ret:false
08-21 10:50:31.907  1284  2215 I LocationManagerService: incoming location: Location[network 56******,47****** acc=23 et=+4d2h41m53s892ms alt=101.5]
08-21 10:50:31.908  2783  2795 I NCCHR_NcLogCollectServiceImpl: getUserType = 6
08-21 10:50:31.931  1284  2215 I LocationManagerService: incoming location: Location[network 56******,47****** acc=23 et=+4d2h41m53s892ms alt=101.5]
08-21 10:50:31.934  2783 11138 I NCCHR_NcLogCollectServiceImpl: getUserType = 6
08-21 10:50:31.937  1284  2215 E LocSvc_flp: I/===> int flp_inject_location(FlpLocation *) line 281 
08-21 10:50:31.937  1284  2215 E         : I/===> int FlpLocationClient::flp_inject_location(FlpExtLocation *) line 285 
08-21 10:50:31.938  1284  2343 E LocSvc_api_v02: I/---> locClientSendReq line 2069 QMI_LOC_INJECT_POSITION_REQ_V02
08-21 10:50:31.940  1284  2215 E LocSvc_eng: I/===> int loc_eng_inject_location(loc_eng_data_s_type &, double, double, float) line 2162 
08-21 10:50:31.940  1284  2344 E QMI_FW  : QCCI qmi_cci_xport_recv: txn not found. svc_id: 16
08-21 10:50:31.940  1284  2343 E LocSvc_IzatApiV02: E/virtual int izat_core::IzatApiV02::injectLocation(FlpExtLocation):2154]: error! inject position failed
08-21 10:50:31.940  1284  2343 E LocSvc_api_v02: I/---> locClientSendReq line 2069 QMI_LOC_INJECT_POSITION_REQ_V02
08-21 10:50:31.940  1284  3308 E LocSvc_libulp: I/int ulp_brain_process_gnp_position_report(UlpLocation *), first_fix_pending 0, request active = 0,gnss running 1, gnss state 5 quipc running 0 quipc state 0
08-21 10:50:31.940  1284  3308 E LocSvc_libulp: I/int ulp_brain_process_gnp_position_report(UlpLocation *), report GNP position to hybrid fix requests = 1
08-21 10:50:31.940  1284  3308 E LocSvc_libulp: I/int ulp_brain_transition_all_providers(), before transition, 
08-21 10:50:31.940  1284  3308 E LocSvc_libulp:  GNSS provider state = 5,  GNSS selected to run = 1,  GNSS onoff_cnt = -5, GNSS high speed flag = 0 
08-21 10:50:31.940  1284  3308 E LocSvc_libulp:  QUIPC provider state = 0, QUIPC selected to run = 1, QUIPC onoff_cnt = 5, 
08-21 10:50:31.940  1284  3308 E LocSvc_libulp:  GNP provider state = 1,   GNP selected to run = 1,   GNP onoff_cnt = 1, 
08-21 10:50:31.940  1284  3308 E LocSvc_libulp: I/int ulp_brain_transition_all_providers(), after transition, 
08-21 10:50:31.940  1284  3308 E LocSvc_libulp:  GNSS provider state = 5,  GNSS selected to run = 1,  GNSS onoff_cnt = -5, GNSS high speed flag = 0 
08-21 10:50:31.940  1284  3308 E LocSvc_libulp:  QUIPC provider state = 0, QUIPC selected to run = 1, QUIPC onoff_cnt = 5, 
08-21 10:50:31.940  1284  3308 E LocSvc_libulp:  GNP provider state = 1,   GNP selected to run = 1,   GNP onoff_cnt = 1 
08-21 10:50:31.940  1284  3308 E LocSvc_libulp: I/===> int ulp_brain_turn_onoff_dr_provider() line 848 
08-21 10:50:31.940  1284  3308 E LocSvc_libulp: I/===> int ulp_dr_stop_engine() line 235 
08-21 10:50:31.940  1284  2367 E QMI_FW  : QCCI qmi_cci_xport_recv: txn not found. svc_id: 16
08-21 10:50:31.940  1284  2343 E LocSvc_ApiV02: E/virtual enum loc_api_adapter_err LocApiV02::injectPosition(double, double, float):778]: error! status = eLOC_CLIENT_FAILURE_INVALID_PARAMETER, inject_pos_ind.status = eQMI_LOC_SUCCESS_V02
08-21 10:50:31.941  1284  2343 E LocSvc_api_v02: I/---> locClientSendReq line 2069 QMI_LOC_INJECT_POSITION_REQ_V02
08-21 10:50:31.941  1284  2367 E QMI_FW  : QCCI qmi_cci_xport_recv: txn not found. svc_id: 16
08-21 10:50:31.942  1284  2343 E LocSvc_LBSApiV02: E/virtual int lbs_core::LBSApiV02::injectCoarsePosition(const CoarsePositionInfo &):352]: Error : st = 3, ind.status = 0
08-21 10:50:31.942  1284  2343 E LocSvc_api_v02: I/---> locClientSendReq line 2069 QMI_LOC_INJECT_WIFI_POSITION_REQ_V02
08-21 10:50:31.942  1284  2215 I LocationManagerService: incoming location: Location[fused 56******,47****** acc=23 et=+4d2h41m53s998ms alt=0.0 vel=0.0 bear=0.0]
08-21 10:50:31.943  2783  2794 I NCCHR_NcLogCollectServiceImpl: getUserType = 6
08-21 10:50:31.943  1284  2367 E LocSvc_ApiV02: I/<--- void globalRespCb(locClientHandleType, uint32_t, const locClientRespIndUnionType, uint32_t, void *) line 140 QMI_LOC_INJECT_WIFI_POSITION_REQ_V02
08-21 10:50:31.948  1284  2215 I LocationManagerService: incoming location: Location[fused 56******,47****** acc=23 et=+4d2h41m53s998ms alt=0.0 vel=0.0 bear=0.0]
08-21 10:50:31.949  2783 23835 I NCCHR_NcLogCollectServiceImpl: getUserType = 6
08-21 10:50:32.382  1284  2367 E LocSvc_ApiV02: I/<--- void globalEventCb(locClientHandleType, uint32_t, const locClientEventIndUnionType, void *) line 114 QMI_LOC_EVENT_GNSS_SV_INFO_IND_V02
08-21 10:50:32.382  1284  3308 E LocSvc_libulp: I/int ulp_brain_process_gnss_sv_report(const GnssSvStatus *), gnss sv report cnt = 237017, gnss pos report cnt = 1393,strong sv cnt = 0
08-21 10:50:32.382  1284  2343 E LocSvc_eng: E/Calling gnss_sv_status_cb
08-21 10:50:32.388  1284  2367 E LocSvc_ApiV02: I/<--- void globalEventCb(locClientHandleType, uint32_t, const locClientEventIndUnionType, void *) line 114 QMI_LOC_EVENT_POSITION_REPORT_IND_V02
08-21 10:50:32.388  1284  3308 E LocSvc_libulp: I/int ulp_brain_process_gnss_position_report(enum loc_sess_status, LocPosTechMask, UlpLocation *, const GpsLocationExtended *, const void *), transition provider returned = 0
08-21 10:50:32.388  1284  3308 E LocSvc_libulp: I/int ulp_brain_process_gnss_position_report(enum loc_sess_status, LocPosTechMask, UlpLocation *, const GpsLocationExtended *, const void *), report GNSS position/status to hybrid fix requests = 0
08-21 10:50:32.772   636   636 E         : [E/capacity_limit_control] not demo version, not set power control prop!
08-21 10:50:33.383  1284  2367 E LocSvc_ApiV02: I/<--- void globalEventCb(locClientHandleType, uint32_t, const locClientEventIndUnionType, void *) line 114 QMI_LOC_EVENT_GNSS_SV_INFO_IND_V02
08-21 10:50:33.383  1284  3308 E LocSvc_libulp: I/int ulp_brain_process_gnss_sv_report(const GnssSvStatus *), gnss sv report cnt = 237018, gnss pos report cnt = 1393,strong sv cnt = 0
08-21 10:50:33.383  1284  2343 E LocSvc_eng: E/Calling gnss_sv_status_cb
08-21 10:50:33.383  1284  2367 E LocSvc_ApiV02: I/<--- void globalEventCb(locClientHandleType, uint32_t, const locClientEventIndUnionType, void *) line 114 QMI_LOC_EVENT_POSITION_REPORT_IND_V02
08-21 10:50:33.383  1284  3308 E LocSvc_libulp: I/int ulp_brain_process_gnss_position_report(enum loc_sess_status, LocPosTechMask, UlpLocation *, const GpsLocationExtended *, const void *), transition provider returned = 0
08-21 10:50:33.383  1284  3308 E LocSvc_libulp: I/int ulp_brain_process_gnss_position_report(enum loc_sess_status, LocPosTechMask, UlpLocation *, const GpsLocationExtended *, const void *), report GNSS position/status to hybrid fix requests = 0
08-21 10:50:34.049  1284  1864 E HwCHRWebMonitor: WebMonitor [mNetWorkIsSuck=0 mUIDIsSuck=]  WebSpeed [WEBSENDSEGS=15  WEBRESENDSEGS=0  WEBRECVSEGS=0  WEBERRSEGS=0  WEBOUTRSTS=0  WEBESTABLISRST=0  WEBRTTDURATION=26  WEBRTTSEGS=15  WEBSRTT=0  WEBSNDDUPACKS=0  SENDSEGS=2  RESENDSEGS=0  RECVSEGS=1  ERRSEGS=0  OUTRSTS=0  ESTABLISRST=0  RTTDURATION=1  RTTSEGS=1  SNDDUPACKS=0  suckTimes=0 recovage_times=0]
08-21 10:50:34.049  1284  1864 E HwCHRWifiRSSIGroupSummery: updateTcpSummery mRSSI:-58  HwCHRWifiRSSIGroup [rssi_index=4, rtt_tcp_packets=22209, rtt_tcp_duration=35769, rtt_lan_duration=19953, rtt_lan_failures=0, rtt_lan_succ=804, rtt_lan_max=600, rtt_lan_min=3,same_area_frequency=0,adjacent_area_frequency=0]
08-21 10:50:34.080  1284  1864 E HwCHRWebMonitor: HwCHRWifiPacketCnt [mTXGood=2, mTXbad=0, mRXGood=40] rssi=-58
08-21 10:50:34.080  1284  1864 E HwCHRWebMonitor: Good NetWork Traffic , so mOnAppSuckTime, mUnModifyCount reset 0
08-21 10:50:34.384  1284  2367 E LocSvc_ApiV02: I/<--- void globalEventCb(locClientHandleType, uint32_t, const locClientEventIndUnionType, void *) line 114 QMI_LOC_EVENT_GNSS_SV_INFO_IND_V02
08-21 10:50:34.384  1284  3308 E LocSvc_libulp: I/int ulp_brain_process_gnss_sv_report(const GnssSvStatus *), gnss sv report cnt = 237019, gnss pos report cnt = 1393,strong sv cnt = 0
08-21 10:50:34.384  1284  2343 E LocSvc_eng: E/Calling gnss_sv_status_cb
08-21 10:50:34.389  1284  2367 E LocSvc_ApiV02: I/<--- void globalEventCb(locClientHandleType, uint32_t, const locClientEventIndUnionType, void *) line 114 QMI_LOC_EVENT_POSITION_REPORT_IND_V02
08-21 10:50:34.389  1284  3308 E LocSvc_libulp: I/int ulp_brain_process_gnss_position_report(enum loc_sess_status, LocPosTechMask, UlpLocation *, const GpsLocationExtended *, const void *), transition provider returned = 0
08-21 10:50:34.389  1284  3308 E LocSvc_libulp: I/int ulp_brain_process_gnss_position_report(enum loc_sess_status, LocPosTechMask, UlpLocation *, const GpsLocationExtended *, const void *), report GNSS position/status to hybrid fix requests = 0
08-21 10:50:34.941  1284  3308 E LocSvc_libulp: I/int ulp_brain_process_monitor_request(), gnss provider state = 5, quipc provider state = 0
08-21 10:50:35.384  1284  2367 E LocSvc_ApiV02: I/<--- void globalEventCb(locClientHandleType, uint32_t, const locClientEventIndUnionType, void *) line 114 QMI_LOC_EVENT_GNSS_SV_INFO_IND_V02
08-21 10:50:35.385  1284  3308 E LocSvc_libulp: I/int ulp_brain_process_gnss_sv_report(const GnssSvStatus *), gnss sv report cnt = 237020, gnss pos report cnt = 1393,strong sv cnt = 0
08-21 10:50:35.385  1284  2343 E LocSvc_eng: E/Calling gnss_sv_status_cb
08-21 10:50:35.388  1284  2367 E LocSvc_ApiV02: I/<--- void globalEventCb(locClientHandleType, uint32_t, const locClientEventIndUnionType, void *) line 114 QMI_LOC_EVENT_POSITION_REPORT_IND_V02
08-21 10:50:35.390  1284  3308 E LocSvc_libulp: I/int ulp_brain_process_gnss_position_report(enum loc_sess_status, LocPosTechMask, UlpLocation *, const GpsLocationExtended *, const void *), transition provider returned = 0
08-21 10:50:35.390  1284  3308 E LocSvc_libulp: I/int ulp_brain_process_gnss_position_report(enum loc_sess_status, LocPosTechMask, UlpLocation *, const GpsLocationExtended *, const void *), report GNSS position/status to hybrid fix requests = 0
08-21 10:50:35.421  2281  2350 W QCNEJ   : |CORE| CNE received unexpected action: android.intent.action.BATTERY_CHANGED
08-21 10:50:35.422  1894  1894 W KeyguardUpdateMonitor: ACTION_BATTERY_CHANGED AMP: 0; Volt: 0
08-21 10:50:35.422  2287  2287 I MsgReceiver: intent action: android.intent.action.BATTERY_CHANGED
08-21 10:50:35.427  2783 23007 E PTM.FileNodeInfo: getTempInfo error: null, 0
08-21 10:50:35.427  2783 23007 E PTM.FileNodeInfo: getTempInfo error: null, 0
08-21 10:50:35.427  2783 23007 E PTM.FileNodeInfo: getTempInfo error: null, 0
08-21 10:50:35.427  2783 23007 E PTM.FileNodeInfo: getTempInfo error: null, 0
08-21 10:50:35.427  2783 23007 E PTM.FileNodeInfo: getTempInfo error: null, 0
08-21 10:50:35.437  1894  1894 W KeyguardUpdateMonitor: ChargingSpeed  Wattage: -1 ST: 5000000 --> 7500000
08-21 10:50:35.437  1894  1894 I KgBattery: BatteryInfo updated:  2lPc-1
08-21 10:50:35.437  1894  1894 W AppHandler: sendMessage with obj100
08-21 10:50:35.437  1894  1894 W HwLockScreenPanel: Handle message: 100
08-21 10:50:35.437  1894  1894 W KgBattery: getCharge info with type: text
08-21 10:50:35.439  1894  1894 W HwLockScreenPanel: refreshBatteryInfo: null
08-21 10:50:35.456  1894  1894 W HwKeyguardDragHelper: AnimationBlocked
08-21 10:50:35.456  1894  1894 W PanelView: set notification panel padding = 1035
08-21 10:50:36.383  1284  2367 E LocSvc_ApiV02: I/<--- void globalEventCb(locClientHandleType, uint32_t, const locClientEventIndUnionType, void *) line 114 QMI_LOC_EVENT_GNSS_SV_INFO_IND_V02
08-21 10:50:36.384  1284  3308 E LocSvc_libulp: I/int ulp_brain_process_gnss_sv_report(const GnssSvStatus *), gnss sv report cnt = 237021, gnss pos report cnt = 1393,strong sv cnt = 0
08-21 10:50:36.384  1284  2343 E LocSvc_eng: E/Calling gnss_sv_status_cb
08-21 10:50:36.391  1284  2367 E LocSvc_ApiV02: I/<--- void globalEventCb(locClientHandleType, uint32_t, const locClientEventIndUnionType, void *) line 114 QMI_LOC_EVENT_POSITION_REPORT_IND_V02
08-21 10:50:36.392  1284  3308 E LocSvc_libulp: I/int ulp_brain_process_gnss_position_report(enum loc_sess_status, LocPosTechMask, UlpLocation *, const GpsLocationExtended *, const void *), transition provider returned = 0
08-21 10:50:36.392  1284  3308 E LocSvc_libulp: I/int ulp_brain_process_gnss_position_report(enum loc_sess_status, LocPosTechMask, UlpLocation *, const GpsLocationExtended *, const void *), report GNSS position/status to hybrid fix requests = 0
08-21 10:50:36.943  2287  2374 I DeviceMonitor:  uid:10099 pid:22738 flags:1 tag:com.facebook.messaging.livelocation.bindings.MessengerLiveLocationBooterService:launch wakeup time:60004
08-21 10:50:36.952   594   594 I cnss-daemon: RTM_NEWNEIGH message received: 28
08-21 10:50:36.952   594   594 I cnss-daemon: NDA_DST received: 10.10.53.126 ul: 562995020499466
08-21 10:50:36.952   594   594 I cnss-daemon: NDA_LLADDR received
08-21 10:50:37.383  1284  2367 E LocSvc_ApiV02: I/<--- void globalEventCb(locClientHandleType, uint32_t, const locClientEventIndUnionType, void *) line 114 QMI_LOC_EVENT_GNSS_SV_INFO_IND_V02
08-21 10:50:37.383  1284  3308 E LocSvc_libulp: I/int ulp_brain_process_gnss_sv_report(const GnssSvStatus *), gnss sv report cnt = 237022, gnss pos report cnt = 1393,strong sv cnt = 0
08-21 10:50:37.383  1284  2343 E LocSvc_eng: E/Calling gnss_sv_status_cb
08-21 10:50:37.388  1284  2367 E LocSvc_ApiV02: I/<--- void globalEventCb(locClientHandleType, uint32_t, const locClientEventIndUnionType, void *) line 114 QMI_LOC_EVENT_POSITION_REPORT_IND_V02
08-21 10:50:37.392  1284  3308 E LocSvc_libulp: I/int ulp_brain_process_gnss_position_report(enum loc_sess_status, LocPosTechMask, UlpLocation *, const GpsLocationExtended *, const void *), transition provider returned = 0
08-21 10:50:37.392  1284  3308 E LocSvc_libulp: I/int ulp_brain_process_gnss_position_report(enum loc_sess_status, LocPosTechMask, UlpLocation *, const GpsLocationExtended *, const void *), report GNSS position/status to hybrid fix requests = 0
08-21 10:50:37.780   636   636 E         : [E/capacity_limit_control] not demo version, not set power control prop!
08-21 10:50:37.941  1284  3308 E LocSvc_libulp: I/int ulp_brain_process_monitor_request(), gnss provider state = 5, quipc provider state = 0
08-21 10:50:38.384  1284  2367 E LocSvc_ApiV02: I/<--- void globalEventCb(locClientHandleType, uint32_t, const locClientEventIndUnionType, void *) line 114 QMI_LOC_EVENT_GNSS_SV_INFO_IND_V02
08-21 10:50:38.384  1284  3308 E LocSvc_libulp: I/int ulp_brain_process_gnss_sv_report(const GnssSvStatus *), gnss sv report cnt = 237023, gnss pos report cnt = 1393,strong sv cnt = 0
08-21 10:50:38.384  1284  2343 E LocSvc_eng: E/Calling gnss_sv_status_cb
08-21 10:50:38.389  1284  2367 E LocSvc_ApiV02: I/<--- void globalEventCb(locClientHandleType, uint32_t, const locClientEventIndUnionType, void *) line 114 QMI_LOC_EVENT_POSITION_REPORT_IND_V02
08-21 10:50:38.389  1284  3308 E LocSvc_libulp: I/int ulp_brain_process_gnss_position_report(enum loc_sess_status, LocPosTechMask, UlpLocation *, const GpsLocationExtended *, const void *), transition provider returned = 0
08-21 10:50:38.390  1284  3308 E LocSvc_libulp: I/int ulp_brain_process_gnss_position_report(enum loc_sess_status, LocPosTechMask, UlpLocation *, const GpsLocationExtended *, const void *), report GNSS position/status to hybrid fix requests = 0
08-21 10:50:38.896  1284  3308 E LocSvc_libulp: I/int ulp_msg_process_system_update(const UlpSystemEvent): systemEvent:5 
08-21 10:50:38.896  1284  3308 E LocSvc_libulp: I/===> int ulp_brain_turn_onoff_dr_provider() line 848 
08-21 10:50:38.896  1284  3308 E LocSvc_libulp: I/===> int ulp_dr_stop_engine() line 235 
08-21 10:50:38.896  1284  3308 E LocSvc_libulp: I/int ulp_msg_process_start_req(), at ulp state = 1
08-21 10:50:38.896  1284  2343 E LocSvc_api_v02: I/---> locClientSendReq line 2069 QMI_LOC_GET_BEST_AVAILABLE_POSITION_REQ_V02
08-21 10:50:38.898  1284  2367 E LocSvc_ApiV02: I/<--- void globalRespCb(locClientHandleType, uint32_t, const locClientRespIndUnionType, uint32_t, void *) line 140 QMI_LOC_GET_BEST_AVAILABLE_POSITION_REQ_V02
08-21 10:50:38.898  1284  3308 E LocSvc_libulp: I/int ulp_brain_process_zpp_position_report(const enum loc_sess_status, LocPosTechMask, UlpLocation *), report ZPP position to providers,report_position = 1
08-21 10:50:38.898  1284  3308 E LocSvc_libulp: I/===> int ulp_brain_turn_onoff_dr_provider() line 848 
08-21 10:50:38.898  1284  3308 E LocSvc_libulp: I/===> int ulp_dr_stop_engine() line 235 
08-21 10:50:39.063  1284  1864 E HwCHRWebMonitor: WebMonitor [mNetWorkIsSuck=0 mUIDIsSuck=]  WebSpeed [WEBSENDSEGS=16  WEBRESENDSEGS=0  WEBRECVSEGS=0  WEBERRSEGS=0  WEBOUTRSTS=0  WEBESTABLISRST=0  WEBRTTDURATION=22  WEBRTTSEGS=15  WEBSRTT=0  WEBSNDDUPACKS=0  SENDSEGS=0  RESENDSEGS=0  RECVSEGS=0  ERRSEGS=0  OUTRSTS=0  ESTABLISRST=0  RTTDURATION=0  RTTSEGS=0  SNDDUPACKS=0  suckTimes=0 recovage_times=0]
08-21 10:50:39.063  1284  1864 E HwCHRWifiRSSIGroupSummery: updateTcpSummery mRSSI:-58  HwCHRWifiRSSIGroup [rssi_index=4, rtt_tcp_packets=22224, rtt_tcp_duration=35791, rtt_lan_duration=19953, rtt_lan_failures=0, rtt_lan_succ=804, rtt_lan_max=600, rtt_lan_min=3,same_area_frequency=0,adjacent_area_frequency=0]
08-21 10:50:39.067  1284  1864 E HwCHRWebMonitor: HwCHRWifiPacketCnt [mTXGood=0, mTXbad=0, mRXGood=32] rssi=-58
08-21 10:50:39.067  1284  1864 E HwCHRWebMonitor: Good NetWork Traffic , so mOnAppSuckTime, mUnModifyCount reset 0
08-21 10:50:39.384  1284  2367 E LocSvc_ApiV02: I/<--- void globalEventCb(locClientHandleType, uint32_t, const locClientEventIndUnionType, void *) line 114 QMI_LOC_EVENT_GNSS_SV_INFO_IND_V02
08-21 10:50:39.384  1284  3308 E LocSvc_libulp: I/int ulp_brain_process_gnss_sv_report(const GnssSvStatus *), gnss sv report cnt = 237024, gnss pos report cnt = 1393,strong sv cnt = 0
08-21 10:50:39.384  1284  2343 E LocSvc_eng: E/Calling gnss_sv_status_cb
08-21 10:50:39.389  1284  2367 E LocSvc_ApiV02: I/<--- void globalEventCb(locClientHandleType, uint32_t, const locClientEventIndUnionType, void *) line 114 QMI_LOC_EVENT_POSITION_REPORT_IND_V02
08-21 10:50:39.389  1284  3308 E LocSvc_libulp: I/int ulp_brain_process_gnss_position_report(enum loc_sess_status, LocPosTechMask, UlpLocation *, const GpsLocationExtended *, const void *), transition provider returned = 0
08-21 10:50:39.389  1284  3308 E LocSvc_libulp: I/int ulp_brain_process_gnss_position_report(enum loc_sess_status, LocPosTechMask, UlpLocation *, const GpsLocationExtended *, const void *), report GNSS position/status to hybrid fix requests = 0
08-21 10:50:40.383  1284  2367 E LocSvc_ApiV02: I/<--- void globalEventCb(locClientHandleType, uint32_t, const locClientEventIndUnionType, void *) line 114 QMI_LOC_EVENT_GNSS_SV_INFO_IND_V02
08-21 10:50:40.384  1284  3308 E LocSvc_libulp: I/int ulp_brain_process_gnss_sv_report(const GnssSvStatus *), gnss sv report cnt = 237025, gnss pos report cnt = 1393,strong sv cnt = 0
08-21 10:50:40.384  1284  2343 E LocSvc_eng: E/Calling gnss_sv_status_cb
08-21 10:50:40.390  1284  2367 E LocSvc_ApiV02: I/<--- void globalEventCb(locClientHandleType, uint32_t, const locClientEventIndUnionType, void *) line 114 QMI_LOC_EVENT_POSITION_REPORT_IND_V02
08-21 10:50:40.390  1284  3308 E LocSvc_libulp: I/int ulp_brain_process_gnss_position_report(enum loc_sess_status, LocPosTechMask, UlpLocation *, const GpsLocationExtended *, const void *), transition provider returned = 0
08-21 10:50:40.390  1284  3308 E LocSvc_libulp: I/int ulp_brain_process_gnss_position_report(enum loc_sess_status, LocPosTechMask, UlpLocation *, const GpsLocationExtended *, const void *), report GNSS position/status to hybrid fix requests = 0
08-21 10:50:40.941  1284  3308 E LocSvc_libulp: I/int ulp_brain_process_monitor_request(), gnss provider state = 5, quipc provider state = 0
08-21 10:50:41.383  1284  2367 E LocSvc_ApiV02: I/<--- void globalEventCb(locClientHandleType, uint32_t, const locClientEventIndUnionType, void *) line 114 QMI_LOC_EVENT_GNSS_SV_INFO_IND_V02
08-21 10:50:41.383  1284  3308 E LocSvc_libulp: I/int ulp_brain_process_gnss_sv_report(const GnssSvStatus *), gnss sv report cnt = 237026, gnss pos report cnt = 1393,strong sv cnt = 0
08-21 10:50:41.383  1284  2343 E LocSvc_eng: E/Calling gnss_sv_status_cb
08-21 10:50:41.388  1284  2367 E LocSvc_ApiV02: I/<--- void globalEventCb(locClientHandleType, uint32_t, const locClientEventIndUnionType, void *) line 114 QMI_LOC_EVENT_POSITION_REPORT_IND_V02
08-21 10:50:41.388  1284  3308 E LocSvc_libulp: I/int ulp_brain_process_gnss_position_report(enum loc_sess_status, LocPosTechMask, UlpLocation *, const GpsLocationExtended *, const void *), transition provider returned = 0
08-21 10:50:41.388  1284  3308 E LocSvc_libulp: I/int ulp_brain_process_gnss_position_report(enum loc_sess_status, LocPosTechMask, UlpLocation *, const GpsLocationExtended *, const void *), report GNSS position/status to hybrid fix requests = 0
08-21 10:50:42.384  1284  2367 E LocSvc_ApiV02: I/<--- void globalEventCb(locClientHandleType, uint32_t, const locClientEventIndUnionType, void *) line 114 QMI_LOC_EVENT_GNSS_SV_INFO_IND_V02
08-21 10:50:42.384  1284  3308 E LocSvc_libulp: I/int ulp_brain_process_gnss_sv_report(const GnssSvStatus *), gnss sv report cnt = 237027, gnss pos report cnt = 1393,strong sv cnt = 0
08-21 10:50:42.384  1284  2343 E LocSvc_eng: E/Calling gnss_sv_status_cb
08-21 10:50:42.389  1284  2367 E LocSvc_ApiV02: I/<--- void globalEventCb(locClientHandleType, uint32_t, const locClientEventIndUnionType, void *) line 114 QMI_LOC_EVENT_POSITION_REPORT_IND_V02
08-21 10:50:42.389  1284  3308 E LocSvc_libulp: I/int ulp_brain_process_gnss_position_report(enum loc_sess_status, LocPosTechMask, UlpLocation *, const GpsLocationExtended *, const void *), transition provider returned = 0
08-21 10:50:42.389  1284  3308 E LocSvc_libulp: I/int ulp_brain_process_gnss_position_report(enum loc_sess_status, LocPosTechMask, UlpLocation *, const GpsLocationExtended *, const void *), report GNSS position/status to hybrid fix requests = 0
08-21 10:50:42.787   636   636 E         : [E/capacity_limit_control] not demo version, not set power control prop!
08-21 10:50:42.822   636   636 E         : [E/capacity_limit_control] not demo version, not set power control prop!
08-21 10:50:43.383  1284  2367 E LocSvc_ApiV02: I/<--- void globalEventCb(locClientHandleType, uint32_t, const locClientEventIndUnionType, void *) line 114 QMI_LOC_EVENT_GNSS_SV_INFO_IND_V02
08-21 10:50:43.384  1284  3308 E LocSvc_libulp: I/int ulp_brain_process_gnss_sv_report(const GnssSvStatus *), gnss sv report cnt = 237028, gnss pos report cnt = 1393,strong sv cnt = 0
08-21 10:50:43.384  1284  2343 E LocSvc_eng: E/Calling gnss_sv_status_cb
08-21 10:50:43.388  1284  2367 E LocSvc_ApiV02: I/<--- void globalEventCb(locClientHandleType, uint32_t, const locClientEventIndUnionType, void *) line 114 QMI_LOC_EVENT_POSITION_REPORT_IND_V02
08-21 10:50:43.390  1284  3308 E LocSvc_libulp: I/int ulp_brain_process_gnss_position_report(enum loc_sess_status, LocPosTechMask, UlpLocation *, const GpsLocationExtended *, const void *), transition provider returned = 0
08-21 10:50:43.390  1284  3308 E LocSvc_libulp: I/int ulp_brain_process_gnss_position_report(enum loc_sess_status, LocPosTechMask, UlpLocation *, const GpsLocationExtended *, const void *), report GNSS position/status to hybrid fix requests = 0
08-21 10:50:43.641  1284  1297 I art     : Background partial concurrent mark sweep GC freed 53646(2MB) AllocSpace objects, 5(100KB) LOS objects, 19% free, 32MB/40MB, paused 3.727ms total 242.421ms
08-21 10:50:43.941  1284  3308 E LocSvc_libulp: I/int ulp_brain_process_monitor_request(), gnss provider state = 5, quipc provider state = 0
08-21 10:50:43.992  1284  1864 E HwCHRWifiRSSIGroupSummery: updatArpSummery mRSSI:-58  HwCHRWifiRSSIGroup [rssi_index=4, rtt_tcp_packets=22224, rtt_tcp_duration=35791, rtt_lan_duration=19973, rtt_lan_failures=0, rtt_lan_succ=805, rtt_lan_max=600, rtt_lan_min=3,same_area_frequency=0,adjacent_area_frequency=0]
08-21 10:50:44.070  1284  1864 E HwCHRWebMonitor: WebMonitor [mNetWorkIsSuck=0 mUIDIsSuck=]  WebSpeed [WEBSENDSEGS=13  WEBRESENDSEGS=0  WEBRECVSEGS=0  WEBERRSEGS=0  WEBOUTRSTS=0  WEBESTABLISRST=0  WEBRTTDURATION=18  WEBRTTSEGS=12  WEBSRTT=0  WEBSNDDUPACKS=0  SENDSEGS=2  RESENDSEGS=0  RECVSEGS=1  ERRSEGS=0  OUTRSTS=0  ESTABLISRST=0  RTTDURATION=2  RTTSEGS=1  SNDDUPACKS=0  suckTimes=0 recovage_times=0]
08-21 10:50:44.070  1284  1864 E HwCHRWifiRSSIGroupSummery: updateTcpSummery mRSSI:-58  HwCHRWifiRSSIGroup [rssi_index=4, rtt_tcp_packets=22236, rtt_tcp_duration=35809, rtt_lan_duration=19973, rtt_lan_failures=0, rtt_lan_succ=805, rtt_lan_max=600, rtt_lan_min=3,same_area_frequency=0,adjacent_area_frequency=0]
08-21 10:50:44.078  1284  1864 E HwCHRWebMonitor: HwCHRWifiPacketCnt [mTXGood=3, mTXbad=0, mRXGood=20] rssi=-58
08-21 10:50:44.078  1284  1864 E HwCHRWebMonitor: Good NetWork Traffic , so mOnAppSuckTime, mUnModifyCount reset 0
